Component: Arm Compiler for Embedded 6.24 Tool: armlink [5f371500]

==============================================================================

Section Cross References

    main.o(.text.main) refers to wiring_digital.o(.text.pinMode) for pinMode
    main.o(.text.main) refers to wiring_digital.o(.text.digitalToggle) for digitalToggle
    main.o(.text.main) refers to kservice.o(.text.rt_kprintf) for rt_kprintf
    main.o(.text.main) refers to thread.o(.text.rt_thread_mdelay) for rt_thread_mdelay
    main.o(.ARM.exidx.text.main) refers to main.o(.text.main) for [Anonymous Symbol]
    board.o(.text.rt_heap_begin_get) refers to board.o(.bss.rt_heap) for rt_heap
    board.o(.ARM.exidx.text.rt_heap_begin_get) refers to board.o(.text.rt_heap_begin_get) for [Anonymous Symbol]
    board.o(.text.rt_heap_end_get) refers to board.o(.bss.rt_heap) for rt_heap
    board.o(.ARM.exidx.text.rt_heap_end_get) refers to board.o(.text.rt_heap_end_get) for [Anonymous Symbol]
    board.o(.text.rt_hw_board_init) refers to hc32_ddl.o(.text.LL_PERIPH_WE) for LL_PERIPH_WE
    board.o(.text.rt_hw_board_init) refers to sysclock.o(.text.clock_init) for clock_init
    board.o(.text.rt_hw_board_init) refers to delay.o(.text.delay_init) for delay_init
    board.o(.text.rt_hw_board_init) refers to components.o(.text.rt_components_board_init) for rt_components_board_init
    board.o(.text.rt_hw_board_init) refers to board.o(.text.rt_heap_begin_get) for rt_heap_begin_get
    board.o(.text.rt_hw_board_init) refers to board.o(.text.rt_heap_end_get) for rt_heap_end_get
    board.o(.text.rt_hw_board_init) refers to mem.o(.text.rt_system_heap_init) for rt_system_heap_init
    board.o(.ARM.exidx.text.rt_hw_board_init) refers to board.o(.text.rt_hw_board_init) for [Anonymous Symbol]
    board.o(.text.SysTick_Handler) refers to irq.o(.text.rt_interrupt_enter) for rt_interrupt_enter
    board.o(.text.SysTick_Handler) refers to clock.o(.text.rt_tick_increase) for rt_tick_increase
    board.o(.text.SysTick_Handler) refers to delay.o(.bss.systick_ticks) for systick_ticks
    board.o(.text.SysTick_Handler) refers to irq.o(.text.rt_interrupt_leave) for rt_interrupt_leave
    board.o(.ARM.exidx.text.SysTick_Handler) refers to board.o(.text.SysTick_Handler) for [Anonymous Symbol]
    board.o(.text.rt_hw_console_output) refers to kservice.o(.text.rt_strlen) for rt_strlen
    board.o(.text.rt_hw_console_output) refers to putchar.o(.text) for putchar
    board.o(.ARM.exidx.text.rt_hw_console_output) refers to board.o(.text.rt_hw_console_output) for [Anonymous Symbol]
    board.o(.ARM.exidx.text.rt_hw_console_getchar) refers to board.o(.text.rt_hw_console_getchar) for [Anonymous Symbol]
    initboard.o(.text._Z9boardInitv) refers to usart.o(.bss.Serial1) for Serial1
    initboard.o(.text._Z9boardInitv) refers to usart.o(.text._ZN5Usart5beginEj) for Usart::begin(unsigned int)
    initboard.o(.ARM.exidx.text._Z9boardInitv) refers to initboard.o(.text._Z9boardInitv) for [Anonymous Symbol]
    initboard.o(.rti_fn.1) refers to initboard.o(.text._Z9boardInitv) for boardInit()
    delay.o(.text.delay_init) refers to hc32f460_utility.o(.text.SysTick_Init) for SysTick_Init
    delay.o(.ARM.exidx.text.delay_init) refers to delay.o(.text.delay_init) for [Anonymous Symbol]
    delay.o(.text.millis) refers to delay.o(.bss.systick_ticks) for systick_ticks
    delay.o(.ARM.exidx.text.millis) refers to delay.o(.text.millis) for [Anonymous Symbol]
    delay.o(.text.micros) refers to delay.o(.bss.systick_ticks) for systick_ticks
    delay.o(.text.micros) refers to system_hc32f460.o(.data.SystemCoreClock) for SystemCoreClock
    delay.o(.ARM.exidx.text.micros) refers to delay.o(.text.micros) for [Anonymous Symbol]
    delay.o(.text.delay_ms) refers to delay.o(.bss.systick_ticks) for systick_ticks
    delay.o(.ARM.exidx.text.delay_ms) refers to delay.o(.text.delay_ms) for [Anonymous Symbol]
    delay.o(.text.delay_us) refers to system_hc32f460.o(.data.SystemCoreClock) for SystemCoreClock
    delay.o(.ARM.exidx.text.delay_us) refers to delay.o(.text.delay_us) for [Anonymous Symbol]
    system.o(.text) refers (Special) to _printf_percent.o(.ARM.Collect$$_printf_percent$$00000000) for _printf_percent
    system.o(.text) refers (Special) to _printf_pad.o(.text) for _printf_pre_padding
    system.o(.text) refers (Special) to _printf_d.o(.ARM.Collect$$_printf_percent$$00000009) for _printf_d
    system.o(.text) refers (Special) to _printf_dec.o(.text) for _printf_int_dec
    system.o(.text.en_result_to_string) refers (Special) to _printf_percent.o(.ARM.Collect$$_printf_percent$$00000000) for _printf_percent
    system.o(.text.en_result_to_string) refers (Special) to _printf_pad.o(.text) for _printf_pre_padding
    system.o(.text.en_result_to_string) refers (Special) to _printf_d.o(.ARM.Collect$$_printf_percent$$00000009) for _printf_d
    system.o(.text.en_result_to_string) refers (Special) to _printf_dec.o(.text) for _printf_int_dec
[...]
    rt_object_allocate                       0x000060ad   Thumb Code   190  object.o(.text.rt_object_allocate)
    rt_object_delete                         0x0000616d   Thumb Code   100  object.o(.text.rt_object_delete)
    rt_object_detach                         0x000061fd   Thumb Code    56  object.o(.text.rt_object_detach)
    rt_object_get_type                       0x00006249   Thumb Code    32  object.o(.text.rt_object_get_type)
    rt_object_init                           0x0000627d   Thumb Code   164  object.o(.text.rt_object_init)
    rt_object_is_systemobject                0x00006331   Thumb Code    32  object.o(.text.rt_object_is_systemobject)
    rt_schedule                              0x0000636d   Thumb Code   184  scheduler.o(.text.rt_schedule)
    rt_schedule_insert_thread                0x00006479   Thumb Code   104  scheduler.o(.text.rt_schedule_insert_thread)
    rt_schedule_remove_thread                0x000064fd   Thumb Code   104  scheduler.o(.text.rt_schedule_remove_thread)
    rt_sem_init                              0x00006581   Thumb Code   100  ipc.o(.text.rt_sem_init)
    rt_sem_release                           0x000065e5   Thumb Code   132  ipc.o(.text.rt_sem_release)
    rt_sem_take                              0x00006669   Thumb Code   376  ipc.o(.text.rt_sem_take)
    rt_show_version                          0x00006819   Thumb Code    60  kservice.o(.text.rt_show_version)
    rt_strlen                                0x000068e1   Thumb Code    16  kservice.o(.text.rt_strlen)
    rt_strncpy                               0x000068f1   Thumb Code    64  kservice.o(.text.rt_strncpy)
    rt_system_heap_init                      0x00006931   Thumb Code   212  mem.o(.text.rt_system_heap_init)
    rt_system_scheduler_init                 0x00006a49   Thumb Code    80  scheduler.o(.text.rt_system_scheduler_init)
    rt_system_scheduler_start                0x00006a99   Thumb Code    56  scheduler.o(.text.rt_system_scheduler_start)
    rt_system_timer_init                     0x00006ad1   Thumb Code    14  timer.o(.text.rt_system_timer_init)
    rt_system_timer_thread_init              0x00006ae1   Thumb Code     2  timer.o(.text.rt_system_timer_thread_init)
    rt_thread_create                         0x00006ae5   Thumb Code    70  thread.o(.text.rt_thread_create)
    rt_thread_exit                           0x00006b2d   Thumb Code   110  thread.o(.text.rt_thread_exit)
    rt_thread_idle_excute                    0x00006ba5   Thumb Code   108  idle.o(.text.rt_thread_idle_excute)
    rt_thread_idle_init                      0x00006c3d   Thumb Code    72  idle.o(.text.rt_thread_idle_init)
    rt_thread_init                           0x00006c8d   Thumb Code   112  thread.o(.text.rt_thread_init)
    rt_thread_mdelay                         0x00006d15   Thumb Code    14  thread.o(.text.rt_thread_mdelay)
    rt_thread_resume                         0x00006d25   Thumb Code   130  thread.o(.text.rt_thread_resume)
    rt_thread_self                           0x00006da9   Thumb Code    12  thread.o(.text.rt_thread_self)
    rt_thread_sleep                          0x00006db5   Thumb Code   134  thread.o(.text.rt_thread_sleep)
    rt_thread_startup                        0x00006e3d   Thumb Code   140  thread.o(.text.rt_thread_startup)
    rt_thread_suspend                        0x00006f01   Thumb Code   126  thread.o(.text.rt_thread_suspend)
    rt_thread_timeout                        0x00006f81   Thumb Code   132  thread.o(.text.rt_thread_timeout)
    rt_thread_yield                          0x00007041   Thumb Code   112  thread.o(.text.rt_thread_yield)
    rt_tick_from_millisecond                 0x000070b1   Thumb Code     6  clock.o(.text.rt_tick_from_millisecond)
    rt_tick_get                              0x000070b9   Thumb Code    12  clock.o(.text.rt_tick_get)
    rt_tick_increase                         0x000070c5   Thumb Code    52  clock.o(.text.rt_tick_increase)
    rt_timer_check                           0x000070f9   Thumb Code   176  timer.o(.text.rt_timer_check)
    rt_timer_control                         0x000071a9   Thumb Code   136  timer.o(.text.rt_timer_control)
    rt_timer_detach                          0x00007231   Thumb Code   128  timer.o(.text.rt_timer_detach)
    rt_timer_init                            0x000072dd   Thumb Code    76  timer.o(.text.rt_timer_init)
    rt_timer_start                           0x00007339   Thumb Code   224  timer.o(.text.rt_timer_start)
    rt_timer_stop                            0x0000743d   Thumb Code   116  timer.o(.text.rt_timer_stop)
    rt_vsnprintf                             0x000074b1   Thumb Code   868  kservice.o(.text.rt_vsnprintf)
    rtthread_startup                         0x0000782d   Thumb Code   112  components.o(.text.rtthread_startup)
    update_system_clock_frequencies          0x0000789d   Thumb Code    58  sysclock.o(.text.update_system_clock_frequencies)
    usart_sync_init                          0x000078d9   Thumb Code   216  usart_sync.o(.text.usart_sync_init)
    usart_sync_write                         0x000079b1   Thumb Code    68  usart_sync.o(.text.usart_sync_write)
    _btod_d2e                                0x000079f5   Thumb Code    62  btod.o(CL$$btod_d2e)
    _d2e_denorm_low                          0x00007a33   Thumb Code    70  btod.o(CL$$btod_d2e_denorm_low)
    _d2e_norm_op1                            0x00007a79   Thumb Code    96  btod.o(CL$$btod_d2e_norm_op1)
    __btod_div_common                        0x00007ad9   Thumb Code   696  btod.o(CL$$btod_div_common)
    _e2e                                     0x00007e11   Thumb Code   220  btod.o(CL$$btod_e2e)
    _btod_ediv                               0x00007eed   Thumb Code    42  btod.o(CL$$btod_ediv)
    _btod_emul                               0x00007f17   Thumb Code    42  btod.o(CL$$btod_emul)
    __btod_mult_common                       0x00007f41   Thumb Code   580  btod.o(CL$$btod_mult_common)
    __ARM_fpclassify                         0x00008185   Thumb Code    48  fpclassify.o(i.__ARM_fpclassify)
    _is_digit                                0x000081b5   Thumb Code    14  __printf_wp.o(i._is_digit)
    _get_lc_ctype                            0x000081c5   Thumb Code    44  lc_ctype_c.o(locale$$code)
    _get_lc_numeric                          0x000081f1   Thumb Code    44  lc_numeric_c.o(locale$$code)
    _fp_init                                 0x0000821d   Thumb Code    26  fpinit.o(x$fpl$fpinit)
    __fplib_config_fpu_vfp                   0x00008235   Thumb Code     0  fpinit.o(x$fpl$fpinit)
    __fplib_config_pureend_doubles           0x00008235   Thumb Code     0  fpinit.o(x$fpl$fpinit)
    _printf_fp_dec                           0x00008237   Thumb Code     4  printf1.o(x$fpl$printf1)
    _printf_fp_hex                           0x0000823b   Thumb Code     4  printf2.o(x$fpl$printf2)
    __I$use$fp                               0x0000823e   Number         0  usenofp.o(x$fpl$usenofp)
    PIN_MAP                                  0x0000833c   Data         249  variant.o(.rodata.PIN_MAP)
    vtable for Usart                         0x00008438   Data          52  usart.o(.rodata._ZTV5Usart)
    __lowest_bit_bitmap                      0x0000846c   Data         256  kservice.o(.rodata.__lowest_bit_bitmap)
    __rt_init_rti_start                      0x00008bd8   Data           4  components.o(.rti_fn.0)
    __rt_init_rti_board_start                0x00008bdc   Data           4  components.o(.rti_fn.0.end)
    __rt_init_rti_board_end                  0x00008be4   Data           4  components.o(.rti_fn.1.end)
    __rt_init_rti_end                        0x00008be8   Data           4  components.o(.rti_fn.6.end)
    Region$$Table$$Base                      0x00008bec   Number         0  anon$$obj.o(Region$$Table)
    Region$$Table$$Limit                     0x00008c0c   Number         0  anon$$obj.o(Region$$Table)
    __ctype                                  0x00008c19   Data           0  lc_ctype_c.o(locale$$data)
    SHT$$INIT_ARRAY$$Base                    0x00008d38   Number         0  usart.o(.init_array)
    SHT$$INIT_ARRAY$$Limit                   0x00008d3c   Number         0  init_aeabi.o(.init_array)
    __cxa_finalize_instance                  0x1fff8000   Data           4  cxa_finalize.o(.data)
    _atexit_mutex                            0x1fff8004   Data           4  atexit_init.o(.data)
    ADC1_device                              0x1fff8008   Data          16  adc_config.o(.data.ADC1_device)
    HRC_VALUE                                0x1fff8018   Data           4  system_hc32f460.o(.data.HRC_VALUE)
    SystemCoreClock                          0x1fff801c   Data           4  system_hc32f460.o(.data.SystemCoreClock)
    TIMERA1_config                           0x1fff8020   Data          28  timera_config.o(.data.TIMERA1_config)
    TIMERA2_config                           0x1fff803c   Data          28  timera_config.o(.data.TIMERA2_config)
    TIMERA3_config                           0x1fff8058   Data          28  timera_config.o(.data.TIMERA3_config)
    TIMERA4_config                           0x1fff8074   Data          28  timera_config.o(.data.TIMERA4_config)
    TIMERA5_config                           0x1fff8090   Data          28  timera_config.o(.data.TIMERA5_config)
    TIMERA6_config                           0x1fff80ac   Data          28  timera_config.o(.data.TIMERA6_config)
    USART1_config                            0x1fff80c8   Data          56  usart_config.o(.data.USART1_config)
    USART2_config                            0x1fff8100   Data          56  usart_config.o(.data.USART2_config)
    USART3_config                            0x1fff8138   Data          56  usart_config.o(.data.USART3_config)
    USART4_config                            0x1fff8170   Data          56  usart_config.o(.data.USART4_config)
    USARTx                                   0x1fff81a8   Data          16  usart_config.o(.data.USARTx)
    __libspace_start                         0x1fff81e8   Data          96  libspace.o(.bss)
    IrqHandler                               0x1fff8248   Data         512  hc32f460_interrupts.o(.bss.IrqHandler)
    __temporary_stack_top$libspace           0x1fff8248   Data           0  libspace.o(.bss)
    SYSTEM_CLOCK_FREQUENCIES                 0x1fff8448   Data          32  sysclock.o(.bss.SYSTEM_CLOCK_FREQUENCIES)
    Serial1                                  0x1fff8468   Data          36  usart.o(.bss.Serial1)
    IRQnManager::bitfield_                   0x1fff858c   Data          18  irqn.o(.bss._ZN11IRQnManager9bitfield_E)
    __stdout                                 0x1fff85a0   Data          84  syscalls.o(.bss.__stdout)
    rt_assert_hook                           0x1fff86a4   Data           4  kservice.o(.bss.rt_assert_hook)
    rt_current_priority                      0x1fff86a8   Data           1  scheduler.o(.bss.rt_current_priority)
    rt_current_thread                        0x1fff86ac   Data           4  scheduler.o(.bss.rt_current_thread)
    rt_interrupt_from_thread                 0x200006b4   Data           4  cpuport.o(.bss.rt_interrupt_from_thread)
    rt_interrupt_nest                        0x200006b8   Data           1  irq.o(.bss.rt_interrupt_nest)
    rt_interrupt_to_thread                   0x200006bc   Data           4  cpuport.o(.bss.rt_interrupt_to_thread)
    rt_thread_defunct                        0x200007c4   Data           8  scheduler.o(.bss.rt_thread_defunct)
    rt_thread_priority_table                 0x200007cc   Data          64  scheduler.o(.bss.rt_thread_priority_table)
    rt_thread_ready_priority_group           0x2000080c   Data           4  scheduler.o(.bss.rt_thread_ready_priority_group)
    rt_thread_switch_interrupt_flag          0x20000910   Data           4  cpuport.o(.bss.rt_thread_switch_interrupt_flag)
    systick_ticks                            0x20000924   Data           4  delay.o(.bss.systick_ticks)



==============================================================================

Memory Map of the image

  Image Entry point : 0x00000281

  Load Region LR_IROM1 (Base: 0x00000000, Size: 0x00008f28, Max: 0x00080000, ABSOLUTE, COMPRESSED[0x00008e48])

    Execution Region ER_IROM1 (Exec base: 0x00000000, Load base: 0x00000000, Size: 0x00008d3c, Max: 0x00080000, ABSOLUTE)

    Exec Addr    Load Addr    Size         Type   Attr      Idx    E Section Name        Object

    0x00000000   0x00000000   0x00000280   Data   RO          116    RESET               startup_hc32f460.o
    0x00000280   0x00000280   0x00000008   Code   RO         2418  * !!!main             c_w.l(__main.o)
    0x00000288   0x00000288   0x0000005c   Code   RO         2946    !!!scatter          c_w.l(__scatter.o)
    0x000002e4   0x000002e4   0x0000003a   Code   RO         2944    !!dczerorl          c_w.l(__dczerorl.o)
    0x0000031e   0x0000031e   0x00000002   PAD
    0x00000320   0x00000320   0x00000002   Code   RO         2947    !!handler_null      c_w.l(__scatter.o)
    0x00000322   0x00000322   0x00000002   PAD
    0x00000324   0x00000324   0x0000001c   Code   RO         2950    !!handler_zi        c_w.l(__scatter_zi.o)
    0x00000340   0x00000340   0x00000000   Code   RO         2370    .ARM.Collect$$_printf_percent$$00000000  c_w.l(_printf_percent.o)
    0x00000340   0x00000340   0x00000006   Code   RO         2556    .ARM.Collect$$_printf_percent$$00000001  c_w.l(_printf_n.o)
    0x00000346   0x00000346   0x00000006   Code   RO         2558    .ARM.Collect$$_printf_percent$$00000002  c_w.l(_printf_p.o)
    0x0000034c   0x0000034c   0x00000006   Code   RO         2562    .ARM.Collect$$_printf_percent$$00000003  c_w.l(_printf_f.o)
    0x00000352   0x00000352   0x00000006   Code   RO         2563    .ARM.Collect$$_printf_percent$$00000004  c_w.l(_printf_e.o)
    0x00000358   0x00000358   0x00000006   Code   RO         2564    .ARM.Collect$$_printf_percent$$00000005  c_w.l(_printf_g.o)
    0x0000035e   0x0000035e   0x00000006   Code   RO         2565    .ARM.Collect$$_printf_percent$$00000006  c_w.l(_printf_a.o)
    0x00000364   0x00000364   0x0000000a   Code   RO         2570    .ARM.Collect$$_printf_percent$$00000007  c_w.l(_printf_ll.o)
    0x0000036e   0x0000036e   0x00000006   Code   RO         2560    .ARM.Collect$$_printf_percent$$00000008  c_w.l(_printf_i.o)
    0x00000374   0x00000374   0x00000006   Code   RO         2369    .ARM.Collect$$_printf_percent$$00000009  c_w.l(_printf_d.o)
    0x0000037a   0x0000037a   0x00000006   Code   RO         2561    .ARM.Collect$$_printf_percent$$0000000A  c_w.l(_printf_u.o)
    0x00000380   0x00000380   0x00000006   Code   RO         2559    .ARM.Collect$$_printf_percent$$0000000B  c_w.l(_printf_o.o)
    0x00000386   0x00000386   0x00000006   Code   RO         2557    .ARM.Collect$$_printf_percent$$0000000C  c_w.l(_printf_x.o)
    0x0000038c   0x0000038c   0x00000006   Code   RO         2567    .ARM.Collect$$_printf_percent$$0000000D  c_w.l(_printf_lli.o)
    0x00000392   0x00000392   0x00000006   Code   RO         2568    .ARM.Collect$$_printf_percent$$0000000E  c_w.l(_printf_lld.o)
    0x00000398   0x00000398   0x00000006   Code   RO         2569    .ARM.Collect$$_printf_percent$$0000000F  c_w.l(_printf_llu.o)
    0x0000039e   0x0000039e   0x00000006   Code   RO         2574    .ARM.Collect$$_printf_percent$$00000010  c_w.l(_printf_llo.o)
    0x000003a4   0x000003a4   0x00000006   Code   RO         2575    .ARM.Collect$$_printf_percent$$00000011  c_w.l(_printf_llx.o)
    0x000003aa   0x000003aa   0x0000000a   Code   RO         2571    .ARM.Collect$$_printf_percent$$00000012  c_w.l(_printf_l.o)
    0x000003b4   0x000003b4   0x00000006   Code   RO         2554    .ARM.Collect$$_printf_percent$$00000013  c_w.l(_printf_c.o)
    0x000003ba   0x000003ba   0x00000006   Code   RO         2555    .ARM.Collect$$_printf_percent$$00000014  c_w.l(_printf_s.o)
    0x000003c0   0x000003c0   0x00000006   Code   RO         2572    .ARM.Collect$$_printf_percent$$00000015  c_w.l(_printf_lc.o)
    0x000003c6   0x000003c6   0x00000006   Code   RO         2573    .ARM.Collect$$_printf_percent$$00000016  c_w.l(_printf_ls.o)
    0x000003cc   0x000003cc   0x00000004   Code   RO         2566    .ARM.Collect$$_printf_percent$$00000017  c_w.l(_printf_percent_end.o)
    0x000003d0   0x000003d0   0x00000002   Code   RO         2815    .ARM.Collect$$libinit$$00000000  c_w.l(libinit.o)
    0x000003d2   0x000003d2   0x00000004   Code   RO         2595    .ARM.Collect$$libinit$$00000001  c_w.l(libinit2.o)
    0x000003d6   0x000003d6   0x00000000   Code   RO         2598    .ARM.Collect$$libinit$$00000004  c_w.l(libinit2.o)
    0x000003d6   0x000003d6   0x00000000   Code   RO         2600    .ARM.Collect$$libinit$$00000006  c_w.l(libinit2.o)
    0x000003d6   0x000003d6   0x00000008   Code   RO         2601    .ARM.Collect$$libinit$$00000007  c_w.l(libinit2.o)
    0x000003de   0x000003de   0x00000000   Code   RO         2603    .ARM.Collect$$libinit$$0000000C  c_w.l(libinit2.o)
    0x000003de   0x000003de   0x00000000   Code   RO         2605    .ARM.Collect$$libinit$$0000000E  c_w.l(libinit2.o)
    0x000003de   0x000003de   0x00000000   Code   RO         2607    .ARM.Collect$$libinit$$00000010  c_w.l(libinit2.o)
    0x000003de   0x000003de   0x00000006   Code   RO         2608    .ARM.Collect$$libinit$$00000011  c_w.l(libinit2.o)
    0x000003e4   0x000003e4   0x00000000   Code   RO         2610    .ARM.Collect$$libinit$$00000013  c_w.l(libinit2.o)
    0x000003e4   0x000003e4   0x0000000c   Code   RO         2611    .ARM.Collect$$libinit$$00000014  c_w.l(libinit2.o)
    0x000003f0   0x000003f0   0x00000000   Code   RO         2612    .ARM.Collect$$libinit$$00000015  c_w.l(libinit2.o)
    0x000003f0   0x000003f0   0x00000000   Code   RO         2614    .ARM.Collect$$libinit$$00000017  c_w.l(libinit2.o)
    0x000003f0   0x000003f0   0x0000000a   Code   RO         2615    .ARM.Collect$$libinit$$00000018  c_w.l(libinit2.o)
    0x000003fa   0x000003fa   0x00000000   Code   RO         2616    .ARM.Collect$$libinit$$00000019  c_w.l(libinit2.o)
    0x000003fa   0x000003fa   0x00000000   Code   RO         2618    .ARM.Collect$$libinit$$0000001B  c_w.l(libinit2.o)
    0x000003fa   0x000003fa   0x00000004   Code   RO         2619    .ARM.Collect$$libinit$$0000001C  c_w.l(libinit2.o)
    0x000003fe   0x000003fe   0x00000000   Code   RO         2620    .ARM.Collect$$libinit$$0000001D  c_w.l(libinit2.o)
    0x000003fe   0x000003fe   0x00000000   Code   RO         2622    .ARM.Collect$$libinit$$0000001F  c_w.l(libinit2.o)
    0x000003fe   0x000003fe   0x00000000   Code   RO         2624    .ARM.Collect$$libinit$$00000021  c_w.l(libinit2.o)
    0x000003fe   0x000003fe   0x00000000   Code   RO         2626    .ARM.Collect$$libinit$$00000023  c_w.l(libinit2.o)
    0x000003fe   0x000003fe   0x00000000   Code   RO         2628    .ARM.Collect$$libinit$$00000025  c_w.l(libinit2.o)
    0x000003fe   0x000003fe   0x00000000   Code   RO         2630    .ARM.Collect$$libinit$$00000027  c_w.l(libinit2.o)
    0x000003fe   0x000003fe   0x00000000   Code   RO         2634    .ARM.Collect$$libinit$$0000002E  c_w.l(libinit2.o)
    0x000003fe   0x000003fe   0x00000000   Code   RO         2636    .ARM.Collect$$libinit$$00000030  c_w.l(libinit2.o)
    0x000003fe   0x000003fe   0x00000000   Code   RO         2638    .ARM.Collect$$libinit$$00000032  c_w.l(libinit2.o)
    0x000003fe   0x000003fe   0x00000004   Code   RO         2639    .ARM.Collect$$libinit$$00000033  c_w.l(libinit2.o)
    0x00000402   0x00000402   0x00000000   Code   RO         2640    .ARM.Collect$$libinit$$00000034  c_w.l(libinit2.o)
    0x00000402   0x00000402   0x00000002   Code   RO         2641    .ARM.Collect$$libinit$$00000035  c_w.l(libinit2.o)
    0x00000404   0x00000404   0x00000002   Code   RO         2912    .ARM.Collect$$libshutdown$$00000000  c_w.l(libshutdown.o)
    0x00000406   0x00000406   0x00000006   Code   RO         2816    .ARM.Collect$$libshutdown$$00000001  c_w.l(libshutdown2.o)
    0x0000040c   0x0000040c   0x00000000   Code   RO         2817    .ARM.Collect$$libshutdown$$00000002  c_w.l(libshutdown2.o)
    0x0000040c   0x0000040c   0x00000000   Code   RO         2819    .ARM.Collect$$libshutdown$$00000004  c_w.l(libshutdown2.o)
    0x0000040c   0x0000040c   0x00000000   Code   RO         2822    .ARM.Collect$$libshutdown$$00000007  c_w.l(libshutdown2.o)
    0x0000040c   0x0000040c   0x00000000   Code   RO         2825    .ARM.Collect$$libshutdown$$0000000A  c_w.l(libshutdown2.o)
    0x0000040c   0x0000040c   0x00000000   Code   RO         2827    .ARM.Collect$$libshutdown$$0000000C  c_w.l(libshutdown2.o)
    0x0000040c   0x0000040c   0x00000000   Code   RO         2830    .ARM.Collect$$libshutdown$$0000000F  c_w.l(libshutdown2.o)
    0x0000040c   0x0000040c   0x00000002   Code   RO         2831    .ARM.Collect$$libshutdown$$00000010  c_w.l(libshutdown2.o)
    0x0000040e   0x0000040e   0x00000000   Code   RO         2468    .ARM.Collect$$rtentry$$00000000  c_w.l(__rtentry.o)
    0x0000040e   0x0000040e   0x00000000   Code   RO         2677    .ARM.Collect$$rtentry$$00000002  c_w.l(__rtentry2.o)
    0x0000040e   0x0000040e   0x00000006   Code   RO         2689    .ARM.Collect$$rtentry$$00000004  c_w.l(__rtentry4.o)
    0x00000414   0x00000414   0x00000000   Code   RO         2679    .ARM.Collect$$rtentry$$00000009  c_w.l(__rtentry2.o)
    0x00000414   0x00000414   0x00000004   Code   RO         2680    .ARM.Collect$$rtentry$$0000000A  c_w.l(__rtentry2.o)
    0x00000418   0x00000418   0x00000000   Code   RO         2682    .ARM.Collect$$rtentry$$0000000C  c_w.l(__rtentry2.o)
    0x00000418   0x00000418   0x00000008   Code   RO         2683    .ARM.Collect$$rtentry$$0000000D  c_w.l(__rtentry2.o)
    0x00000420   0x00000420   0x00000002   Code   RO         2836    .ARM.Collect$$rtexit$$00000000  c_w.l(rtexit.o)
    0x00000422   0x00000422   0x00000000   Code   RO         2874    .ARM.Collect$$rtexit$$00000002  c_w.l(rtexit2.o)
    0x00000422   0x00000422   0x00000004   Code   RO         2875    .ARM.Collect$$rtexit$$00000003  c_w.l(rtexit2.o)
    0x00000426   0x00000426   0x00000006   Code   RO         2876    .ARM.Collect$$rtexit$$00000004  c_w.l(rtexit2.o)
    0x0000042c   0x0000042c   0x00000080   Code   RO          117    .text               startup_hc32f460.o
    0x000004ac   0x000004ac   0x00000134   Code   RO         1569    .text               context_rvds.o
    0x000005e0   0x000005e0   0x00000002   Code   RO         2255    .text               c_w.l(use_no_semi_2.o)
    0x000005e2   0x000005e2   0x00000002   PAD
    0x000005e4   0x000005e4   0x00000010   Code   RO         2257    .text               c_w.l(rt_ctype_table.o)
    0x000005f4   0x000005f4   0x0000005e   Code   RO         2265    .text               c_w.l(h1_alloc.o)
    0x00000652   0x00000652   0x0000004e   Code   RO         2267    .text               c_w.l(h1_free.o)
    0x000006a0   0x000006a0   0x000000f0   Code   RO         2327    .text               c_w.l(lludivv7m.o)
    0x00000790   0x00000790   0x0000003c   Code   RO         2333    .text               c_w.l(vsnprintf.o)
    0x000007cc   0x000007cc   0x0000004e   Code   RO         2345    .text               c_w.l(_printf_pad.o)
    0x0000081a   0x0000081a   0x00000002   PAD
    0x0000081c   0x0000081c   0x00000078   Code   RO         2347    .text               c_w.l(_printf_dec.o)
    0x00000894   0x00000894   0x00000188   Code   RO         2366    .text               c_w.l(__printf_flags_ss_wp.o)
    0x00000a1c   0x00000a1c   0x0000000c   Code   RO         2373    .text               c_w.l(putchar.o)
    0x00000a28   0x00000a28   0x0000000a   Code   RO         2383    .text               c_w.l(cxa_atexit.o)
    0x00000a32   0x00000a32   0x00000010   Code   RO         2404    .text               c_w.l(aeabi_memset.o)
    0x00000a42   0x00000a42   0x00000044   Code   RO         2408    .text               c_w.l(rt_memclr.o)
    0x00000a86   0x00000a86   0x0000004e   Code   RO         2410    .text               c_w.l(rt_memclr_w.o)
    0x00000ad4   0x00000ad4   0x00000004   PAD
    0x00000ad8   0x00000ad8   0x0000007c   Code   RO         2414    .text               c_w.l(strcmpv7em.o)
    0x00000b54   0x00000b54   0x00000006   Code   RO         2416    .text               c_w.l(heapauxi.o)
    0x00000b5a   0x00000b5a   0x00000002   PAD
    0x00000b5c   0x00000b5c   0x0000002c   Code   RO         2423    .text               c_w.l(init_aeabi.o)
    0x00000b88   0x00000b88   0x00000002   Code   RO         2464    .text               c_w.l(use_no_semi.o)
    0x00000b8a   0x00000b8a   0x00000004   Code   RO         2466    .text               c_w.l(mutex_dummy.o)
    0x00000b8e   0x00000b8e   0x00000002   PAD
    0x00000b90   0x00000b90   0x00000008   Code   RO         2476    .text               c_w.l(rt_heap_descriptor_intlibspace.o)
    0x00000b98   0x00000b98   0x00000008   Code   RO         2481    .text               c_w.l(rt_locale_intlibspace.o)
    0x00000ba0   0x00000ba0   0x00000004   Code   RO         2488    .text               c_w.l(hguard.o)
    0x00000ba4   0x00000ba4   0x0000008a   Code   RO         2490    .text               c_w.l(init_alloc.o)
    0x00000c2e   0x00000c2e   0x0000000c   Code   RO         2494    .text               c_w.l(h1_init.o)
    0x00000c3a   0x00000c3a   0x00000024   Code   RO         2508    .text               c_w.l(_printf_truncate.o)
    0x00000c5e   0x00000c5e   0x00000052   Code   RO         2510    .text               c_w.l(_printf_str.o)
    0x00000cb0   0x00000cb0   0x000000b2   Code   RO         2512    .text               c_w.l(_printf_intcommon.o)
    0x00000d62   0x00000d62   0x00000028   Code   RO         2514    .text               c_w.l(_printf_charcount.o)
    0x00000d8a   0x00000d8a   0x00000002   PAD
    0x00000d8c   0x00000d8c   0x00000030   Code   RO         2516    .text               c_w.l(_printf_char_common.o)
    0x00000dbc   0x00000dbc   0x00000010   Code   RO         2520    .text               c_w.l(_snputc.o)
    0x00000dcc   0x00000dcc   0x000000bc   Code   RO         2522    .text               c_w.l(_printf_wctomb.o)
    0x00000e88   0x00000e88   0x0000007c   Code   RO         2525    .text               c_w.l(_printf_longlong_dec.o)
    0x00000f04   0x00000f04   0x00000070   Code   RO         2531    .text               c_w.l(_printf_oct_int_ll.o)
    0x00000f74   0x00000f74   0x00000094   Code   RO         2551    .text               c_w.l(_printf_hex_int_ll_ptr.o)
    0x00001008   0x00001008   0x00000048   Code   RO         2586    .text               c_w.l(aeabi_atexit.o)
    0x00001050   0x00001050   0x00000008   Code   RO         2673    .text               c_w.l(libspace.o)
    0x00001058   0x00001058   0x00000008   Code   RO         2696    .text               c_w.l(rt_ddtor_pointer_addr_intlibspace.o)
    0x00001060   0x00001060   0x00000000   Code   RO         2700    .text               c_w.l(maybetermalloc1.o)
    0x00001060   0x00001060   0x00000034   Code   RO         2702    .text               c_w.l(h1_extend.o)
    0x00001094   0x00001094   0x0000008a   Code   RO         2706    .text               c_w.l(lludiv10.o)
    0x0000111e   0x0000111e   0x0000041c   Code   RO         2710    .text               c_w.l(_printf_fp_dec.o)
    0x0000153a   0x0000153a   0x00000002   PAD
    0x0000153c   0x0000153c   0x000002fc   Code   RO         2714    .text               c_w.l(_printf_fp_hex.o)
    0x00001838   0x00001838   0x0000002c   Code   RO         2719    .text               c_w.l(_printf_char.o)
    0x00001864   0x00001864   0x0000002c   Code   RO         2721    .text               c_w.l(_printf_wchar.o)
    0x00001890   0x00001890   0x00000048   Code   RO         2727    .text               c_w.l(_c16rtomb.o)
    0x000018d8   0x000018d8   0x00000064   Code   RO         2732    .text               c_w.l(cxa_finalize.o)
    0x0000193c   0x0000193c   0x0000000c   Code   RO         2736    .text               c_w.l(atexit_init.o)
    0x00001948   0x00001948   0x0000000e   Code   RO         2739    .text               c_w.l(defsig_rtmem_outer.o)
    0x00001956   0x00001956   0x0000004a   Code   RO         2755    .text               c_w.l(sys_stackheap_outer.o)
    0x000019a0   0x000019a0   0x00000080   Code   RO         2761    .text               c_w.l(_printf_fp_infnan.o)
    0x00001a20   0x00001a20   0x000000e4   Code   RO         2769    .text               c_w.l(bigflt0.o)
    0x00001b04   0x00001b04   0x00000012   Code   RO         2796    .text               c_w.l(exit.o)
    0x00001b16   0x00001b16   0x0000000a   Code   RO         2798    .text               c_w.l(defsig_exit.o)
    0x00001b20   0x00001b20   0x00000050   Code   RO         2804    .text               c_w.l(defsig_rtmem_inner.o)
    0x00001b70   0x00001b70   0x00000032   Code   RO         2851    .text               c_w.l(defsig_general.o)
    0x00001ba2   0x00001ba2   0x00000002   PAD
    0x00001ba4   0x00001ba4   0x0000000a   Code   RO         1221    .text.$Sub$$main    components.o
    0x00001bae   0x00001bae   0x00000002   PAD
    0x00001bb0   0x00001bb0   0x000000ca   Code   RO          167    .text.ADC_AddAdcChannel  hc32f460_adc.o
    0x00001c7a   0x00001c7a   0x00000002   PAD
    0x00001c7c   0x00001c7c   0x0000006c   Code   RO          169    .text.ADC_DelAdcChannel  hc32f460_adc.o
    0x00001ce8   0x00001ce8   0x000000f2   Code   RO          155    .text.ADC_Init      hc32f460_adc.o
    0x00001dda   0x00001dda   0x00000002   PAD
    0x00001ddc   0x00001ddc   0x0000006e   Code   RO          163    .text.ADC_TriggerSrcCmd  hc32f460_adc.o
    0x00001e4a   0x00001e4a   0x00000002   PAD
    0x00001e4c   0x00001e4c   0x00000008   Code   RO          469    .text.BusFault_Handler  hc32f460_interrupts.o
    0x00001e54   0x00001e54   0x000000e0   Code   RO          278    .text.CLK_GetClockFreq  hc32f460_clk.o
    0x00001f34   0x00001f34   0x0000007a   Code   RO          244    .text.CLK_GetFlagStatus  hc32f460_clk.o
    0x00001fae   0x00001fae   0x00000002   PAD
    0x00001fb0   0x00001fb0   0x0000008e   Code   RO          266    .text.CLK_MpllCmd   hc32f460_clk.o
    0x0000203e   0x0000203e   0x00000002   PAD
    0x00002040   0x00002040   0x0000017c   Code   RO          264    .text.CLK_MpllConfig  hc32f460_clk.o
    0x000021bc   0x000021bc   0x00000050   Code   RO          262    .text.CLK_SetPllSource  hc32f460_clk.o
    0x0000220c   0x0000220c   0x000000f0   Code   RO          272    .text.CLK_SetSysClkSource  hc32f460_clk.o
    0x000022fc   0x000022fc   0x0000013c   Code   RO          276    .text.CLK_SysClkConfig  hc32f460_clk.o
    0x00002438   0x00002438   0x000000aa   Code   RO          242    .text.CLK_XtalCmd   hc32f460_clk.o
    0x000024e2   0x000024e2   0x00000002   PAD
    0x000024e4   0x000024e4   0x00000060   Code   RO          236    .text.CLK_XtalConfig  hc32f460_clk.o
    0x00002544   0x00002544   0x00000040   Code   RO         2064    .text.Ddl_AssertHandler  ddl_assert.o
    0x00002584   0x00002584   0x00000036   Code   RO          870    .text.Ddl_Delay1ms  hc32f460_utility.o
    0x000025ba   0x000025ba   0x00000002   PAD
    0x000025bc   0x000025bc   0x00000008   Code   RO          473    .text.DebugMon_Handler  hc32f460_interrupts.o
    0x000025c4   0x000025c4   0x00000018   Code   RO          900    .text.EFM_Lock      hc32f460_efm.o
    0x000025dc   0x000025dc   0x00000028   Code   RO          904    .text.EFM_SetLatency  hc32f460_efm.o
    0x00002604   0x00002604   0x00000016   Code   RO          898    .text.EFM_Unlock    hc32f460_efm.o
    0x0000261a   0x0000261a   0x00000002   PAD
    0x0000261c   0x0000261c   0x00000012   Code   RO          475    .text.IRQ000_Handler  hc32f460_interrupts.o
    0x0000262e   0x0000262e   0x00000002   PAD
    0x00002630   0x00002630   0x00000012   Code   RO          477    .text.IRQ001_Handler  hc32f460_interrupts.o
    0x00002642   0x00002642   0x00000002   PAD
    0x00002644   0x00002644   0x00000012   Code   RO          479    .text.IRQ002_Handler  hc32f460_interrupts.o
    0x00002656   0x00002656   0x00000002   PAD
    0x00002658   0x00002658   0x00000012   Code   RO          481    .text.IRQ003_Handler  hc32f460_interrupts.o
    0x0000266a   0x0000266a   0x00000002   PAD
    0x0000266c   0x0000266c   0x00000012   Code   RO          483    .text.IRQ004_Handler  hc32f460_interrupts.o
    0x0000267e   0x0000267e   0x00000002   PAD
    0x00002680   0x00002680   0x00000012   Code   RO          485    .text.IRQ005_Handler  hc32f460_interrupts.o
    0x00002692   0x00002692   0x00000002   PAD
    0x00002694   0x00002694   0x00000012   Code   RO          487    .text.IRQ006_Handler  hc32f460_interrupts.o
    0x000026a6   0x000026a6   0x00000002   PAD
    0x000026a8   0x000026a8   0x00000012   Code   RO          489    .text.IRQ007_Handler  hc32f460_interrupts.o
    0x000026ba   0x000026ba   0x00000002   PAD
    0x000026bc   0x000026bc   0x00000012   Code   RO          491    .text.IRQ008_Handler  hc32f460_interrupts.o
    0x000026ce   0x000026ce   0x00000002   PAD
    0x000026d0   0x000026d0   0x00000012   Code   RO          493    .text.IRQ009_Handler  hc32f460_interrupts.o
    0x000026e2   0x000026e2   0x00000002   PAD
    0x000026e4   0x000026e4   0x00000012   Code   RO          495    .text.IRQ010_Handler  hc32f460_interrupts.o
    0x000026f6   0x000026f6   0x00000002   PAD
    0x000026f8   0x000026f8   0x00000012   Code   RO          497    .text.IRQ011_Handler  hc32f460_interrupts.o
    0x0000270a   0x0000270a   0x00000002   PAD
    0x0000270c   0x0000270c   0x00000012   Code   RO          499    .text.IRQ012_Handler  hc32f460_interrupts.o
    0x0000271e   0x0000271e   0x00000002   PAD
    0x00002720   0x00002720   0x00000012   Code   RO          501    .text.IRQ013_Handler  hc32f460_interrupts.o
    0x00002732   0x00002732   0x00000002   PAD
    0x00002734   0x00002734   0x00000012   Code   RO          503    .text.IRQ014_Handler  hc32f460_interrupts.o
    0x00002746   0x00002746   0x00000002   PAD
    0x00002748   0x00002748   0x00000012   Code   RO          505    .text.IRQ015_Handler  hc32f460_interrupts.o
    0x0000275a   0x0000275a   0x00000002   PAD
    0x0000275c   0x0000275c   0x00000012   Code   RO          507    .text.IRQ016_Handler  hc32f460_interrupts.o
    0x0000276e   0x0000276e   0x00000002   PAD
    0x00002770   0x00002770   0x00000012   Code   RO          509    .text.IRQ017_Handler  hc32f460_interrupts.o
    0x00002782   0x00002782   0x00000002   PAD
    0x00002784   0x00002784   0x00000012   Code   RO          511    .text.IRQ018_Handler  hc32f460_interrupts.o
    0x00002796   0x00002796   0x00000002   PAD
    0x00002798   0x00002798   0x00000012   Code   RO          513    .text.IRQ019_Handler  hc32f460_interrupts.o
    0x000027aa   0x000027aa   0x00000002   PAD
    0x000027ac   0x000027ac   0x00000012   Code   RO          515    .text.IRQ020_Handler  hc32f460_interrupts.o
    0x000027be   0x000027be   0x00000002   PAD
    0x000027c0   0x000027c0   0x00000012   Code   RO          517    .text.IRQ021_Handler  hc32f460_interrupts.o
    0x000027d2   0x000027d2   0x00000002   PAD
    0x000027d4   0x000027d4   0x00000012   Code   RO          519    .text.IRQ022_Handler  hc32f460_interrupts.o
    0x000027e6   0x000027e6   0x00000002   PAD
    0x000027e8   0x000027e8   0x00000012   Code   RO          521    .text.IRQ023_Handler  hc32f460_interrupts.o
    0x000027fa   0x000027fa   0x00000002   PAD
    0x000027fc   0x000027fc   0x00000012   Code   RO          523    .text.IRQ024_Handler  hc32f460_interrupts.o
    0x0000280e   0x0000280e   0x00000002   PAD
    0x00002810   0x00002810   0x00000012   Code   RO          525    .text.IRQ025_Handler  hc32f460_interrupts.o
    0x00002822   0x00002822   0x00000002   PAD
    0x00002824   0x00002824   0x00000012   Code   RO          527    .text.IRQ026_Handler  hc32f460_interrupts.o
    0x00002836   0x00002836   0x00000002   PAD
    0x00002838   0x00002838   0x00000012   Code   RO          529    .text.IRQ027_Handler  hc32f460_interrupts.o
    0x0000284a   0x0000284a   0x00000002   PAD
    0x0000284c   0x0000284c   0x00000012   Code   RO          531    .text.IRQ028_Handler  hc32f460_interrupts.o
    0x0000285e   0x0000285e   0x00000002   PAD
    0x00002860   0x00002860   0x00000012   Code   RO          533    .text.IRQ029_Handler  hc32f460_interrupts.o
    0x00002872   0x00002872   0x00000002   PAD
    0x00002874   0x00002874   0x00000012   Code   RO          535    .text.IRQ030_Handler  hc32f460_interrupts.o
    0x00002886   0x00002886   0x00000002   PAD
    0x00002888   0x00002888   0x00000012   Code   RO          537    .text.IRQ031_Handler  hc32f460_interrupts.o
    0x0000289a   0x0000289a   0x00000002   PAD
    0x0000289c   0x0000289c   0x00000014   Code   RO          539    .text.IRQ032_Handler  hc32f460_interrupts.o
    0x000028b0   0x000028b0   0x00000014   Code   RO          541    .text.IRQ033_Handler  hc32f460_interrupts.o
    0x000028c4   0x000028c4   0x00000014   Code   RO          543    .text.IRQ034_Handler  hc32f460_interrupts.o
    0x000028d8   0x000028d8   0x00000014   Code   RO          545    .text.IRQ035_Handler  hc32f460_interrupts.o
    0x000028ec   0x000028ec   0x00000014   Code   RO          547    .text.IRQ036_Handler  hc32f460_interrupts.o
    0x00002900   0x00002900   0x00000014   Code   RO          549    .text.IRQ037_Handler  hc32f460_interrupts.o
    0x00002914   0x00002914   0x00000014   Code   RO          551    .text.IRQ038_Handler  hc32f460_interrupts.o
    0x00002928   0x00002928   0x00000014   Code   RO          553    .text.IRQ039_Handler  hc32f460_interrupts.o
    0x0000293c   0x0000293c   0x00000014   Code   RO          555    .text.IRQ040_Handler  hc32f460_interrupts.o
    0x00002950   0x00002950   0x00000014   Code   RO          557    .text.IRQ041_Handler  hc32f460_interrupts.o
    0x00002964   0x00002964   0x00000014   Code   RO          559    .text.IRQ042_Handler  hc32f460_interrupts.o
    0x00002978   0x00002978   0x00000014   Code   RO          561    .text.IRQ043_Handler  hc32f460_interrupts.o
    0x0000298c   0x0000298c   0x00000014   Code   RO          563    .text.IRQ044_Handler  hc32f460_interrupts.o
    0x000029a0   0x000029a0   0x00000014   Code   RO          565    .text.IRQ045_Handler  hc32f460_interrupts.o
    0x000029b4   0x000029b4   0x00000014   Code   RO          567    .text.IRQ046_Handler  hc32f460_interrupts.o
    0x000029c8   0x000029c8   0x00000014   Code   RO          569    .text.IRQ047_Handler  hc32f460_interrupts.o
    0x000029dc   0x000029dc   0x00000014   Code   RO          571    .text.IRQ048_Handler  hc32f460_interrupts.o
    0x000029f0   0x000029f0   0x00000014   Code   RO          573    .text.IRQ049_Handler  hc32f460_interrupts.o
    0x00002a04   0x00002a04   0x00000014   Code   RO          575    .text.IRQ050_Handler  hc32f460_interrupts.o
    0x00002a18   0x00002a18   0x00000014   Code   RO          577    .text.IRQ051_Handler  hc32f460_interrupts.o
    0x00002a2c   0x00002a2c   0x00000014   Code   RO          579    .text.IRQ052_Handler  hc32f460_interrupts.o
    0x00002a40   0x00002a40   0x00000014   Code   RO          581    .text.IRQ053_Handler  hc32f460_interrupts.o
    0x00002a54   0x00002a54   0x00000014   Code   RO          583    .text.IRQ054_Handler  hc32f460_interrupts.o
    0x00002a68   0x00002a68   0x00000014   Code   RO          585    .text.IRQ055_Handler  hc32f460_interrupts.o
    0x00002a7c   0x00002a7c   0x00000014   Code   RO          587    .text.IRQ056_Handler  hc32f460_interrupts.o
    0x00002a90   0x00002a90   0x00000014   Code   RO          589    .text.IRQ057_Handler  hc32f460_interrupts.o
    0x00002aa4   0x00002aa4   0x00000014   Code   RO          591    .text.IRQ058_Handler  hc32f460_interrupts.o
    0x00002ab8   0x00002ab8   0x00000014   Code   RO          593    .text.IRQ059_Handler  hc32f460_interrupts.o
    0x00002acc   0x00002acc   0x00000014   Code   RO          595    .text.IRQ060_Handler  hc32f460_interrupts.o
    0x00002ae0   0x00002ae0   0x00000014   Code   RO          597    .text.IRQ061_Handler  hc32f460_interrupts.o
    0x00002af4   0x00002af4   0x00000014   Code   RO          599    .text.IRQ062_Handler  hc32f460_interrupts.o
    0x00002b08   0x00002b08   0x00000014   Code   RO          601    .text.IRQ063_Handler  hc32f460_interrupts.o
    0x00002b1c   0x00002b1c   0x00000014   Code   RO          603    .text.IRQ064_Handler  hc32f460_interrupts.o
    0x00002b30   0x00002b30   0x00000014   Code   RO          605    .text.IRQ065_Handler  hc32f460_interrupts.o
    0x00002b44   0x00002b44   0x00000014   Code   RO          607    .text.IRQ066_Handler  hc32f460_interrupts.o
    0x00002b58   0x00002b58   0x00000014   Code   RO          609    .text.IRQ067_Handler  hc32f460_interrupts.o
    0x00002b6c   0x00002b6c   0x00000014   Code   RO          611    .text.IRQ068_Handler  hc32f460_interrupts.o
    0x00002b80   0x00002b80   0x00000014   Code   RO          613    .text.IRQ069_Handler  hc32f460_interrupts.o
    0x00002b94   0x00002b94   0x00000014   Code   RO          615    .text.IRQ070_Handler  hc32f460_interrupts.o
    0x00002ba8   0x00002ba8   0x00000014   Code   RO          617    .text.IRQ071_Handler  hc32f460_interrupts.o
    0x00002bbc   0x00002bbc   0x00000014   Code   RO          619    .text.IRQ072_Handler  hc32f460_interrupts.o
    0x00002bd0   0x00002bd0   0x00000014   Code   RO          621    .text.IRQ073_Handler  hc32f460_interrupts.o
    0x00002be4   0x00002be4   0x00000014   Code   RO          623    .text.IRQ074_Handler  hc32f460_interrupts.o
    0x00002bf8   0x00002bf8   0x00000014   Code   RO          625    .text.IRQ075_Handler  hc32f460_interrupts.o
    0x00002c0c   0x00002c0c   0x00000014   Code   RO          627    .text.IRQ076_Handler  hc32f460_interrupts.o
    0x00002c20   0x00002c20   0x00000014   Code   RO          629    .text.IRQ077_Handler  hc32f460_interrupts.o
    0x00002c34   0x00002c34   0x00000014   Code   RO          631    .text.IRQ078_Handler  hc32f460_interrupts.o
    0x00002c48   0x00002c48   0x00000014   Code   RO          633    .text.IRQ079_Handler  hc32f460_interrupts.o
    0x00002c5c   0x00002c5c   0x00000014   Code   RO          635    .text.IRQ080_Handler  hc32f460_interrupts.o
    0x00002c70   0x00002c70   0x00000014   Code   RO          637    .text.IRQ081_Handler  hc32f460_interrupts.o
    0x00002c84   0x00002c84   0x00000014   Code   RO          639    .text.IRQ082_Handler  hc32f460_interrupts.o
    0x00002c98   0x00002c98   0x00000014   Code   RO          641    .text.IRQ083_Handler  hc32f460_interrupts.o
    0x00002cac   0x00002cac   0x00000014   Code   RO          643    .text.IRQ084_Handler  hc32f460_interrupts.o
    0x00002cc0   0x00002cc0   0x00000014   Code   RO          645    .text.IRQ085_Handler  hc32f460_interrupts.o
    0x00002cd4   0x00002cd4   0x00000014   Code   RO          647    .text.IRQ086_Handler  hc32f460_interrupts.o
    0x00002ce8   0x00002ce8   0x00000014   Code   RO          649    .text.IRQ087_Handler  hc32f460_interrupts.o
    0x00002cfc   0x00002cfc   0x00000014   Code   RO          651    .text.IRQ088_Handler  hc32f460_interrupts.o
    0x00002d10   0x00002d10   0x00000014   Code   RO          653    .text.IRQ089_Handler  hc32f460_interrupts.o
    0x00002d24   0x00002d24   0x00000014   Code   RO          655    .text.IRQ090_Handler  hc32f460_interrupts.o
    0x00002d38   0x00002d38   0x00000014   Code   RO          657    .text.IRQ091_Handler  hc32f460_interrupts.o
    0x00002d4c   0x00002d4c   0x00000014   Code   RO          659    .text.IRQ092_Handler  hc32f460_interrupts.o
    0x00002d60   0x00002d60   0x00000014   Code   RO          661    .text.IRQ093_Handler  hc32f460_interrupts.o
    0x00002d74   0x00002d74   0x00000014   Code   RO          663    .text.IRQ094_Handler  hc32f460_interrupts.o
    0x00002d88   0x00002d88   0x00000014   Code   RO          665    .text.IRQ095_Handler  hc32f460_interrupts.o
    0x00002d9c   0x00002d9c   0x00000014   Code   RO          667    .text.IRQ096_Handler  hc32f460_interrupts.o
    0x00002db0   0x00002db0   0x00000014   Code   RO          669    .text.IRQ097_Handler  hc32f460_interrupts.o
    0x00002dc4   0x00002dc4   0x00000014   Code   RO          671    .text.IRQ098_Handler  hc32f460_interrupts.o
    0x00002dd8   0x00002dd8   0x00000014   Code   RO          673    .text.IRQ099_Handler  hc32f460_interrupts.o
    0x00002dec   0x00002dec   0x00000014   Code   RO          675    .text.IRQ100_Handler  hc32f460_interrupts.o
    0x00002e00   0x00002e00   0x00000014   Code   RO          677    .text.IRQ101_Handler  hc32f460_interrupts.o
    0x00002e14   0x00002e14   0x00000014   Code   RO          679    .text.IRQ102_Handler  hc32f460_interrupts.o
    0x00002e28   0x00002e28   0x00000014   Code   RO          681    .text.IRQ103_Handler  hc32f460_interrupts.o
    0x00002e3c   0x00002e3c   0x00000014   Code   RO          683    .text.IRQ104_Handler  hc32f460_interrupts.o
    0x00002e50   0x00002e50   0x00000014   Code   RO          685    .text.IRQ105_Handler  hc32f460_interrupts.o
    0x00002e64   0x00002e64   0x00000014   Code   RO          687    .text.IRQ106_Handler  hc32f460_interrupts.o
    0x00002e78   0x00002e78   0x00000014   Code   RO          689    .text.IRQ107_Handler  hc32f460_interrupts.o
    0x00002e8c   0x00002e8c   0x00000014   Code   RO          691    .text.IRQ108_Handler  hc32f460_interrupts.o
    0x00002ea0   0x00002ea0   0x00000014   Code   RO          693    .text.IRQ109_Handler  hc32f460_interrupts.o
    0x00002eb4   0x00002eb4   0x00000014   Code   RO          695    .text.IRQ110_Handler  hc32f460_interrupts.o
    0x00002ec8   0x00002ec8   0x00000014   Code   RO          697    .text.IRQ111_Handler  hc32f460_interrupts.o
    0x00002edc   0x00002edc   0x00000014   Code   RO          699    .text.IRQ112_Handler  hc32f460_interrupts.o
    0x00002ef0   0x00002ef0   0x00000014   Code   RO          701    .text.IRQ113_Handler  hc32f460_interrupts.o
    0x00002f04   0x00002f04   0x00000014   Code   RO          703    .text.IRQ114_Handler  hc32f460_interrupts.o
    0x00002f18   0x00002f18   0x00000014   Code   RO          705    .text.IRQ115_Handler  hc32f460_interrupts.o
    0x00002f2c   0x00002f2c   0x00000014   Code   RO          707    .text.IRQ116_Handler  hc32f460_interrupts.o
    0x00002f40   0x00002f40   0x00000014   Code   RO          709    .text.IRQ117_Handler  hc32f460_interrupts.o
    0x00002f54   0x00002f54   0x00000014   Code   RO          711    .text.IRQ118_Handler  hc32f460_interrupts.o
    0x00002f68   0x00002f68   0x00000014   Code   RO          713    .text.IRQ119_Handler  hc32f460_interrupts.o
    0x00002f7c   0x00002f7c   0x00000014   Code   RO          715    .text.IRQ120_Handler  hc32f460_interrupts.o
    0x00002f90   0x00002f90   0x00000014   Code   RO          717    .text.IRQ121_Handler  hc32f460_interrupts.o
    0x00002fa4   0x00002fa4   0x00000014   Code   RO          719    .text.IRQ122_Handler  hc32f460_interrupts.o
    0x00002fb8   0x00002fb8   0x00000014   Code   RO          721    .text.IRQ123_Handler  hc32f460_interrupts.o
    0x00002fcc   0x00002fcc   0x00000014   Code   RO          723    .text.IRQ124_Handler  hc32f460_interrupts.o
    0x00002fe0   0x00002fe0   0x00000014   Code   RO          725    .text.IRQ125_Handler  hc32f460_interrupts.o
    0x00002ff4   0x00002ff4   0x00000014   Code   RO          727    .text.IRQ126_Handler  hc32f460_interrupts.o
    0x00003008   0x00003008   0x00000014   Code   RO          729    .text.IRQ127_Handler  hc32f460_interrupts.o
    0x0000301c   0x0000301c   0x00000026   Code   RO          143    .text.LL_PERIPH_WE  hc32_ddl.o
    0x00003042   0x00003042   0x00000002   PAD
    0x00003044   0x00003044   0x00000008   Code   RO          467    .text.MemManage_Handler  hc32f460_interrupts.o
    0x0000304c   0x0000304c   0x00000008   Code   RO          465    .text.NMI_Handler   hc32f460_interrupts.o
    0x00003054   0x00003054   0x000001d6   Code   RO          319    .text.PORT_Init     hc32f460_gpio.o
    0x0000322a   0x0000322a   0x00000002   PAD
    0x0000322c   0x0000322c   0x000000b4   Code   RO          349    .text.PORT_SetFunc  hc32f460_gpio.o
    0x000032e0   0x000032e0   0x00000030   Code   RO          345    .text.PORT_Toggle   hc32f460_gpio.o
    0x00003310   0x00003310   0x00000010   Code   RO          321    .text.PORT_Unlock   hc32f460_gpio.o
    0x00003320   0x00003320   0x0000005a   Code   RO         1000    .text.PWC_Fcg0PeriphClockCmd  hc32f460_pwc.o
    0x0000337a   0x0000337a   0x00000002   PAD
    0x0000337c   0x0000337c   0x0000004e   Code   RO         1002    .text.PWC_Fcg1PeriphClockCmd  hc32f460_pwc.o
    0x000033ca   0x000033ca   0x00000002   PAD
    0x000033cc   0x000033cc   0x0000004e   Code   RO         1004    .text.PWC_Fcg2PeriphClockCmd  hc32f460_pwc.o
    0x0000341a   0x0000341a   0x00000002   PAD
    0x0000341c   0x0000341c   0x0000004c   Code   RO         1006    .text.PWC_Fcg3PeriphClockCmd  hc32f460_pwc.o
    0x00003468   0x00003468   0x00000032   Code   RO         1058    .text.PWC_HS2HP     hc32f460_pwc.o
    0x0000349a   0x0000349a   0x00000002   PAD
    0x0000349c   0x0000349c   0x00000010   Code   RO          959    .text.SRAM_CK_Enable  hc32f460_sram.o
    0x000034ac   0x000034ac   0x000000f8   Code   RO          965    .text.SRAM_Init     hc32f460_sram.o
    0x000035a4   0x000035a4   0x00000010   Code   RO          955    .text.SRAM_WT_Enable  hc32f460_sram.o
    0x000035b4   0x000035b4   0x00000150   Code   RO          859    .text.SetUartBaudrate  hc32f460_usart.o
    0x00003704   0x00003704   0x00000020   Code   RO           17    .text.SysTick_Handler  board.o
    0x00003724   0x00003724   0x0000005c   Code   RO          874    .text.SysTick_Init  hc32f460_utility.o
    0x00003780   0x00003780   0x00000012   Code   RO          884    .text.SysTick_Resume  hc32f460_utility.o
    0x00003792   0x00003792   0x00000002   PAD
    0x00003794   0x00003794   0x000000a0   Code   RO          103    .text.SystemCoreClockUpdate  system_hc32f460.o
    0x00003834   0x00003834   0x000000c6   Code   RO          101    .text.SystemInit    system_hc32f460.o
    0x000038fa   0x000038fa   0x00000002   PAD
    0x000038fc   0x000038fc   0x00000116   Code   RO         1085    .text.TIMERA_BaseInit  hc32f460_timera.o
    0x00003a12   0x00003a12   0x00000002   PAD
    0x00003a14   0x00003a14   0x00000048   Code   RO         1097    .text.TIMERA_Cmd    hc32f460_timera.o
    0x00003a5c   0x00003a5c   0x00000060   Code   RO         1111    .text.TIMERA_CompareCmd  hc32f460_timera.o
    0x00003abc   0x00003abc   0x000001f2   Code   RO         1099    .text.TIMERA_CompareInit  hc32f460_timera.o
    0x00003cae   0x00003cae   0x00000002   PAD
    0x00003cb0   0x00003cb0   0x0000007c   Code   RO          801    .text.USART_ClearStatus  hc32f460_usart.o
    0x00003d2c   0x00003d2c   0x0000005e   Code   RO          797    .text.USART_DeInit  hc32f460_usart.o
    0x00003d8a   0x00003d8a   0x00000002   PAD
    0x00003d8c   0x00003d8c   0x00000166   Code   RO          803    .text.USART_FuncCmd  hc32f460_usart.o
    0x00003ef2   0x00003ef2   0x00000002   PAD
    0x00003ef4   0x00003ef4   0x000000b8   Code   RO          799    .text.USART_GetStatus  hc32f460_usart.o
    0x00003fac   0x00003fac   0x00000062   Code   RO          851    .text.USART_RecData  hc32f460_usart.o
    0x0000400e   0x0000400e   0x00000002   PAD
    0x00004010   0x00004010   0x00000062   Code   RO          849    .text.USART_SendData  hc32f460_usart.o
    0x00004072   0x00004072   0x00000002   PAD
    0x00004074   0x00004074   0x000001f8   Code   RO          791    .text.USART_UART_Init  hc32f460_usart.o
    0x0000426c   0x0000426c   0x00000008   Code   RO          471    .text.UsageFault_Handler  hc32f460_interrupts.o
    0x00004274   0x00004274   0x0000009a   Code   RO         2142    .text._GLOBAL__sub_I_Usart.cpp  usart.o
    0x0000430e   0x0000430e   0x00000002   PAD
    0x00004310   0x00004310   0x000000ec   Code   RO         2047    .text._Z12irqn_aa_get_P4IRQn  irqn.o
    0x000043fc   0x000043fc   0x00000172   Code   RO         1772    .text._Z16timera_pwm_startP15timera_config_tjjb  wiring_digital.o
    0x0000456e   0x0000456e   0x00000002   PAD
    0x00004570   0x00004570   0x00000048   Code   RO         1774    .text._Z24timera_pwm_channel_startP15timera_config_t17en_timera_channelb  wiring_digital.o
    0x000045b8   0x000045b8   0x00000016   Code   RO           32    .text._Z9boardInitv  initboard.o
    0x000045ce   0x000045ce   0x00000002   PAD
    0x000045d0   0x000045d0   0x0000005e   Code   RO         2193    .text._ZL18USART_rx_error_irqh  usart_config.o
    0x0000462e   0x0000462e   0x00000002   PAD
    0x00004630   0x00004630   0x00000006   Code   RO         2163    .text._ZL19USARTx_rx_error_irqILh1EEvv  usart_config.o
    0x00004636   0x00004636   0x00000002   PAD
    0x00004638   0x00004638   0x00000006   Code   RO         2171    .text._ZL19USARTx_rx_error_irqILh2EEvv  usart_config.o
    0x0000463e   0x0000463e   0x00000002   PAD
    0x00004640   0x00004640   0x00000006   Code   RO         2179    .text._ZL19USARTx_rx_error_irqILh3EEvv  usart_config.o
    0x00004646   0x00004646   0x00000002   PAD
    0x00004648   0x00004648   0x00000006   Code   RO         2187    .text._ZL19USARTx_rx_error_irqILh4EEvv  usart_config.o
    0x0000464e   0x0000464e   0x00000002   PAD
    0x00004650   0x00004650   0x00000024   Code   RO         2167    .text._ZL22USARTx_tx_complete_irqILh1EEvv  usart_config.o
    0x00004674   0x00004674   0x00000024   Code   RO         2175    .text._ZL22USARTx_tx_complete_irqILh2EEvv  usart_config.o
    0x00004698   0x00004698   0x00000024   Code   RO         2183    .text._ZL22USARTx_tx_complete_irqILh3EEvv  usart_config.o
    0x000046bc   0x000046bc   0x00000024   Code   RO         2191    .text._ZL22USARTx_tx_complete_irqILh4EEvv  usart_config.o
    0x000046e0   0x000046e0   0x00000084   Code   RO         2195    .text._ZL25USART_tx_buffer_empty_irqh  usart_config.o
    0x00004764   0x00004764   0x00000006   Code   RO         2165    .text._ZL26USARTx_tx_buffer_empty_irqILh1EEvv  usart_config.o
    0x0000476a   0x0000476a   0x00000002   PAD
    0x0000476c   0x0000476c   0x00000006   Code   RO         2173    .text._ZL26USARTx_tx_buffer_empty_irqILh2EEvv  usart_config.o
    0x00004772   0x00004772   0x00000002   PAD
    0x00004774   0x00004774   0x00000006   Code   RO         2181    .text._ZL26USARTx_tx_buffer_empty_irqILh3EEvv  usart_config.o
    0x0000477a   0x0000477a   0x00000002   PAD
    0x0000477c   0x0000477c   0x00000006   Code   RO         2189    .text._ZL26USARTx_tx_buffer_empty_irqILh4EEvv  usart_config.o
    0x00004782   0x00004782   0x00000002   PAD
    0x00004784   0x00004784   0x00000066   Code   RO         2161    .text._ZL28USARTx_rx_data_available_irqILh1EEvv  usart_config.o
    0x000047ea   0x000047ea   0x00000002   PAD
    0x000047ec   0x000047ec   0x00000066   Code   RO         2169    .text._ZL28USARTx_rx_data_available_irqILh2EEvv  usart_config.o
    0x00004852   0x00004852   0x00000002   PAD
    0x00004854   0x00004854   0x00000066   Code   RO         2177    .text._ZL28USARTx_rx_data_available_irqILh3EEvv  usart_config.o
    0x000048ba   0x000048ba   0x00000002   PAD
    0x000048bc   0x000048bc   0x00000066   Code   RO         2185    .text._ZL28USARTx_rx_data_available_irqILh4EEvv  usart_config.o
    0x00004922   0x00004922   0x00000002   PAD
    0x00004924   0x00004924   0x0000002e   Code   RO         1601    .text._ZN5Print5writeEPKhj  print.o
    0x00004952   0x00004952   0x00000002   PAD
    0x00004954   0x00004954   0x0000000a   Code   RO         2128    .text._ZN5Usart17availableForWriteEv  usart.o
    0x0000495e   0x0000495e   0x00000002   PAD
    0x00004960   0x00004960   0x0000019c   Code   RO         2124    .text._ZN5Usart3endEv  usart.o
    0x00004afc   0x00004afc   0x00000014   Code   RO         2130    .text._ZN5Usart4peekEv  usart.o
    0x00004b10   0x00004b10   0x00000048   Code   RO         2132    .text._ZN5Usart4readEv  usart.o
    0x00004b58   0x00004b58   0x0000000a   Code   RO         2118    .text._ZN5Usart5beginEj  usart.o
    0x00004b62   0x00004b62   0x00000002   PAD
    0x00004b64   0x00004b64   0x00000266   Code   RO         2122    .text._ZN5Usart5beginEjPK19stc_usart_uart_initb  usart.o
    0x00004dca   0x00004dca   0x00000002   PAD
    0x00004dcc   0x00004dcc   0x0000004c   Code   RO         2120    .text._ZN5Usart5beginEjt  usart.o
    0x00004e18   0x00004e18   0x0000001e   Code   RO         2134    .text._ZN5Usart5flushEv  usart.o
    0x00004e36   0x00004e36   0x00000002   PAD
    0x00004e38   0x00004e38   0x0000007e   Code   RO         2136    .text._ZN5Usart5writeEh  usart.o
    0x00004eb6   0x00004eb6   0x00000002   PAD
    0x00004eb8   0x00004eb8   0x00000006   Code   RO         2126    .text._ZN5Usart9availableEv  usart.o
    0x00004ebe   0x00004ebe   0x00000002   PAD
    0x00004ec0   0x00004ec0   0x00000048   Code   RO         2116    .text._ZN5UsartD2Ev  usart.o
    0x00004f08   0x00004f08   0x00000004   Code   RO         2156    .text._ZN5UsartcvbEv  usart.o
    0x00004f0c   0x00004f0c   0x0000000a   Code   RO          130    .text._ZdaPv        new.o
    0x00004f16   0x00004f16   0x00000002   PAD
    0x00004f18   0x00004f18   0x0000000a   Code   RO          126    .text._ZdlPv        new.o
    0x00004f22   0x00004f22   0x00000002   PAD
    0x00004f24   0x00004f24   0x00000004   Code   RO          128    .text._Znaj         new.o
    0x00004f28   0x00004f28   0x00000004   Code   RO          124    .text._Znwj         new.o
    0x00004f2c   0x00004f2c   0x00000008   Code   RO         1998    .text.__empty       yield.o
    0x00004f34   0x00004f34   0x00000038   Code   RO         1354    .text.__rt_ffs      kservice.o
    0x00004f6c   0x00004f6c   0x000000b8   Code   RO         1473    .text._rt_thread_init  thread.o
    0x00005024   0x00005024   0x00000002   Code   RO           85    .text._sys_exit     syscalls.o
    0x00005026   0x00005026   0x00000002   PAD
    0x00005028   0x00005028   0x00000002   Code   RO           87    .text._ttywrch      syscalls.o
    0x0000502a   0x0000502a   0x00000002   PAD
    0x0000502c   0x0000502c   0x0000004c   Code   RO         2006    .text.adc_device_init  adc.o
    0x00005078   0x00005078   0x00000014   Code   RO         2010    .text.adc_disable_channel  adc.o
    0x0000508c   0x0000508c   0x00000028   Code   RO         2008    .text.adc_enable_channel  adc.o
    0x000050b4   0x000050b4   0x000000ec   Code   RO           75    .text.clock_init    sysclock.o
    0x000051a0   0x000051a0   0x00000008   Code   RO           41    .text.delay_init    delay.o
    0x000051a8   0x000051a8   0x00000026   Code   RO         1762    .text.digitalToggle  wiring_digital.o
    0x000051ce   0x000051ce   0x00000002   PAD
    0x000051d0   0x000051d0   0x000000b8   Code   RO          445    .text.enIrqRegistration  hc32f460_interrupts.o
    0x00005288   0x00005288   0x00000030   Code   RO          447    .text.enIrqResign   hc32f460_interrupts.o
    0x000052b8   0x000052b8   0x0000000c   Code   RO           89    .text.fputc         syscalls.o
    0x000052c4   0x000052c4   0x0000000e   Code   RO         2140    .text.ip_putc       usart.o
    0x000052d2   0x000052d2   0x00000002   PAD
    0x000052d4   0x000052d4   0x00000004   Code   RO         2051    .text.irqn_aa_get   irqn.o
    0x000052d8   0x000052d8   0x00000024   Code   RO         2053    .text.irqn_aa_resign  irqn.o
    0x000052fc   0x000052fc   0x0000002c   Code   RO            2    .text.main          main.o
    0x00005328   0x00005328   0x00000032   Code   RO         1225    .text.main_thread_entry  components.o
    0x0000535a   0x0000535a   0x00000002   PAD
    0x0000535c   0x0000535c   0x0000002c   Code   RO         2073    .text.panic_begin   panic.o
    0x00005388   0x00005388   0x00000002   Code   RO         2077    .text.panic_end     panic.o
    0x0000538a   0x0000538a   0x00000002   PAD
    0x0000538c   0x0000538c   0x00000038   Code   RO         2079    .text.panic_printf  panic.o
    0x000053c4   0x000053c4   0x0000000e   Code   RO         2075    .text.panic_puts    panic.o
    0x000053d2   0x000053d2   0x00000002   PAD
    0x000053d4   0x000053d4   0x0000016c   Code   RO         1754    .text.pinMode       wiring_digital.o
    0x00005540   0x00005540   0x0000010c   Code   RO         1381    .text.plug_holes    mem.o
    0x0000564c   0x0000564c   0x000001cc   Code   RO         1338    .text.print_number  kservice.o
    0x00005818   0x00005818   0x00000078   Code   RO         1358    .text.rt_assert_handler  kservice.o
    0x00005890   0x00005890   0x0000002a   Code   RO         1217    .text.rt_components_board_init  components.o
    0x000058ba   0x000058ba   0x00000002   PAD
    0x000058bc   0x000058bc   0x0000001c   Code   RO         1447    .text.rt_enter_critical  scheduler.o
    0x000058d8   0x000058d8   0x00000042   Code   RO         1449    .text.rt_exit_critical  scheduler.o
    0x0000591a   0x0000591a   0x00000002   PAD
    0x0000591c   0x0000591c   0x000001dc   Code   RO         1379    .text.rt_free       mem.o
    0x00005af8   0x00005af8   0x0000000a   Code   RO           11    .text.rt_heap_begin_get  board.o
    0x00005b02   0x00005b02   0x00000002   PAD
    0x00005b04   0x00005b04   0x0000000e   Code   RO           13    .text.rt_heap_end_get  board.o
    0x00005b12   0x00005b12   0x00000002   PAD
    0x00005b14   0x00005b14   0x00000036   Code   RO           15    .text.rt_hw_board_init  board.o
    0x00005b4a   0x00005b4a   0x00000002   PAD
    0x00005b4c   0x00005b4c   0x00000030   Code   RO           19    .text.rt_hw_console_output  board.o
    0x00005b7c   0x00005b7c   0x0000019c   Code   RO         1551    .text.rt_hw_hard_fault_exception  cpuport.o
    0x00005d18   0x00005d18   0x00000042   Code   RO         1547    .text.rt_hw_stack_init  cpuport.o
    0x00005d5a   0x00005d5a   0x00000002   PAD
    0x00005d5c   0x00005d5c   0x0000001c   Code   RO         1287    .text.rt_interrupt_enter  irq.o
    0x00005d78   0x00005d78   0x00000018   Code   RO         1291    .text.rt_interrupt_get_nest  irq.o
    0x00005d90   0x00005d90   0x0000001c   Code   RO         1289    .text.rt_interrupt_leave  irq.o
    0x00005dac   0x00005dac   0x00000032   Code   RO         1334    .text.rt_kprintf    kservice.o
    0x00005dde   0x00005dde   0x00000002   PAD
    0x00005de0   0x00005de0   0x00000258   Code   RO         1375    .text.rt_malloc     mem.o
    0x00006038   0x00006038   0x00000072   Code   RO         1308    .text.rt_memset     kservice.o
    0x000060aa   0x000060aa   0x00000002   PAD
    0x000060ac   0x000060ac   0x000000be   Code   RO         1417    .text.rt_object_allocate  object.o
    0x0000616a   0x0000616a   0x00000002   PAD
    0x0000616c   0x0000616c   0x00000090   Code   RO         1419    .text.rt_object_delete  object.o
    0x000061fc   0x000061fc   0x0000004c   Code   RO         1415    .text.rt_object_detach  object.o
    0x00006248   0x00006248   0x00000034   Code   RO         1423    .text.rt_object_get_type  object.o
    0x0000627c   0x0000627c   0x000000b4   Code   RO         1413    .text.rt_object_init  object.o
    0x00006330   0x00006330   0x0000003c   Code   RO         1421    .text.rt_object_is_systemobject  object.o
    0x0000636c   0x0000636c   0x0000010c   Code   RO         1441    .text.rt_schedule   scheduler.o
    0x00006478   0x00006478   0x00000084   Code   RO         1443    .text.rt_schedule_insert_thread  scheduler.o
    0x000064fc   0x000064fc   0x00000084   Code   RO         1445    .text.rt_schedule_remove_thread  scheduler.o
    0x00006580   0x00006580   0x00000064   Code   RO         1262    .text.rt_sem_init   ipc.o
    0x000065e4   0x000065e4   0x00000084   Code   RO         1274    .text.rt_sem_release  ipc.o
    0x00006668   0x00006668   0x000001b0   Code   RO         1270    .text.rt_sem_take   ipc.o
    0x00006818   0x00006818   0x000000c8   Code   RO         1332    .text.rt_show_version  kservice.o
    0x000068e0   0x000068e0   0x00000010   Code   RO         1318    .text.rt_strlen     kservice.o
    0x000068f0   0x000068f0   0x00000040   Code   RO         1322    .text.rt_strncpy    kservice.o
    0x00006930   0x00006930   0x00000118   Code   RO         1373    .text.rt_system_heap_init  mem.o
    0x00006a48   0x00006a48   0x00000050   Code   RO         1437    .text.rt_system_scheduler_init  scheduler.o
    0x00006a98   0x00006a98   0x00000038   Code   RO         1439    .text.rt_system_scheduler_start  scheduler.o
    0x00006ad0   0x00006ad0   0x0000000e   Code   RO         1532    .text.rt_system_timer_init  timer.o
    0x00006ade   0x00006ade   0x00000002   PAD
    0x00006ae0   0x00006ae0   0x00000002   Code   RO         1534    .text.rt_system_timer_thread_init  timer.o
    0x00006ae2   0x00006ae2   0x00000002   PAD
    0x00006ae4   0x00006ae4   0x00000046   Code   RO         1483    .text.rt_thread_create  thread.o
    0x00006b2a   0x00006b2a   0x00000002   PAD
    0x00006b2c   0x00006b2c   0x0000006e   Code   RO         1469    .text.rt_thread_exit  thread.o
    0x00006b9a   0x00006b9a   0x00000002   PAD
    0x00006b9c   0x00006b9c   0x00000006   Code   RO         1247    .text.rt_thread_idle_entry  idle.o
    0x00006ba2   0x00006ba2   0x00000002   PAD
    0x00006ba4   0x00006ba4   0x00000098   Code   RO         1243    .text.rt_thread_idle_excute  idle.o
    0x00006c3c   0x00006c3c   0x00000050   Code   RO         1245    .text.rt_thread_idle_init  idle.o
    0x00006c8c   0x00006c8c   0x00000088   Code   RO         1471    .text.rt_thread_init  thread.o
    0x00006d14   0x00006d14   0x0000000e   Code   RO         1497    .text.rt_thread_mdelay  thread.o
    0x00006d22   0x00006d22   0x00000002   PAD
    0x00006d24   0x00006d24   0x00000082   Code   RO         1479    .text.rt_thread_resume  thread.o
    0x00006da6   0x00006da6   0x00000002   PAD
    0x00006da8   0x00006da8   0x0000000c   Code   RO         1475    .text.rt_thread_self  thread.o
    0x00006db4   0x00006db4   0x00000086   Code   RO         1489    .text.rt_thread_sleep  thread.o
    0x00006e3a   0x00006e3a   0x00000002   PAD
    0x00006e3c   0x00006e3c   0x000000c4   Code   RO         1477    .text.rt_thread_startup  thread.o
    0x00006f00   0x00006f00   0x0000007e   Code   RO         1491    .text.rt_thread_suspend  thread.o
    0x00006f7e   0x00006f7e   0x00000002   PAD
    0x00006f80   0x00006f80   0x000000c0   Code   RO         1501    .text.rt_thread_timeout  thread.o
    0x00007040   0x00007040   0x00000070   Code   RO         1487    .text.rt_thread_yield  thread.o
    0x000070b0   0x000070b0   0x00000006   Code   RO         1198    .text.rt_tick_from_millisecond  clock.o
    0x000070b6   0x000070b6   0x00000002   PAD
    0x000070b8   0x000070b8   0x0000000c   Code   RO         1192    .text.rt_tick_get   clock.o
    0x000070c4   0x000070c4   0x00000034   Code   RO         1196    .text.rt_tick_increase  clock.o
    0x000070f8   0x000070f8   0x000000b0   Code   RO         1528    .text.rt_timer_check  timer.o
    0x000071a8   0x000071a8   0x00000088   Code   RO         1526    .text.rt_timer_control  timer.o
    0x00007230   0x00007230   0x000000ac   Code   RO         1516    .text.rt_timer_detach  timer.o
    0x000072dc   0x000072dc   0x0000005c   Code   RO         1514    .text.rt_timer_init  timer.o
    0x00007338   0x00007338   0x00000104   Code   RO         1522    .text.rt_timer_start  timer.o
    0x0000743c   0x0000743c   0x00000074   Code   RO         1524    .text.rt_timer_stop  timer.o
    0x000074b0   0x000074b0   0x0000036c   Code   RO         1336    .text.rt_vsnprintf  kservice.o
    0x0000781c   0x0000781c   0x00000004   Code   RO         1213    .text.rti_board_end  components.o
    0x00007820   0x00007820   0x00000004   Code   RO         1211    .text.rti_board_start  components.o
    0x00007824   0x00007824   0x00000004   Code   RO         1215    .text.rti_end       components.o
    0x00007828   0x00007828   0x00000004   Code   RO         1209    .text.rti_start     components.o
    0x0000782c   0x0000782c   0x00000070   Code   RO         1223    .text.rtthread_startup  components.o
    0x0000789c   0x0000789c   0x0000003a   Code   RO           73    .text.update_system_clock_frequencies  sysclock.o
    0x000078d6   0x000078d6   0x00000002   PAD
    0x000078d8   0x000078d8   0x000000d8   Code   RO         2210    .text.usart_sync_init  usart_sync.o
    0x000079b0   0x000079b0   0x00000044   Code   RO         2214    .text.usart_sync_write  usart_sync.o
    0x000079f4   0x000079f4   0x0000003e   Code   RO         2772    CL$$btod_d2e        c_w.l(btod.o)
    0x00007a32   0x00007a32   0x00000046   Code   RO         2774    CL$$btod_d2e_denorm_low  c_w.l(btod.o)
    0x00007a78   0x00007a78   0x00000060   Code   RO         2773    CL$$btod_d2e_norm_op1  c_w.l(btod.o)
    0x00007ad8   0x00007ad8   0x00000338   Code   RO         2782    CL$$btod_div_common  c_w.l(btod.o)
    0x00007e10   0x00007e10   0x000000dc   Code   RO         2779    CL$$btod_e2e        c_w.l(btod.o)
    0x00007eec   0x00007eec   0x0000002a   Code   RO         2776    CL$$btod_ediv       c_w.l(btod.o)
    0x00007f16   0x00007f16   0x0000002a   Code   RO         2775    CL$$btod_emul       c_w.l(btod.o)
    0x00007f40   0x00007f40   0x00000244   Code   RO         2781    CL$$btod_mult_common  c_w.l(btod.o)
    0x00008184   0x00008184   0x00000030   Code   RO         2834    i.__ARM_fpclassify  m_wm.l(fpclassify.o)
    0x000081b4   0x000081b4   0x0000000e   Code   RO         2359    i._is_digit         c_w.l(__printf_wp.o)
    0x000081c2   0x000081c2   0x00000002   PAD
    0x000081c4   0x000081c4   0x0000002c   Code   RO         2581    locale$$code        c_w.l(lc_ctype_c.o)
    0x000081f0   0x000081f0   0x0000002c   Code   RO         2730    locale$$code        c_w.l(lc_numeric_c.o)
    0x0000821c   0x0000821c   0x0000001a   Code   RO         2750    x$fpl$fpinit        fz_wm.l(fpinit.o)
    0x00008236   0x00008236   0x00000004   Code   RO         2660    x$fpl$printf1       fz_wm.l(printf1.o)
    0x0000823a   0x0000823a   0x00000004   Code   RO         2662    x$fpl$printf2       fz_wm.l(printf2.o)
    0x0000823e   0x0000823e   0x00000000   Code   RO         2668    x$fpl$usenofp       fz_wm.l(usenofp.o)
    0x0000823e   0x0000823e   0x00000011   Data   RO         2367    .constdata          c_w.l(__printf_flags_ss_wp.o)
    0x0000824f   0x0000824f   0x00000001   PAD
    0x00008250   0x00008250   0x00000008   Data   RO         2523    .constdata          c_w.l(_printf_wctomb.o)
    0x00008258   0x00008258   0x00000028   Data   RO         2552    .constdata          c_w.l(_printf_hex_int_ll_ptr.o)
    0x00008280   0x00008280   0x00000026   Data   RO         2715    .constdata          c_w.l(_printf_fp_hex.o)
    0x000082a6   0x000082a6   0x00000002   PAD
    0x000082a8   0x000082a8   0x00000094   Data   RO         2770    .constdata          c_w.l(bigflt0.o)
    0x0000833c   0x0000833c   0x000000f9   Data   RO         1584    .rodata.PIN_MAP     variant.o
    0x00008435   0x00008435   0x00000003   PAD
    0x00008438   0x00008438   0x00000034   Data   RO         2145    .rodata._ZTV5Usart  usart.o
    0x0000846c   0x0000846c   0x00000100   Data   RO         1363    .rodata.__lowest_bit_bitmap  kservice.o
    0x0000856c   0x0000856c   0x00000021   Data   RO          227    .rodata.str1.1      hc32f460_adc.o
    0x0000858d   0x0000858d   0x00000021   Data   RO          310    .rodata.str1.1      hc32f460_clk.o
    0x000085ae   0x000085ae   0x00000022   Data   RO          353    .rodata.str1.1      hc32f460_gpio.o
    0x000085d0   0x000085d0   0x00000023   Data   RO          861    .rodata.str1.1      hc32f460_usart.o
    0x000085f3   0x000085f3   0x00000021   Data   RO          944    .rodata.str1.1      hc32f460_efm.o
    0x00008614   0x00008614   0x00000022   Data   RO          969    .rodata.str1.1      hc32f460_sram.o
    0x00008636   0x00008636   0x00000021   Data   RO         1073    .rodata.str1.1      hc32f460_pwc.o
    0x00008657   0x00008657   0x00000024   Data   RO         1151    .rodata.str1.1      hc32f460_timera.o
    0x0000867b   0x0000867b   0x00000028   Data   RO         1233    .rodata.str1.1      components.o
    0x000086a3   0x000086a3   0x00000016   Data   RO         1251    .rodata.str1.1      idle.o
    0x000086b9   0x000086b9   0x000000ec   Data   RO         1278    .rodata.str1.1      ipc.o
    0x000087a5   0x000087a5   0x00000009   Data   RO         1361    .rodata.str1.1      kservice.o
    0x000087ae   0x000087ae   0x0000013d   Data   RO         1387    .rodata.str1.1      mem.o
    0x000088eb   0x000088eb   0x0000006b   Data   RO         1428    .rodata.str1.1      object.o
    0x00008956   0x00008956   0x00000012   Data   RO         1459    .rodata.str1.1      scheduler.o
    0x00008968   0x00008968   0x000000f2   Data   RO         1505    .rodata.str1.1      thread.o
    0x00008a5a   0x00008a5a   0x0000009b   Data   RO         1536    .rodata.str1.1      timer.o
    0x00008af5   0x00008af5   0x00000093   Data   RO         1558    .rodata.str1.1      cpuport.o
    0x00008b88   0x00008b88   0x0000004f   Data   RO         2147    .rodata.str1.1      usart.o
    0x00008bd7   0x00008bd7   0x00000001   PAD
    0x00008bd8   0x00008bd8   0x00000004   Data   RO         1229    .rti_fn.0           components.o
    0x00008bdc   0x00008bdc   0x00000004   Data   RO         1230    .rti_fn.0.end       components.o
    0x00008be0   0x00008be0   0x00000004   Data   RO           34    .rti_fn.1           initboard.o
    0x00008be4   0x00008be4   0x00000004   Data   RO         1231    .rti_fn.1.end       components.o
    0x00008be8   0x00008be8   0x00000004   Data   RO         1232    .rti_fn.6.end       components.o
    0x00008bec   0x00008bec   0x00000020   Data   RO         2943    Region$$Table       anon$$obj.o
    0x00008c0c   0x00008c0c   0x00000110   Data   RO         2580    locale$$data        c_w.l(lc_ctype_c.o)
    0x00008d1c   0x00008d1c   0x0000001c   Data   RO         2729    locale$$data        c_w.l(lc_numeric_c.o)
    0x00008d38   0x00008d38   0x00000004   Data   RO         2148    .init_array         usart.o
    0x00008d3c   0x00008d38   0x00000000   Data   RO         2421    .init_array         c_w.l(init_aeabi.o)


    Execution Region RW_IRAM1 (Exec base: 0x1fff8000, Load base: 0x00008d40, Size: 0x0000a130, Max: 0x0002f000, ABSOLUTE, COMPRESSED[0x00000108])

    Exec Addr    Load Addr    Size         Type   Attr      Idx    E Section Name        Object

    0x1fff8000   COMPRESSED   0x00000004   Data   RW         2734    .data               c_w.l(cxa_finalize.o)
    0x1fff8004   COMPRESSED   0x00000004   Data   RW         2737    .data               c_w.l(atexit_init.o)
    0x1fff8008   COMPRESSED   0x00000010   Data   RW         2028    .data.ADC1_device   adc_config.o
    0x1fff8018   COMPRESSED   0x00000004   Data   RW          105    .data.HRC_VALUE     system_hc32f460.o
    0x1fff801c   COMPRESSED   0x00000004   Data   RW          106    .data.SystemCoreClock  system_hc32f460.o
    0x1fff8020   COMPRESSED   0x0000001c   Data   RW         2103    .data.TIMERA1_config  timera_config.o
    0x1fff803c   COMPRESSED   0x0000001c   Data   RW         2104    .data.TIMERA2_config  timera_config.o
    0x1fff8058   COMPRESSED   0x0000001c   Data   RW         2105    .data.TIMERA3_config  timera_config.o
    0x1fff8074   COMPRESSED   0x0000001c   Data   RW         2106    .data.TIMERA4_config  timera_config.o
    0x1fff8090   COMPRESSED   0x0000001c   Data   RW         2107    .data.TIMERA5_config  timera_config.o
    0x1fff80ac   COMPRESSED   0x0000001c   Data   RW         2108    .data.TIMERA6_config  timera_config.o
    0x1fff80c8   COMPRESSED   0x00000038   Data   RW         2197    .data.USART1_config  usart_config.o
    0x1fff8100   COMPRESSED   0x00000038   Data   RW         2198    .data.USART2_config  usart_config.o
    0x1fff8138   COMPRESSED   0x00000038   Data   RW         2199    .data.USART3_config  usart_config.o
    0x1fff8170   COMPRESSED   0x00000038   Data   RW         2200    .data.USART4_config  usart_config.o
    0x1fff81a8   COMPRESSED   0x00000010   Data   RW         2201    .data.USARTx        usart_config.o
    0x1fff81b8   COMPRESSED   0x00000030   Data   RW         1427    .data.rt_object_container  object.o
    0x1fff81e8        -       0x00000060   Zero   RW         2674    .bss                c_w.l(libspace.o)
    0x1fff8248        -       0x00000200   Zero   RW          731    .bss.IrqHandler     hc32f460_interrupts.o
    0x1fff8448        -       0x00000020   Zero   RW           77    .bss.SYSTEM_CLOCK_FREQUENCIES  sysclock.o
    0x1fff8468        -       0x00000024   Zero   RW         2144    .bss.Serial1        usart.o
    0x1fff848c        -       0x00000100   Zero   RW         2084    .bss._ZL19panic_printf_buffer  panic.o
    0x1fff858c        -       0x00000012   Zero   RW         2055    .bss._ZN11IRQnManager9bitfield_E  irqn.o
    0x1fff859e   COMPRESSED   0x00000002   PAD
    0x1fff85a0        -       0x00000054   Zero   RW           91    .bss.__stdout       syscalls.o
    0x1fff85f4        -       0x00000004   Zero   RW         1390    .bss.heap_end       mem.o
    0x1fff85f8        -       0x00000004   Zero   RW         1389    .bss.heap_ptr       mem.o
    0x1fff85fc        -       0x00000020   Zero   RW         1391    .bss.heap_sem       mem.o
    0x1fff861c        -       0x00000078   Zero   RW         1252    .bss.idle           idle.o
    0x1fff8694        -       0x00000004   Zero   RW         1392    .bss.lfree          mem.o
    0x1fff8698        -       0x00000004   Zero   RW          888    .bss.m_u32TickStep  hc32f460_utility.o
    0x1fff869c        -       0x00000004   Zero   RW         1394    .bss.max_mem        mem.o
    0x1fff86a0        -       0x00000004   Zero   RW         1388    .bss.mem_size_aligned  mem.o
    0x1fff86a4        -       0x00000004   Zero   RW         1364    .bss.rt_assert_hook  kservice.o
    0x1fff86a8        -       0x00000001   Zero   RW         1456    .bss.rt_current_priority  scheduler.o
    0x1fff86a9   COMPRESSED   0x00000003   PAD
    0x1fff86ac        -       0x00000004   Zero   RW         1453    .bss.rt_current_thread  scheduler.o
    0x1fff86b0        -       0x00000004   Zero   RW         1557    .bss.rt_exception_hook  cpuport.o
    0x1fff86b4        -       0x00008000   Zero   RW           23    .bss.rt_heap        board.o
    0x200006b4        -       0x00000004   Zero   RW         1559    .bss.rt_interrupt_from_thread  cpuport.o
    0x200006b8        -       0x00000001   Zero   RW         1293    .bss.rt_interrupt_nest  irq.o
    0x200006b9   COMPRESSED   0x00000003   PAD
    0x200006bc        -       0x00000004   Zero   RW         1560    .bss.rt_interrupt_to_thread  cpuport.o
    0x200006c0        -       0x00000100   Zero   RW         1362    .bss.rt_kprintf.rt_log_buf  kservice.o
    0x200007c0        -       0x00000002   Zero   RW         1454    .bss.rt_scheduler_lock_nest  scheduler.o
    0x200007c2   COMPRESSED   0x00000002   PAD
    0x200007c4        -       0x00000008   Zero   RW         1458    .bss.rt_thread_defunct  scheduler.o
    0x200007cc        -       0x00000040   Zero   RW         1455    .bss.rt_thread_priority_table  scheduler.o
    0x2000080c        -       0x00000004   Zero   RW         1457    .bss.rt_thread_ready_priority_group  scheduler.o
    0x20000810        -       0x00000100   Zero   RW         1253    .bss.rt_thread_stack  idle.o
    0x20000910        -       0x00000004   Zero   RW         1561    .bss.rt_thread_switch_interrupt_flag  cpuport.o
    0x20000914        -       0x00000004   Zero   RW         1200    .bss.rt_tick        clock.o
    0x20000918        -       0x00000008   Zero   RW         1538    .bss.rt_timer_list  timer.o
    0x20000920        -       0x00000004   Zero   RW         1537    .bss.rt_timer_start.random_nr  timer.o
    0x20000924        -       0x00000004   Zero   RW           51    .bss.systick_ticks  delay.o
    0x20000928        -       0x00000004   Zero   RW         1393    .bss.used_mem       mem.o
    0x2000092c   COMPRESSED   0x00000004   PAD
    0x20000930        -       0x00001000   Zero   RW          115    HEAP                startup_hc32f460.o
    0x20001930        -       0x00000800   Zero   RW          114    STACK               startup_hc32f460.o


==============================================================================

Image component sizes


      Code (inc. data)   RO Data    RW Data    ZI Data      Debug   Object Name

       136          0          0          0          0      18542   adc.o
         0          0          0         16          0       7755   adc_config.o
       158          0          0          0      32768      17833   board.o
        70          0          0          0          4       2669   clock.o
       230          0         56          0          0       3720   components.o
       308         28          0          0          0        892   context_rvds.o
       478        160        147          0         16       3511   cpuport.o
        64         40          0          0          0        855   ddl_assert.o
         8          0          0          0          4       2272   delay.o
        38          0          0          0          0       1328   hc32_ddl.o
       662          0         33          0          0      38422   hc32f460_adc.o
      1770         10         33          0          0      35281   hc32f460_clk.o
        86          0         33          0          0      12854   hc32f460_efm.o
       714          0         34          0          0      25159   hc32f460_gpio.o
      2768         40          0          0        512      39858   hc32f460_interrupts.o
       372          0         33          0          0      55559   hc32f460_pwc.o
       280          0         34          0          0       5056   hc32f460_sram.o
       944          0         36          0          0      40323   hc32f460_timera.o
      1796         20         35          0          0      31687   hc32f460_usart.o
       164          0          0          0          4       7269   hc32f460_utility.o
       238         52         22          0        376       3097   idle.o
        22          0          4          0          0      17746   initboard.o
       664         56        236          0          0       7885   ipc.o
        80          0          0          0          1       1192   irq.o
       276          0          0          0         18      16451   irqn.o
      1956        430        265          0        260      17080   kservice.o
        44          8          0          0          0      17630   main.o
      1624        384        317          0         56       6066   mem.o
        28          0          0          0          0       6515   new.o
       702        128        107         48          0       7757   object.o
       116          0          0          0        256      12089   panic.o
        46          0          0          0          0      38428   print.o
       762        140         18          0         83       5320   scheduler.o
       128         42        640          0       6144        888   startup_hc32f460.o
        16          0          0          0         84       1210   syscalls.o
       294          0          0          0         32       4266   sysclock.o
       358         12          0          8          0      13907   system_hc32f460.o
      1416        192        242          0          0       9914   thread.o
       968        102        155          0         12       8019   timer.o
         0          0          0        168          0      16058   timera_config.o
      1620          0        135          0         36      40608   usart.o
       826          0          0        240          0      28512   usart_config.o
       284          0          0          0          0      15078   usart_sync.o
         0          0        249          0          0       7866   variant.o
       844         66          0          0          0      30518   wiring_digital.o
         8          0          0          0          0        406   yield.o

    ----------------------------------------------------------------------
     24580       1910       2900        480      40680     685351   Object Totals
         0          0         32          0          0          0   (incl. Generated)
       214          0          4          0         14          0   (incl. Padding)

    ----------------------------------------------------------------------

      Code (inc. data)   RO Data    RW Data    ZI Data      Debug   Library Member Name

        58          0          0          0          0          0   __dczerorl.o
         8          0          0          0          0         68   __main.o
       392          4         17          0          0         92   __printf_flags_ss_wp.o
        14          0          0          0          0         68   __printf_wp.o
         0          0          0          0          0          0   __rtentry.o
        12          0          0          0          0          0   __rtentry2.o
         6          0          0          0          0          0   __rtentry4.o
        94          8          0          0          0          0   __scatter.o
        28          0          0          0          0          0   __scatter_zi.o
        72          0          0          0          0         96   _c16rtomb.o
         6          0          0          0          0          0   _printf_a.o
         6          0          0          0          0          0   _printf_c.o
        44          0          0          0          0        108   _printf_char.o
        48          6          0          0          0         96   _printf_char_common.o
        40          0          0          0          0         68   _printf_charcount.o
         6          0          0          0          0          0   _printf_d.o
       120         16          0          0          0         92   _printf_dec.o
         6          0          0          0          0          0   _printf_e.o
         6          0          0          0          0          0   _printf_f.o
      1052          0          0          0          0        148   _printf_fp_dec.o
       764          8         38          0          0        100   _printf_fp_hex.o
       128         16          0          0          0         84   _printf_fp_infnan.o
         6          0          0          0          0          0   _printf_g.o
       148          4         40          0          0        160   _printf_hex_int_ll_ptr.o
         6          0          0          0          0          0   _printf_i.o
       178          0          0          0          0         88   _printf_intcommon.o
        10          0          0          0          0          0   _printf_l.o
         6          0          0          0          0          0   _printf_lc.o
        10          0          0          0          0          0   _printf_ll.o
         6          0          0          0          0          0   _printf_lld.o
         6          0          0          0          0          0   _printf_lli.o
         6          0          0          0          0          0   _printf_llo.o
         6          0          0          0          0          0   _printf_llu.o
         6          0          0          0          0          0   _printf_llx.o
       124         16          0          0          0         92   _printf_longlong_dec.o
         6          0          0          0          0          0   _printf_ls.o
         6          0          0          0          0          0   _printf_n.o
         6          0          0          0          0          0   _printf_o.o
       112          8          0          0          0        124   _printf_oct_int_ll.o
         6          0          0          0          0          0   _printf_p.o
        78          0          0          0          0        108   _printf_pad.o
         0          0          0          0          0          0   _printf_percent.o
         4          0          0          0          0          0   _printf_percent_end.o
         6          0          0          0          0          0   _printf_s.o
        82          0          0          0          0         80   _printf_str.o
        36          0          0          0          0         84   _printf_truncate.o
         6          0          0          0          0          0   _printf_u.o
        44          0          0          0          0        108   _printf_wchar.o
       188          6          8          0          0         92   _printf_wctomb.o
         6          0          0          0          0          0   _printf_x.o
        16          0          0          0          0         68   _snputc.o
        72          8          0          0          0         84   aeabi_atexit.o
        16          0          0          0          0         68   aeabi_memset.o
        12          6          0          4          0         68   atexit_init.o
       228          4        148          0          0         96   bigflt0.o
      1936        128          0          0          0        668   btod.o
        10          0          0          0          0         68   cxa_atexit.o
       100          8          0          4          0         88   cxa_finalize.o
        10          0          0          0          0         68   defsig_exit.o
        50          0          0          0          0         88   defsig_general.o
        80         58          0          0          0         76   defsig_rtmem_inner.o
        14          0          0          0          0         80   defsig_rtmem_outer.o
        18          0          0          0          0         80   exit.o
        94          0          0          0          0         80   h1_alloc.o
        52          0          0          0          0         68   h1_extend.o
        78          0          0          0          0         80   h1_free.o
        12          0          0          0          0         84   h1_init.o
         6          0          0          0          0        152   heapauxi.o
         4          0          0          0          0        136   hguard.o
        44          8          0          0          0         80   init_aeabi.o
       138          0          0          0          0        168   init_alloc.o
        44         10        272          0          0         76   lc_ctype_c.o
        44         10         28          0          0         76   lc_numeric_c.o
         2          0          0          0          0          0   libinit.o
        50          0          0          0          0          0   libinit2.o
         2          0          0          0          0          0   libshutdown.o
         8          0          0          0          0          0   libshutdown2.o
         8          4          0          0         96         68   libspace.o
       138          0          0          0          0         80   lludiv10.o
       240          0          0          0          0        100   lludivv7m.o
         0          0          0          0          0          0   maybetermalloc1.o
         4          0          0          0          0         68   mutex_dummy.o
        12          6          0          0          0         68   putchar.o
        16          4          0          0          0         76   rt_ctype_table.o
         8          4          0          0          0         68   rt_ddtor_pointer_addr_intlibspace.o
         8          4          0          0          0         68   rt_heap_descriptor_intlibspace.o
         8          4          0          0          0         68   rt_locale_intlibspace.o
        68          0          0          0          0         68   rt_memclr.o
        78          0          0          0          0         80   rt_memclr_w.o
         2          0          0          0          0          0   rtexit.o
        10          0          0          0          0          0   rtexit2.o
       124          0          0          0          0         88   strcmpv7em.o
        74          0          0          0          0         80   sys_stackheap_outer.o
         2          0          0          0          0         68   use_no_semi.o
         2          0          0          0          0         68   use_no_semi_2.o
        60          4          0          0          0         80   vsnprintf.o
        26          0          0          0          0        116   fpinit.o
         4          0          0          0          0        116   printf1.o
         4          0          0          0          0        116   printf2.o
         0          0          0          0          0          0   usenofp.o
        48          0          0          0          0        124   fpclassify.o

    ----------------------------------------------------------------------
      8122        362        554          8         96       6224   Library Totals
        24          0          3          0          0          0   (incl. Padding)

    ----------------------------------------------------------------------

      Code (inc. data)   RO Data    RW Data    ZI Data      Debug   Library Name

      8016        362        551          8         96       5752   c_w.l
        34          0          0          0          0        348   fz_wm.l
        48          0          0          0          0        124   m_wm.l

    ----------------------------------------------------------------------
      8122        362        554          8         96       6224   Library Totals

    ----------------------------------------------------------------------

==============================================================================


      Code (inc. data)   RO Data    RW Data    ZI Data      Debug   

     32702       2272       3454        488      40776     687267   Grand Totals
     32702       2272       3454        264      40776     687267   ELF Image Totals (compressed)
     32702       2272       3454        264          0          0   ROM Totals

==============================================================================

    Total RO  Size (Code + RO Data)                36156 (  35.31kB)
    Total RW  Size (RW Data + ZI Data)             41264 (  40.30kB)
    Total ROM Size (Code + RO Data + RW Data)      36420 (  35.57kB)

==============================================================================

