Component: Arm Compiler for Embedded 6.24 Tool: armlink [5f371500]

==============================================================================

Section Cross References

    main.o(.text.main) refers to hal.o(.text._ZN3hal4InitEv) for hal::Init()
    main.o(.text.main) refers to wiring_digital.o(.text.pinMode) for pinMode
    main.o(.text.main) refers to wiring_digital.o(.text.digitalWrite) for digitalWrite
    main.o(.text.main) refers to hal_test.o(.text._Z19i2cSlave_Initializev) for i2cSlave_Initialize()
    main.o(.text.main) refers to hal_test.o(.text._Z20I2C_Slave_Receive_ITv) for I2C_Slave_Receive_IT()
    main.o(.text.main) refers to main.o(.data._ZL19led_thread_priority) for led_thread_priority
    main.o(.text.main) refers to main.o(.rodata.str1.1) for .L.str
    main.o(.text.main) refers to main.o(.text._ZL16led_thread_entryPv) for led_thread_entry(void*)
    main.o(.text.main) refers to thread.o(.text.rt_thread_create) for rt_thread_create
    main.o(.text.main) refers to main.o(.bss._ZL10led_thread) for led_thread
    main.o(.text.main) refers to thread.o(.text.rt_thread_startup) for rt_thread_startup
    main.o(.text.main) refers to thread.o(.text.rt_thread_mdelay) for rt_thread_mdelay
    main.o(.ARM.exidx.text.main) refers to main.o(.text.main) for [Anonymous Symbol]
    main.o(.text._ZL16led_thread_entryPv) refers to main.o(.rodata.str1.1) for .L.str.1
    main.o(.text._ZL16led_thread_entryPv) refers to printf.o(.text) for printf
    main.o(.text._ZL16led_thread_entryPv) refers to wiring_digital.o(.text.digitalToggle) for digitalToggle
    main.o(.text._ZL16led_thread_entryPv) refers to hal_test.o(.text._Z24i2cSlave_rxbuf_availablev) for i2cSlave_rxbuf_available()
    main.o(.text._ZL16led_thread_entryPv) refers to thread.o(.text.rt_thread_mdelay) for rt_thread_mdelay
    main.o(.ARM.exidx.text._ZL16led_thread_entryPv) refers to main.o(.text._ZL16led_thread_entryPv) for [Anonymous Symbol]
    board.o(.text.rt_heap_begin_get) refers to board.o(.bss.rt_heap) for rt_heap
    board.o(.ARM.exidx.text.rt_heap_begin_get) refers to board.o(.text.rt_heap_begin_get) for [Anonymous Symbol]
    board.o(.text.rt_heap_end_get) refers to board.o(.bss.rt_heap) for rt_heap
    board.o(.ARM.exidx.text.rt_heap_end_get) refers to board.o(.text.rt_heap_end_get) for [Anonymous Symbol]
    board.o(.text.rt_hw_board_init) refers to hc32_ddl.o(.text.LL_PERIPH_WE) for LL_PERIPH_WE
    board.o(.text.rt_hw_board_init) refers to sysclock.o(.text.clock_init) for clock_init
    board.o(.text.rt_hw_board_init) refers to delay.o(.text.delay_init) for delay_init
    board.o(.text.rt_hw_board_init) refers to board.o(.text.rt_heap_begin_get) for rt_heap_begin_get
    board.o(.text.rt_hw_board_init) refers to board.o(.text.rt_heap_end_get) for rt_heap_end_get
    board.o(.text.rt_hw_board_init) refers to mem.o(.text.rt_system_heap_init) for rt_system_heap_init
    board.o(.text.rt_hw_board_init) refers to components.o(.text.rt_components_board_init) for rt_components_board_init
    board.o(.ARM.exidx.text.rt_hw_board_init) refers to board.o(.text.rt_hw_board_init) for [Anonymous Symbol]
    board.o(.text.SysTick_Handler) refers to irq.o(.text.rt_interrupt_enter) for rt_interrupt_enter
    board.o(.text.SysTick_Handler) refers to clock.o(.text.rt_tick_increase) for rt_tick_increase
    board.o(.text.SysTick_Handler) refers to delay.o(.bss.systick_ticks) for systick_ticks
    board.o(.text.SysTick_Handler) refers to hal.o(.text.systick_handle) for systick_handle
    board.o(.text.SysTick_Handler) refers to irq.o(.text.rt_interrupt_leave) for rt_interrupt_leave
    board.o(.ARM.exidx.text.SysTick_Handler) refers to board.o(.text.SysTick_Handler) for [Anonymous Symbol]
    board.o(.text.rt_hw_console_output) refers to kservice.o(.text.rt_strlen) for rt_strlen
    board.o(.text.rt_hw_console_output) refers to usart.o(.text.io_putc) for io_putc
    board.o(.ARM.exidx.text.rt_hw_console_output) refers to board.o(.text.rt_hw_console_output) for [Anonymous Symbol]
    board.o(.text.rt_hw_console_getchar) refers to usart.o(.text.io_getc) for io_getc
    board.o(.ARM.exidx.text.rt_hw_console_getchar) refers to board.o(.text.rt_hw_console_getchar) for [Anonymous Symbol]
    initboard.o(.text._Z9boardInitv) refers to usart.o(.bss.Serial1) for Serial1
    initboard.o(.text._Z9boardInitv) refers to usart.o(.text._ZN5Usart5beginEj) for Usart::begin(unsigned int)
    initboard.o(.ARM.exidx.text._Z9boardInitv) refers to initboard.o(.text._Z9boardInitv) for [Anonymous Symbol]
    initboard.o(.rti_fn.1) refers to initboard.o(.text._Z9boardInitv) for boardInit()
    delay.o(.text.delay_init) refers to hc32f460_utility.o(.text.SysTick_Init) for SysTick_Init
    delay.o(.ARM.exidx.text.delay_init) refers to delay.o(.text.delay_init) for [Anonymous Symbol]
    delay.o(.text.millis) refers to delay.o(.bss.systick_ticks) for systick_ticks
    delay.o(.ARM.exidx.text.millis) refers to delay.o(.text.millis) for [Anonymous Symbol]
[...]
    0x000003fe   0x000003fe   0x00000004   Code   RO         2908    .ARM.Collect$$libinit$$00000033  c_w.l(libinit2.o)
    0x00000402   0x00000402   0x00000000   Code   RO         2909    .ARM.Collect$$libinit$$00000034  c_w.l(libinit2.o)
    0x00000402   0x00000402   0x00000002   Code   RO         2910    .ARM.Collect$$libinit$$00000035  c_w.l(libinit2.o)
    0x00000404   0x00000404   0x00000002   Code   RO         3186    .ARM.Collect$$libshutdown$$00000000  c_w.l(libshutdown.o)
    0x00000406   0x00000406   0x00000006   Code   RO         3090    .ARM.Collect$$libshutdown$$00000001  c_w.l(libshutdown2.o)
    0x0000040c   0x0000040c   0x00000000   Code   RO         3091    .ARM.Collect$$libshutdown$$00000002  c_w.l(libshutdown2.o)
    0x0000040c   0x0000040c   0x00000000   Code   RO         3093    .ARM.Collect$$libshutdown$$00000004  c_w.l(libshutdown2.o)
    0x0000040c   0x0000040c   0x00000000   Code   RO         3096    .ARM.Collect$$libshutdown$$00000007  c_w.l(libshutdown2.o)
    0x0000040c   0x0000040c   0x00000000   Code   RO         3099    .ARM.Collect$$libshutdown$$0000000A  c_w.l(libshutdown2.o)
    0x0000040c   0x0000040c   0x00000000   Code   RO         3101    .ARM.Collect$$libshutdown$$0000000C  c_w.l(libshutdown2.o)
    0x0000040c   0x0000040c   0x00000000   Code   RO         3104    .ARM.Collect$$libshutdown$$0000000F  c_w.l(libshutdown2.o)
    0x0000040c   0x0000040c   0x00000002   Code   RO         3105    .ARM.Collect$$libshutdown$$00000010  c_w.l(libshutdown2.o)
    0x0000040e   0x0000040e   0x00000000   Code   RO         2708    .ARM.Collect$$rtentry$$00000000  c_w.l(__rtentry.o)
    0x0000040e   0x0000040e   0x00000000   Code   RO         2946    .ARM.Collect$$rtentry$$00000002  c_w.l(__rtentry2.o)
    0x0000040e   0x0000040e   0x00000006   Code   RO         2958    .ARM.Collect$$rtentry$$00000004  c_w.l(__rtentry4.o)
    0x00000414   0x00000414   0x00000000   Code   RO         2948    .ARM.Collect$$rtentry$$00000009  c_w.l(__rtentry2.o)
    0x00000414   0x00000414   0x00000004   Code   RO         2949    .ARM.Collect$$rtentry$$0000000A  c_w.l(__rtentry2.o)
    0x00000418   0x00000418   0x00000000   Code   RO         2951    .ARM.Collect$$rtentry$$0000000C  c_w.l(__rtentry2.o)
    0x00000418   0x00000418   0x00000008   Code   RO         2952    .ARM.Collect$$rtentry$$0000000D  c_w.l(__rtentry2.o)
    0x00000420   0x00000420   0x00000002   Code   RO         3110    .ARM.Collect$$rtexit$$00000000  c_w.l(rtexit.o)
    0x00000422   0x00000422   0x00000000   Code   RO         3148    .ARM.Collect$$rtexit$$00000002  c_w.l(rtexit2.o)
    0x00000422   0x00000422   0x00000004   Code   RO         3149    .ARM.Collect$$rtexit$$00000003  c_w.l(rtexit2.o)
    0x00000426   0x00000426   0x00000006   Code   RO         3150    .ARM.Collect$$rtexit$$00000004  c_w.l(rtexit2.o)
    0x0000042c   0x0000042c   0x00000080   Code   RO          118    .text               startup_hc32f460.o
    0x000004ac   0x000004ac   0x00000134   Code   RO         1715    .text               context_rvds.o
    0x000005e0   0x000005e0   0x00000002   Code   RO         2529    .text               c_w.l(use_no_semi_2.o)
    0x000005e2   0x000005e2   0x00000002   PAD
    0x000005e4   0x000005e4   0x00000010   Code   RO         2531    .text               c_w.l(rt_ctype_table.o)
    0x000005f4   0x000005f4   0x0000005e   Code   RO         2539    .text               c_w.l(h1_alloc.o)
    0x00000652   0x00000652   0x0000004e   Code   RO         2541    .text               c_w.l(h1_free.o)
    0x000006a0   0x000006a0   0x000000f0   Code   RO         2601    .text               c_w.l(lludivv7m.o)
    0x00000790   0x00000790   0x00000074   Code   RO         2603    .text               c_w.l(llsdiv.o)
    0x00000804   0x00000804   0x00000018   Code   RO         2609    .text               c_w.l(printf.o)
    0x0000081c   0x0000081c   0x0000003c   Code   RO         2615    .text               c_w.l(vsnprintf.o)
    0x00000858   0x00000858   0x0000000a   Code   RO         2627    .text               c_w.l(cxa_atexit.o)
    0x00000862   0x00000862   0x0000003e   Code   RO         2638    .text               c_w.l(strlen.o)
    0x000008a0   0x000008a0   0x0000007c   Code   RO         2654    .text               c_w.l(strcmpv7em.o)
    0x0000091c   0x0000091c   0x00000006   Code   RO         2656    .text               c_w.l(heapauxi.o)
    0x00000922   0x00000922   0x00000002   PAD
    0x00000924   0x00000924   0x0000002c   Code   RO         2663    .text               c_w.l(init_aeabi.o)
    0x00000950   0x00000950   0x00000002   Code   RO         2704    .text               c_w.l(use_no_semi.o)
    0x00000952   0x00000952   0x00000004   Code   RO         2706    .text               c_w.l(mutex_dummy.o)
    0x00000956   0x00000956   0x00000002   PAD
    0x00000958   0x00000958   0x00000008   Code   RO         2716    .text               c_w.l(rt_heap_descriptor_intlibspace.o)
    0x00000960   0x00000960   0x00000008   Code   RO         2721    .text               c_w.l(rt_locale_intlibspace.o)
    0x00000968   0x00000968   0x00000004   Code   RO         2728    .text               c_w.l(hguard.o)
    0x0000096c   0x0000096c   0x0000008a   Code   RO         2730    .text               c_w.l(init_alloc.o)
    0x000009f6   0x000009f6   0x0000000c   Code   RO         2734    .text               c_w.l(h1_init.o)
    0x00000a02   0x00000a02   0x0000004e   Code   RO         2750    .text               c_w.l(_printf_pad.o)
    0x00000a50   0x00000a50   0x00000024   Code   RO         2752    .text               c_w.l(_printf_truncate.o)
    0x00000a74   0x00000a74   0x00000052   Code   RO         2754    .text               c_w.l(_printf_str.o)
    0x00000ac6   0x00000ac6   0x00000002   PAD
    0x00000ac8   0x00000ac8   0x00000078   Code   RO         2756    .text               c_w.l(_printf_dec.o)
    0x00000b40   0x00000b40   0x00000028   Code   RO         2758    .text               c_w.l(_printf_charcount.o)
    0x00000b68   0x00000b68   0x00000030   Code   RO         2760    .text               c_w.l(_printf_char_common.o)
    0x00000b98   0x00000b98   0x00000010   Code   RO         2764    .text               c_w.l(_snputc.o)
    0x00000ba8   0x00000ba8   0x00000024   Code   RO         2766    .text               c_w.l(_printf_char_file.o)
    0x00000bcc   0x00000bcc   0x000000bc   Code   RO         2768    .text               c_w.l(_printf_wctomb.o)
    0x00000c88   0x00000c88   0x0000007c   Code   RO         2771    .text               c_w.l(_printf_longlong_dec.o)
    0x00000d04   0x00000d04   0x00000070   Code   RO         2777    .text               c_w.l(_printf_oct_int_ll.o)
    0x00000d74   0x00000d74   0x00000094   Code   RO         2797    .text               c_w.l(_printf_hex_int_ll_ptr.o)
    0x00000e08   0x00000e08   0x00000188   Code   RO         2817    .text               c_w.l(__printf_flags_ss_wp.o)
    0x00000f90   0x00000f90   0x00000048   Code   RO         2853    .text               c_w.l(aeabi_atexit.o)
    0x00000fd8   0x00000fd8   0x00000008   Code   RO         2942    .text               c_w.l(libspace.o)
    0x00000fe0   0x00000fe0   0x00000008   Code   RO         2965    .text               c_w.l(rt_ddtor_pointer_addr_intlibspace.o)
    0x00000fe8   0x00000fe8   0x00000000   Code   RO         2969    .text               c_w.l(maybetermalloc1.o)
    0x00000fe8   0x00000fe8   0x00000034   Code   RO         2971    .text               c_w.l(h1_extend.o)
    0x0000101c   0x0000101c   0x0000008a   Code   RO         2975    .text               c_w.l(lludiv10.o)
    0x000010a6   0x000010a6   0x000000b2   Code   RO         2977    .text               c_w.l(_printf_intcommon.o)
    0x00001158   0x00001158   0x0000041c   Code   RO         2979    .text               c_w.l(_printf_fp_dec.o)
    0x00001574   0x00001574   0x000002fc   Code   RO         2983    .text               c_w.l(_printf_fp_hex.o)
    0x00001870   0x00001870   0x0000002c   Code   RO         2988    .text               c_w.l(_printf_char.o)
    0x0000189c   0x0000189c   0x0000002c   Code   RO         2990    .text               c_w.l(_printf_wchar.o)
    0x000018c8   0x000018c8   0x00000008   Code   RO         2997    .text               c_w.l(ferror.o)
    0x000018d0   0x000018d0   0x00000048   Code   RO         3001    .text               c_w.l(_c16rtomb.o)
    0x00001918   0x00001918   0x00000064   Code   RO         3006    .text               c_w.l(cxa_finalize.o)
    0x0000197c   0x0000197c   0x0000000c   Code   RO         3010    .text               c_w.l(atexit_init.o)
    0x00001988   0x00001988   0x0000000e   Code   RO         3013    .text               c_w.l(defsig_rtmem_outer.o)
    0x00001996   0x00001996   0x0000004a   Code   RO         3029    .text               c_w.l(sys_stackheap_outer.o)
    0x000019e0   0x000019e0   0x00000080   Code   RO         3035    .text               c_w.l(_printf_fp_infnan.o)
    0x00001a60   0x00001a60   0x000000e4   Code   RO         3043    .text               c_w.l(bigflt0.o)
    0x00001b44   0x00001b44   0x00000012   Code   RO         3070    .text               c_w.l(exit.o)
    0x00001b56   0x00001b56   0x0000000a   Code   RO         3072    .text               c_w.l(defsig_exit.o)
    0x00001b60   0x00001b60   0x00000050   Code   RO         3078    .text               c_w.l(defsig_rtmem_inner.o)
    0x00001bb0   0x00001bb0   0x00000032   Code   RO         3125    .text               c_w.l(defsig_general.o)
    0x00001be2   0x00001be2   0x00000002   PAD
    0x00001be4   0x00001be4   0x0000000a   Code   RO         1316    .text.$Sub$$main    components.o
    0x00001bee   0x00001bee   0x00000002   PAD
    0x00001bf0   0x00001bf0   0x00000140   Code   RO          263    .text.ADC_AddAdcChannel  hc32f460_adc.o
    0x00001d30   0x00001d30   0x000000aa   Code   RO          265    .text.ADC_DelAdcChannel  hc32f460_adc.o
    0x00001dda   0x00001dda   0x00000002   PAD
    0x00001ddc   0x00001ddc   0x000001bc   Code   RO          251    .text.ADC_Init      hc32f460_adc.o
    0x00001f98   0x00001f98   0x000000ca   Code   RO          259    .text.ADC_TriggerSrcCmd  hc32f460_adc.o
    0x00002062   0x00002062   0x00000002   PAD
    0x00002064   0x00002064   0x00000008   Code   RO          557    .text.BusFault_Handler  hc32f460_interrupts.o
    0x0000206c   0x0000206c   0x0000017e   Code   RO          375    .text.CLK_GetClockFreq  hc32f460_clk.o
    0x000021ea   0x000021ea   0x00000002   PAD
    0x000021ec   0x000021ec   0x000000d2   Code   RO          341    .text.CLK_GetFlagStatus  hc32f460_clk.o
    0x000022be   0x000022be   0x00000002   PAD
    0x000022c0   0x000022c0   0x000000e2   Code   RO          363    .text.CLK_MpllCmd   hc32f460_clk.o
    0x000023a2   0x000023a2   0x00000002   PAD
    0x000023a4   0x000023a4   0x00000236   Code   RO          361    .text.CLK_MpllConfig  hc32f460_clk.o
    0x000025da   0x000025da   0x00000002   PAD
    0x000025dc   0x000025dc   0x00000070   Code   RO          359    .text.CLK_SetPllSource  hc32f460_clk.o
    0x0000264c   0x0000264c   0x00000198   Code   RO          369    .text.CLK_SetSysClkSource  hc32f460_clk.o
    0x000027e4   0x000027e4   0x00000242   Code   RO          373    .text.CLK_SysClkConfig  hc32f460_clk.o
    0x00002a26   0x00002a26   0x00000002   PAD
    0x00002a28   0x00002a28   0x0000014c   Code   RO          339    .text.CLK_XtalCmd   hc32f460_clk.o
    0x00002b74   0x00002b74   0x00000070   Code   RO          333    .text.CLK_XtalConfig  hc32f460_clk.o
    0x00002be4   0x00002be4   0x00000024   Code   RO         2304    .text.Ddl_AssertHandler  ddl_assert.o
    0x00002c08   0x00002c08   0x00000046   Code   RO          959    .text.Ddl_Delay1ms  hc32f460_utility.o
    0x00002c4e   0x00002c4e   0x00000002   PAD
    0x00002c50   0x00002c50   0x00000008   Code   RO          561    .text.DebugMon_Handler  hc32f460_interrupts.o
    0x00002c58   0x00002c58   0x00000024   Code   RO          992    .text.EFM_Lock      hc32f460_efm.o
    0x00002c7c   0x00002c7c   0x000000b8   Code   RO          996    .text.EFM_SetLatency  hc32f460_efm.o
    0x00002d34   0x00002d34   0x00000016   Code   RO          990    .text.EFM_Unlock    hc32f460_efm.o
    0x00002d4a   0x00002d4a   0x00000002   PAD
    0x00002d4c   0x00002d4c   0x00000056   Code   RO         1897    .text.GPIO_Init     winterrupts.o
    0x00002da2   0x00002da2   0x00000002   PAD
    0x00002da4   0x00002da4   0x00000052   Code   RO         1980    .text.GPIO_ResetBits  wiring_digital.o
    0x00002df6   0x00002df6   0x00000002   PAD
    0x00002df8   0x00002df8   0x00000052   Code   RO         1978    .text.GPIO_SetBits  wiring_digital.o
    0x00002e4a   0x00002e4a   0x00000002   PAD
    0x00002e4c   0x00002e4c   0x00000062   Code   RO         1972    .text.GPIO_SetFunc  wiring_digital.o
    0x00002eae   0x00002eae   0x00000002   PAD
    0x00002eb0   0x00002eb0   0x00000052   Code   RO         1984    .text.GPIO_Toggle   wiring_digital.o
    0x00002f02   0x00002f02   0x00000002   PAD
    0x00002f04   0x00002f04   0x00000308   Code   RO          465    .text.I2C_BaudrateConfig  hc32f460_i2c.o
    0x0000320c   0x0000320c   0x0000006a   Code   RO          495    .text.I2C_ClearStatus  hc32f460_i2c.o
    0x00003276   0x00003276   0x00000002   PAD
    0x00003278   0x00003278   0x0000008e   Code   RO          475    .text.I2C_Cmd       hc32f460_i2c.o
    0x00003306   0x00003306   0x00000002   PAD
    0x00003308   0x00003308   0x00000068   Code   RO          467    .text.I2C_DeInit    hc32f460_i2c.o
    0x00003370   0x00003370   0x00000138   Code   RO          493    .text.I2C_GetStatus  hc32f460_i2c.o
    0x000034a8   0x000034a8   0x00000150   Code   RO          469    .text.I2C_Init      hc32f460_i2c.o
    0x000035f8   0x000035f8   0x000000a4   Code   RO          499    .text.I2C_IntCmd    hc32f460_i2c.o
    0x0000369c   0x0000369c   0x00000058   Code   RO          503    .text.I2C_ReadData  hc32f460_i2c.o
    0x000036f4   0x000036f4   0x00000150   Code   RO          471    .text.I2C_SlaveAdr0Config  hc32f460_i2c.o
    0x00003844   0x00003844   0x00000060   Code   RO          501    .text.I2C_WriteData  hc32f460_i2c.o
    0x000038a4   0x000038a4   0x00000020   Code   RO          563    .text.IRQ000_Handler  hc32f460_interrupts.o
    0x000038c4   0x000038c4   0x00000020   Code   RO          565    .text.IRQ001_Handler  hc32f460_interrupts.o
    0x000038e4   0x000038e4   0x00000020   Code   RO          567    .text.IRQ002_Handler  hc32f460_interrupts.o
    0x00003904   0x00003904   0x00000020   Code   RO          569    .text.IRQ003_Handler  hc32f460_interrupts.o
    0x00003924   0x00003924   0x00000020   Code   RO          571    .text.IRQ004_Handler  hc32f460_interrupts.o
    0x00003944   0x00003944   0x00000020   Code   RO          573    .text.IRQ005_Handler  hc32f460_interrupts.o
    0x00003964   0x00003964   0x00000020   Code   RO          575    .text.IRQ006_Handler  hc32f460_interrupts.o
    0x00003984   0x00003984   0x00000020   Code   RO          577    .text.IRQ007_Handler  hc32f460_interrupts.o
    0x000039a4   0x000039a4   0x00000020   Code   RO          579    .text.IRQ008_Handler  hc32f460_interrupts.o
    0x000039c4   0x000039c4   0x00000020   Code   RO          581    .text.IRQ009_Handler  hc32f460_interrupts.o
    0x000039e4   0x000039e4   0x00000020   Code   RO          583    .text.IRQ010_Handler  hc32f460_interrupts.o
    0x00003a04   0x00003a04   0x00000020   Code   RO          585    .text.IRQ011_Handler  hc32f460_interrupts.o
    0x00003a24   0x00003a24   0x00000020   Code   RO          587    .text.IRQ012_Handler  hc32f460_interrupts.o
    0x00003a44   0x00003a44   0x00000020   Code   RO          589    .text.IRQ013_Handler  hc32f460_interrupts.o
    0x00003a64   0x00003a64   0x00000020   Code   RO          591    .text.IRQ014_Handler  hc32f460_interrupts.o
    0x00003a84   0x00003a84   0x00000020   Code   RO          593    .text.IRQ015_Handler  hc32f460_interrupts.o
    0x00003aa4   0x00003aa4   0x00000020   Code   RO          595    .text.IRQ016_Handler  hc32f460_interrupts.o
    0x00003ac4   0x00003ac4   0x00000020   Code   RO          597    .text.IRQ017_Handler  hc32f460_interrupts.o
    0x00003ae4   0x00003ae4   0x00000020   Code   RO          599    .text.IRQ018_Handler  hc32f460_interrupts.o
    0x00003b04   0x00003b04   0x00000020   Code   RO          601    .text.IRQ019_Handler  hc32f460_interrupts.o
    0x00003b24   0x00003b24   0x00000020   Code   RO          603    .text.IRQ020_Handler  hc32f460_interrupts.o
    0x00003b44   0x00003b44   0x00000020   Code   RO          605    .text.IRQ021_Handler  hc32f460_interrupts.o
    0x00003b64   0x00003b64   0x00000020   Code   RO          607    .text.IRQ022_Handler  hc32f460_interrupts.o
    0x00003b84   0x00003b84   0x00000020   Code   RO          609    .text.IRQ023_Handler  hc32f460_interrupts.o
    0x00003ba4   0x00003ba4   0x00000020   Code   RO          611    .text.IRQ024_Handler  hc32f460_interrupts.o
    0x00003bc4   0x00003bc4   0x00000020   Code   RO          613    .text.IRQ025_Handler  hc32f460_interrupts.o
    0x00003be4   0x00003be4   0x00000020   Code   RO          615    .text.IRQ026_Handler  hc32f460_interrupts.o
    0x00003c04   0x00003c04   0x00000020   Code   RO          617    .text.IRQ027_Handler  hc32f460_interrupts.o
    0x00003c24   0x00003c24   0x00000020   Code   RO          619    .text.IRQ028_Handler  hc32f460_interrupts.o
    0x00003c44   0x00003c44   0x00000020   Code   RO          621    .text.IRQ029_Handler  hc32f460_interrupts.o
    0x00003c64   0x00003c64   0x00000020   Code   RO          623    .text.IRQ030_Handler  hc32f460_interrupts.o
    0x00003c84   0x00003c84   0x00000020   Code   RO          625    .text.IRQ031_Handler  hc32f460_interrupts.o
    0x00003ca4   0x00003ca4   0x00000024   Code   RO          627    .text.IRQ032_Handler  hc32f460_interrupts.o
    0x00003cc8   0x00003cc8   0x00000024   Code   RO          629    .text.IRQ033_Handler  hc32f460_interrupts.o
    0x00003cec   0x00003cec   0x00000024   Code   RO          631    .text.IRQ034_Handler  hc32f460_interrupts.o
    0x00003d10   0x00003d10   0x00000024   Code   RO          633    .text.IRQ035_Handler  hc32f460_interrupts.o
    0x00003d34   0x00003d34   0x00000024   Code   RO          635    .text.IRQ036_Handler  hc32f460_interrupts.o
    0x00003d58   0x00003d58   0x00000024   Code   RO          637    .text.IRQ037_Handler  hc32f460_interrupts.o
    0x00003d7c   0x00003d7c   0x00000024   Code   RO          639    .text.IRQ038_Handler  hc32f460_interrupts.o
    0x00003da0   0x00003da0   0x00000024   Code   RO          641    .text.IRQ039_Handler  hc32f460_interrupts.o
    0x00003dc4   0x00003dc4   0x00000024   Code   RO          643    .text.IRQ040_Handler  hc32f460_interrupts.o
    0x00003de8   0x00003de8   0x00000024   Code   RO          645    .text.IRQ041_Handler  hc32f460_interrupts.o
    0x00003e0c   0x00003e0c   0x00000024   Code   RO          647    .text.IRQ042_Handler  hc32f460_interrupts.o
    0x00003e30   0x00003e30   0x00000024   Code   RO          649    .text.IRQ043_Handler  hc32f460_interrupts.o
    0x00003e54   0x00003e54   0x00000024   Code   RO          651    .text.IRQ044_Handler  hc32f460_interrupts.o
    0x00003e78   0x00003e78   0x00000024   Code   RO          653    .text.IRQ045_Handler  hc32f460_interrupts.o
    0x00003e9c   0x00003e9c   0x00000024   Code   RO          655    .text.IRQ046_Handler  hc32f460_interrupts.o
    0x00003ec0   0x00003ec0   0x00000024   Code   RO          657    .text.IRQ047_Handler  hc32f460_interrupts.o
    0x00003ee4   0x00003ee4   0x00000024   Code   RO          659    .text.IRQ048_Handler  hc32f460_interrupts.o
    0x00003f08   0x00003f08   0x00000024   Code   RO          661    .text.IRQ049_Handler  hc32f460_interrupts.o
    0x00003f2c   0x00003f2c   0x00000024   Code   RO          663    .text.IRQ050_Handler  hc32f460_interrupts.o
    0x00003f50   0x00003f50   0x00000024   Code   RO          665    .text.IRQ051_Handler  hc32f460_interrupts.o
    0x00003f74   0x00003f74   0x00000024   Code   RO          667    .text.IRQ052_Handler  hc32f460_interrupts.o
    0x00003f98   0x00003f98   0x00000024   Code   RO          669    .text.IRQ053_Handler  hc32f460_interrupts.o
    0x00003fbc   0x00003fbc   0x00000024   Code   RO          671    .text.IRQ054_Handler  hc32f460_interrupts.o
    0x00003fe0   0x00003fe0   0x00000024   Code   RO          673    .text.IRQ055_Handler  hc32f460_interrupts.o
    0x00004004   0x00004004   0x00000024   Code   RO          675    .text.IRQ056_Handler  hc32f460_interrupts.o
    0x00004028   0x00004028   0x00000024   Code   RO          677    .text.IRQ057_Handler  hc32f460_interrupts.o
    0x0000404c   0x0000404c   0x00000024   Code   RO          679    .text.IRQ058_Handler  hc32f460_interrupts.o
    0x00004070   0x00004070   0x00000024   Code   RO          681    .text.IRQ059_Handler  hc32f460_interrupts.o
    0x00004094   0x00004094   0x00000024   Code   RO          683    .text.IRQ060_Handler  hc32f460_interrupts.o
    0x000040b8   0x000040b8   0x00000024   Code   RO          685    .text.IRQ061_Handler  hc32f460_interrupts.o
    0x000040dc   0x000040dc   0x00000024   Code   RO          687    .text.IRQ062_Handler  hc32f460_interrupts.o
    0x00004100   0x00004100   0x00000024   Code   RO          689    .text.IRQ063_Handler  hc32f460_interrupts.o
    0x00004124   0x00004124   0x00000024   Code   RO          691    .text.IRQ064_Handler  hc32f460_interrupts.o
    0x00004148   0x00004148   0x00000024   Code   RO          693    .text.IRQ065_Handler  hc32f460_interrupts.o
    0x0000416c   0x0000416c   0x00000024   Code   RO          695    .text.IRQ066_Handler  hc32f460_interrupts.o
    0x00004190   0x00004190   0x00000024   Code   RO          697    .text.IRQ067_Handler  hc32f460_interrupts.o
    0x000041b4   0x000041b4   0x00000024   Code   RO          699    .text.IRQ068_Handler  hc32f460_interrupts.o
    0x000041d8   0x000041d8   0x00000024   Code   RO          701    .text.IRQ069_Handler  hc32f460_interrupts.o
    0x000041fc   0x000041fc   0x00000024   Code   RO          703    .text.IRQ070_Handler  hc32f460_interrupts.o
    0x00004220   0x00004220   0x00000024   Code   RO          705    .text.IRQ071_Handler  hc32f460_interrupts.o
    0x00004244   0x00004244   0x00000024   Code   RO          707    .text.IRQ072_Handler  hc32f460_interrupts.o
    0x00004268   0x00004268   0x00000024   Code   RO          709    .text.IRQ073_Handler  hc32f460_interrupts.o
    0x0000428c   0x0000428c   0x00000024   Code   RO          711    .text.IRQ074_Handler  hc32f460_interrupts.o
    0x000042b0   0x000042b0   0x00000024   Code   RO          713    .text.IRQ075_Handler  hc32f460_interrupts.o
    0x000042d4   0x000042d4   0x00000024   Code   RO          715    .text.IRQ076_Handler  hc32f460_interrupts.o
    0x000042f8   0x000042f8   0x00000024   Code   RO          717    .text.IRQ077_Handler  hc32f460_interrupts.o
    0x0000431c   0x0000431c   0x00000024   Code   RO          719    .text.IRQ078_Handler  hc32f460_interrupts.o
    0x00004340   0x00004340   0x00000024   Code   RO          721    .text.IRQ079_Handler  hc32f460_interrupts.o
    0x00004364   0x00004364   0x00000024   Code   RO          723    .text.IRQ080_Handler  hc32f460_interrupts.o
    0x00004388   0x00004388   0x00000024   Code   RO          725    .text.IRQ081_Handler  hc32f460_interrupts.o
    0x000043ac   0x000043ac   0x00000024   Code   RO          727    .text.IRQ082_Handler  hc32f460_interrupts.o
    0x000043d0   0x000043d0   0x00000024   Code   RO          729    .text.IRQ083_Handler  hc32f460_interrupts.o
    0x000043f4   0x000043f4   0x00000024   Code   RO          731    .text.IRQ084_Handler  hc32f460_interrupts.o
    0x00004418   0x00004418   0x00000024   Code   RO          733    .text.IRQ085_Handler  hc32f460_interrupts.o
    0x0000443c   0x0000443c   0x00000024   Code   RO          735    .text.IRQ086_Handler  hc32f460_interrupts.o
    0x00004460   0x00004460   0x00000024   Code   RO          737    .text.IRQ087_Handler  hc32f460_interrupts.o
    0x00004484   0x00004484   0x00000024   Code   RO          739    .text.IRQ088_Handler  hc32f460_interrupts.o
    0x000044a8   0x000044a8   0x00000024   Code   RO          741    .text.IRQ089_Handler  hc32f460_interrupts.o
    0x000044cc   0x000044cc   0x00000024   Code   RO          743    .text.IRQ090_Handler  hc32f460_interrupts.o
    0x000044f0   0x000044f0   0x00000024   Code   RO          745    .text.IRQ091_Handler  hc32f460_interrupts.o
    0x00004514   0x00004514   0x00000024   Code   RO          747    .text.IRQ092_Handler  hc32f460_interrupts.o
    0x00004538   0x00004538   0x00000024   Code   RO          749    .text.IRQ093_Handler  hc32f460_interrupts.o
    0x0000455c   0x0000455c   0x00000024   Code   RO          751    .text.IRQ094_Handler  hc32f460_interrupts.o
    0x00004580   0x00004580   0x00000024   Code   RO          753    .text.IRQ095_Handler  hc32f460_interrupts.o
    0x000045a4   0x000045a4   0x00000024   Code   RO          755    .text.IRQ096_Handler  hc32f460_interrupts.o
    0x000045c8   0x000045c8   0x00000024   Code   RO          757    .text.IRQ097_Handler  hc32f460_interrupts.o
    0x000045ec   0x000045ec   0x00000024   Code   RO          759    .text.IRQ098_Handler  hc32f460_interrupts.o
    0x00004610   0x00004610   0x00000024   Code   RO          761    .text.IRQ099_Handler  hc32f460_interrupts.o
    0x00004634   0x00004634   0x00000024   Code   RO          763    .text.IRQ100_Handler  hc32f460_interrupts.o
    0x00004658   0x00004658   0x00000024   Code   RO          765    .text.IRQ101_Handler  hc32f460_interrupts.o
    0x0000467c   0x0000467c   0x00000024   Code   RO          767    .text.IRQ102_Handler  hc32f460_interrupts.o
    0x000046a0   0x000046a0   0x00000024   Code   RO          769    .text.IRQ103_Handler  hc32f460_interrupts.o
    0x000046c4   0x000046c4   0x00000024   Code   RO          771    .text.IRQ104_Handler  hc32f460_interrupts.o
    0x000046e8   0x000046e8   0x00000024   Code   RO          773    .text.IRQ105_Handler  hc32f460_interrupts.o
    0x0000470c   0x0000470c   0x00000024   Code   RO          775    .text.IRQ106_Handler  hc32f460_interrupts.o
    0x00004730   0x00004730   0x00000024   Code   RO          777    .text.IRQ107_Handler  hc32f460_interrupts.o
    0x00004754   0x00004754   0x00000024   Code   RO          779    .text.IRQ108_Handler  hc32f460_interrupts.o
    0x00004778   0x00004778   0x00000024   Code   RO          781    .text.IRQ109_Handler  hc32f460_interrupts.o
    0x0000479c   0x0000479c   0x00000024   Code   RO          783    .text.IRQ110_Handler  hc32f460_interrupts.o
    0x000047c0   0x000047c0   0x00000024   Code   RO          785    .text.IRQ111_Handler  hc32f460_interrupts.o
    0x000047e4   0x000047e4   0x00000024   Code   RO          787    .text.IRQ112_Handler  hc32f460_interrupts.o
    0x00004808   0x00004808   0x00000024   Code   RO          789    .text.IRQ113_Handler  hc32f460_interrupts.o
    0x0000482c   0x0000482c   0x00000024   Code   RO          791    .text.IRQ114_Handler  hc32f460_interrupts.o
    0x00004850   0x00004850   0x00000024   Code   RO          793    .text.IRQ115_Handler  hc32f460_interrupts.o
    0x00004874   0x00004874   0x00000024   Code   RO          795    .text.IRQ116_Handler  hc32f460_interrupts.o
    0x00004898   0x00004898   0x00000024   Code   RO          797    .text.IRQ117_Handler  hc32f460_interrupts.o
    0x000048bc   0x000048bc   0x00000024   Code   RO          799    .text.IRQ118_Handler  hc32f460_interrupts.o
    0x000048e0   0x000048e0   0x00000024   Code   RO          801    .text.IRQ119_Handler  hc32f460_interrupts.o
    0x00004904   0x00004904   0x00000024   Code   RO          803    .text.IRQ120_Handler  hc32f460_interrupts.o
    0x00004928   0x00004928   0x00000024   Code   RO          805    .text.IRQ121_Handler  hc32f460_interrupts.o
    0x0000494c   0x0000494c   0x00000024   Code   RO          807    .text.IRQ122_Handler  hc32f460_interrupts.o
    0x00004970   0x00004970   0x00000024   Code   RO          809    .text.IRQ123_Handler  hc32f460_interrupts.o
    0x00004994   0x00004994   0x00000024   Code   RO          811    .text.IRQ124_Handler  hc32f460_interrupts.o
    0x000049b8   0x000049b8   0x00000024   Code   RO          813    .text.IRQ125_Handler  hc32f460_interrupts.o
    0x000049dc   0x000049dc   0x00000024   Code   RO          815    .text.IRQ126_Handler  hc32f460_interrupts.o
    0x00004a00   0x00004a00   0x00000024   Code   RO          817    .text.IRQ127_Handler  hc32f460_interrupts.o
    0x00004a24   0x00004a24   0x00000042   Code   RO          240    .text.LL_PERIPH_WE  hc32_ddl.o
    0x00004a66   0x00004a66   0x00000002   PAD
    0x00004a68   0x00004a68   0x00000008   Code   RO          555    .text.MemManage_Handler  hc32f460_interrupts.o
    0x00004a70   0x00004a70   0x00000008   Code   RO          553    .text.NMI_Handler   hc32f460_interrupts.o
    0x00004a78   0x00004a78   0x00000322   Code   RO          415    .text.PORT_Init     hc32f460_gpio.o
    0x00004d9a   0x00004d9a   0x00000002   PAD
    0x00004d9c   0x00004d9c   0x00000010   Code   RO          419    .text.PORT_Lock     hc32f460_gpio.o
    0x00004dac   0x00004dac   0x00000082   Code   RO          439    .text.PORT_ResetBits  hc32f460_gpio.o
    0x00004e2e   0x00004e2e   0x00000002   PAD
    0x00004e30   0x00004e30   0x00000082   Code   RO          437    .text.PORT_SetBits  hc32f460_gpio.o
    0x00004eb2   0x00004eb2   0x00000002   PAD
    0x00004eb4   0x00004eb4   0x00000174   Code   RO          445    .text.PORT_SetFunc  hc32f460_gpio.o
    0x00005028   0x00005028   0x00000082   Code   RO          441    .text.PORT_Toggle   hc32f460_gpio.o
    0x000050aa   0x000050aa   0x00000002   PAD
    0x000050ac   0x000050ac   0x00000010   Code   RO          417    .text.PORT_Unlock   hc32f460_gpio.o
    0x000050bc   0x000050bc   0x000000b4   Code   RO         1093    .text.PWC_Fcg0PeriphClockCmd  hc32f460_pwc.o
    0x00005170   0x00005170   0x00000094   Code   RO         1095    .text.PWC_Fcg1PeriphClockCmd  hc32f460_pwc.o
    0x00005204   0x00005204   0x00000094   Code   RO         1097    .text.PWC_Fcg2PeriphClockCmd  hc32f460_pwc.o
    0x00005298   0x00005298   0x00000094   Code   RO         1099    .text.PWC_Fcg3PeriphClockCmd  hc32f460_pwc.o
    0x0000532c   0x0000532c   0x00000042   Code   RO         1157    .text.PWC_HS2HP     hc32f460_pwc.o
    0x0000536e   0x0000536e   0x00000002   PAD
    0x00005370   0x00005370   0x00000010   Code   RO         1051    .text.SRAM_CK_Disable  hc32f460_sram.o
    0x00005380   0x00005380   0x00000010   Code   RO         1053    .text.SRAM_CK_Enable  hc32f460_sram.o
    0x00005390   0x00005390   0x00000242   Code   RO         1059    .text.SRAM_Init     hc32f460_sram.o
    0x000055d2   0x000055d2   0x00000002   PAD
    0x000055d4   0x000055d4   0x00000010   Code   RO         1047    .text.SRAM_WT_Disable  hc32f460_sram.o
    0x000055e4   0x000055e4   0x00000010   Code   RO         1049    .text.SRAM_WT_Enable  hc32f460_sram.o
    0x000055f4   0x000055f4   0x000001c0   Code   RO          946    .text.SetUartBaudrate  hc32f460_usart.o
    0x000057b4   0x000057b4   0x00000052   Code   RO          965    .text.SysTick_Config  hc32f460_utility.o
    0x00005806   0x00005806   0x00000002   PAD
    0x00005808   0x00005808   0x00000022   Code   RO           23    .text.SysTick_Handler  board.o
    0x0000582a   0x0000582a   0x00000002   PAD
    0x0000582c   0x0000582c   0x0000005a   Code   RO          963    .text.SysTick_Init  hc32f460_utility.o
    0x00005886   0x00005886   0x00000002   PAD
    0x00005888   0x00005888   0x00000012   Code   RO          975    .text.SysTick_Resume  hc32f460_utility.o
    0x0000589a   0x0000589a   0x00000002   PAD
    0x0000589c   0x0000589c   0x0000016c   Code   RO          105    .text.SystemCoreClockUpdate  system_hc32f460.o
    0x00005a08   0x00005a08   0x00000036   Code   RO          103    .text.SystemInit    system_hc32f460.o
    0x00005a3e   0x00005a3e   0x00000002   PAD
    0x00005a40   0x00005a40   0x00000220   Code   RO         1183    .text.TIMERA_BaseInit  hc32f460_timera.o
    0x00005c60   0x00005c60   0x000000bc   Code   RO         1195    .text.TIMERA_Cmd    hc32f460_timera.o
    0x00005d1c   0x00005d1c   0x0000013a   Code   RO         1209    .text.TIMERA_CompareCmd  hc32f460_timera.o
    0x00005e56   0x00005e56   0x00000002   PAD
    0x00005e58   0x00005e58   0x000003ca   Code   RO         1197    .text.TIMERA_CompareInit  hc32f460_timera.o
    0x00006222   0x00006222   0x00000002   PAD
    0x00006224   0x00006224   0x000000b8   Code   RO          888    .text.USART_ClearStatus  hc32f460_usart.o
    0x000062dc   0x000062dc   0x00000078   Code   RO          884    .text.USART_DeInit  hc32f460_usart.o
    0x00006354   0x00006354   0x0000020c   Code   RO          890    .text.USART_FuncCmd  hc32f460_usart.o
    0x00006560   0x00006560   0x000000ce   Code   RO          886    .text.USART_GetStatus  hc32f460_usart.o
    0x0000662e   0x0000662e   0x00000002   PAD
    0x00006630   0x00006630   0x0000006a   Code   RO          938    .text.USART_RecData  hc32f460_usart.o
    0x0000669a   0x0000669a   0x00000002   PAD
    0x0000669c   0x0000669c   0x00000076   Code   RO          936    .text.USART_SendData  hc32f460_usart.o
    0x00006712   0x00006712   0x00000002   PAD
    0x00006714   0x00006714   0x0000032c   Code   RO          878    .text.USART_UART_Init  hc32f460_usart.o
    0x00006a40   0x00006a40   0x00000008   Code   RO          559    .text.UsageFault_Handler  hc32f460_interrupts.o
    0x00006a48   0x00006a48   0x00000096   Code   RO          948    .text.UsartGetClk   hc32f460_usart.o
    0x00006ade   0x00006ade   0x00000002   PAD
    0x00006ae0   0x00006ae0   0x00000008   Code   RO         2395    .text._GLOBAL__sub_I_Usart.cpp  usart.o
    0x00006ae8   0x00006ae8   0x00000008   Code   RO         2515    .text._GLOBAL__sub_I_Wire.cpp  wire.o
    0x00006af0   0x00006af0   0x00000050   Code   RO         2250    .text._Z12adc_adc_initPK12adc_device_t  adc.o
    0x00006b40   0x00006b40   0x0000003a   Code   RO         2273    .text._Z12irqn_aa_get_P4IRQn  irqn.o
    0x00006b7a   0x00006b7a   0x00000002   PAD
    0x00006b7c   0x00006b7c   0x00000022   Code   RO         2275    .text._Z15irqn_aa_resign_P4IRQn  irqn.o
    0x00006b9e   0x00006b9e   0x00000002   PAD
    0x00006ba0   0x00006ba0   0x000004da   Code   RO         1970    .text._Z16timera_pwm_startP15timera_config_tjjb  wiring_digital.o
    0x0000707a   0x0000707a   0x00000002   PAD
    0x0000707c   0x0000707c   0x00000032   Code   RO         2414    .text._Z16usart_irq_resignR24usart_interrupt_config_tPKc  usart.o
    0x000070ae   0x000070ae   0x00000002   PAD
    0x000070b0   0x000070b0   0x00000054   Code   RO         2412    .text._Z18usart_irq_registerR24usart_interrupt_config_tPKc  usart.o
    0x00007104   0x00007104   0x0000003c   Code   RO         2252    .text._Z19adc_channel_to_maskPK12adc_device_th  adc.o
    0x00007140   0x00007140   0x0000022c   Code   RO          179    .text._Z19i2cSlave_Initializev  hal_test.o
    0x0000736c   0x0000736c   0x000000da   Code   RO         1988    .text._Z19timera_n_to_clk_divt  wiring_digital.o
    0x00007446   0x00007446   0x00000002   PAD
    0x00007448   0x00007448   0x0000005a   Code   RO          195    .text._Z20I2C_Slave_Receive_ITv  hal_test.o
    0x000074a2   0x000074a2   0x00000002   PAD
    0x000074a4   0x000074a4   0x00000242   Code   RO         1940    .text._Z21timera_get_assignmentsRP15timera_config_tR17en_timera_channelR12en_port_func  wiring_analog.o
    0x000076e6   0x000076e6   0x00000002   PAD
    0x000076e8   0x000076e8   0x00000012   Code   RO         1986    .text._Z21timera_get_base_clockv  wiring_digital.o
    0x000076fa   0x000076fa   0x00000002   PAD
    0x000076fc   0x000076fc   0x00000012   Code   RO          197    .text._Z24i2cSlave_rxbuf_availablev  hal_test.o
    0x0000770e   0x0000770e   0x00000002   PAD
    0x00007710   0x00007710   0x0000013c   Code   RO         1946    .text._Z24timera_pwm_channel_startP15timera_config_t17en_timera_channelb  wiring_analog.o
    0x0000784c   0x0000784c   0x00000148   Code   RO         1948    .text._Z30timera_set_channel_active_flagP15timera_config_t17en_timera_channelb  wiring_analog.o
    0x00007994   0x00007994   0x00000016   Code   RO           37    .text._Z9boardInitv  initboard.o
    0x000079aa   0x000079aa   0x00000002   PAD
    0x000079ac   0x000079ac   0x000001ec   Code   RO          183    .text._ZL16I2C_EEI_Callbackv  hal_test.o
    0x00007b98   0x00007b98   0x00000060   Code   RO          191    .text._ZL16I2C_RXI_Callbackv  hal_test.o
    0x00007bf8   0x00007bf8   0x0000005a   Code   RO          193    .text._ZL16I2C_TEI_Callbackv  hal_test.o
    0x00007c52   0x00007c52   0x00000002   PAD
    0x00007c54   0x00007c54   0x00000030   Code   RO          189    .text._ZL16__NVIC_EnableIRQ4IRQn  hal_test.o
    0x00007c84   0x00007c84   0x00000030   Code   RO         2391    .text._ZL16__NVIC_EnableIRQ4IRQn  usart.o
    0x00007cb4   0x00007cb4   0x0000003e   Code   RO            4    .text._ZL16led_thread_entryPv  main.o
    0x00007cf2   0x00007cf2   0x00000002   PAD
    0x00007cf4   0x00007cf4   0x00000038   Code   RO         2393    .text._ZL17__NVIC_DisableIRQ4IRQn  usart.o
    0x00007d2c   0x00007d2c   0x0000003e   Code   RO          181    .text._ZL17i2cSlave_get_irqnv  hal_test.o
    0x00007d6a   0x00007d6a   0x00000002   PAD
    0x00007d6c   0x00007d6c   0x00000088   Code   RO         2461    .text._ZL18USART_rx_error_irqh  usart_config.o
    0x00007df4   0x00007df4   0x00000042   Code   RO          187    .text._ZL18__NVIC_SetPriority4IRQnj  hal_test.o
    0x00007e36   0x00007e36   0x00000002   PAD
    0x00007e38   0x00007e38   0x00000042   Code   RO         2387    .text._ZL18__NVIC_SetPriority4IRQnj  usart.o
    0x00007e7a   0x00007e7a   0x00000002   PAD
    0x00007e7c   0x00007e7c   0x0000000a   Code   RO         2429    .text._ZL19USARTx_rx_error_irqILh1EEvv  usart_config.o
    0x00007e86   0x00007e86   0x00000002   PAD
    0x00007e88   0x00007e88   0x0000000a   Code   RO         2437    .text._ZL19USARTx_rx_error_irqILh2EEvv  usart_config.o
    0x00007e92   0x00007e92   0x00000002   PAD
    0x00007e94   0x00007e94   0x0000000a   Code   RO         2445    .text._ZL19USARTx_rx_error_irqILh3EEvv  usart_config.o
    0x00007e9e   0x00007e9e   0x00000002   PAD
    0x00007ea0   0x00007ea0   0x0000000a   Code   RO         2453    .text._ZL19USARTx_rx_error_irqILh4EEvv  usart_config.o
    0x00007eaa   0x00007eaa   0x00000002   PAD
    0x00007eac   0x00007eac   0x0000003c   Code   RO         2465    .text._ZL21USART_tx_complete_irqh  usart_config.o
    0x00007ee8   0x00007ee8   0x0000000a   Code   RO         2433    .text._ZL22USARTx_tx_complete_irqILh1EEvv  usart_config.o
    0x00007ef2   0x00007ef2   0x00000002   PAD
    0x00007ef4   0x00007ef4   0x0000000a   Code   RO         2441    .text._ZL22USARTx_tx_complete_irqILh2EEvv  usart_config.o
    0x00007efe   0x00007efe   0x00000002   PAD
    0x00007f00   0x00007f00   0x0000000a   Code   RO         2449    .text._ZL22USARTx_tx_complete_irqILh3EEvv  usart_config.o
    0x00007f0a   0x00007f0a   0x00000002   PAD
    0x00007f0c   0x00007f0c   0x0000000a   Code   RO         2457    .text._ZL22USARTx_tx_complete_irqILh4EEvv  usart_config.o
    0x00007f16   0x00007f16   0x00000002   PAD
    0x00007f18   0x00007f18   0x00000030   Code   RO          185    .text._ZL22__NVIC_ClearPendingIRQ4IRQn  hal_test.o
    0x00007f48   0x00007f48   0x00000030   Code   RO         2389    .text._ZL22__NVIC_ClearPendingIRQ4IRQn  usart.o
    0x00007f78   0x00007f78   0x00000066   Code   RO         2463    .text._ZL25USART_tx_buffer_empty_irqh  usart_config.o
    0x00007fde   0x00007fde   0x00000002   PAD
    0x00007fe0   0x00007fe0   0x0000000a   Code   RO         2431    .text._ZL26USARTx_tx_buffer_empty_irqILh1EEvv  usart_config.o
    0x00007fea   0x00007fea   0x00000002   PAD
    0x00007fec   0x00007fec   0x0000000a   Code   RO         2439    .text._ZL26USARTx_tx_buffer_empty_irqILh2EEvv  usart_config.o
    0x00007ff6   0x00007ff6   0x00000002   PAD
    0x00007ff8   0x00007ff8   0x0000000a   Code   RO         2447    .text._ZL26USARTx_tx_buffer_empty_irqILh3EEvv  usart_config.o
    0x00008002   0x00008002   0x00000002   PAD
    0x00008004   0x00008004   0x0000000a   Code   RO         2455    .text._ZL26USARTx_tx_buffer_empty_irqILh4EEvv  usart_config.o
    0x0000800e   0x0000800e   0x00000002   PAD
    0x00008010   0x00008010   0x0000005e   Code   RO         2459    .text._ZL27USART_rx_data_available_irqh  usart_config.o
    0x0000806e   0x0000806e   0x00000002   PAD
    0x00008070   0x00008070   0x0000000a   Code   RO         2427    .text._ZL28USARTx_rx_data_available_irqILh1EEvv  usart_config.o
    0x0000807a   0x0000807a   0x00000002   PAD
    0x0000807c   0x0000807c   0x0000000a   Code   RO         2435    .text._ZL28USARTx_rx_data_available_irqILh2EEvv  usart_config.o
    0x00008086   0x00008086   0x00000002   PAD
    0x00008088   0x00008088   0x0000000a   Code   RO         2443    .text._ZL28USARTx_rx_data_available_irqILh3EEvv  usart_config.o
    0x00008092   0x00008092   0x00000002   PAD
    0x00008094   0x00008094   0x0000000a   Code   RO         2451    .text._ZL28USARTx_rx_data_available_irqILh4EEvv  usart_config.o
    0x0000809e   0x0000809e   0x00000002   PAD
    0x000080a0   0x000080a0   0x0000008a   Code   RO          231    .text._ZN10RingBufferIhE19_update_write_indexEj  hal_test.o
    0x0000812a   0x0000812a   0x00000002   PAD
    0x0000812c   0x0000812c   0x00000036   Code   RO          219    .text._ZN10RingBufferIhE3popERh  hal_test.o
    0x00008162   0x00008162   0x00000002   PAD
    0x00008164   0x00008164   0x00000062   Code   RO          235    .text._ZN10RingBufferIhE4_popEv  hal_test.o
    0x000081c6   0x000081c6   0x00000002   PAD
    0x000081c8   0x000081c8   0x00000028   Code   RO          221    .text._ZN10RingBufferIhE4pushEhb  hal_test.o
    0x000081f0   0x000081f0   0x0000004e   Code   RO          223    .text._ZN10RingBufferIhE4pushEhbRb  hal_test.o
    0x0000823e   0x0000823e   0x00000002   PAD
    0x00008240   0x00008240   0x00000020   Code   RO          227    .text._ZN10RingBufferIhE5_pushEh  hal_test.o
    0x00008260   0x00008260   0x00000012   Code   RO          237    .text._ZN10RingBufferIhE5clearEv  hal_test.o
    0x00008272   0x00008272   0x00000002   PAD
    0x00008274   0x00008274   0x0000003e   Code   RO          215    .text._ZN10RingBufferIhEC2Ej  hal_test.o
    0x000082b2   0x000082b2   0x00000002   PAD
    0x000082b4   0x000082b4   0x00000020   Code   RO         2410    .text._ZN10RingBufferIhED2Ev  usart.o
    0x000082d4   0x000082d4   0x00000012   Code   RO         2301    .text._ZN11IRQnManager14get_field_maskEj  irqn.o
    0x000082e6   0x000082e6   0x00000002   PAD
    0x000082e8   0x000082e8   0x0000000c   Code   RO         2299    .text._ZN11IRQnManager15get_field_indexEj  irqn.o
    0x000082f4   0x000082f4   0x00000030   Code   RO         2297    .text._ZN11IRQnManager17is_irqn_allocatedEj  irqn.o
    0x00008324   0x00008324   0x0000005c   Code   RO         2291    .text._ZN11IRQnManager19set_irqn_allocationEjb  irqn.o
    0x00008380   0x00008380   0x00000024   Code   RO         2293    .text._ZN11IRQnManager23translate_index_to_irqnEj  irqn.o
    0x000083a4   0x000083a4   0x0000002a   Code   RO         2295    .text._ZN11IRQnManager23translate_irqn_to_indexE4IRQn  irqn.o
    0x000083ce   0x000083ce   0x00000002   PAD
    0x000083d0   0x000083d0   0x000000a6   Code   RO         2289    .text._ZN11IRQnManager24find_next_available_irqnERj  irqn.o
    0x00008476   0x00008476   0x00000002   PAD
    0x00008478   0x00008478   0x00000020   Code   RO         2408    .text._ZN14HardwareSerialC2Ev  usart.o
    0x00008498   0x00008498   0x00000002   Code   RO          144    .text._ZN3hal4InitEv  hal.o
    0x0000849a   0x0000849a   0x00000002   PAD
    0x0000849c   0x0000849c   0x0000000a   Code   RO         1820    .text._ZN5Print17availableForWriteEv  print.o
    0x000084a6   0x000084a6   0x00000002   PAD
    0x000084a8   0x000084a8   0x00000008   Code   RO         1822    .text._ZN5Print5flushEv  print.o
    0x000084b0   0x000084b0   0x00000014   Code   RO         1750    .text._ZN5Print5printEPKc  print.o
    0x000084c4   0x000084c4   0x00000036   Code   RO         1814    .text._ZN5Print5writeEPKc  print.o
    0x000084fa   0x000084fa   0x00000002   PAD
    0x000084fc   0x000084fc   0x00000044   Code   RO         1746    .text._ZN5Print5writeEPKhj  print.o
    0x00008540   0x00008540   0x00000040   Code   RO         1798    .text._ZN5Print6printfEPKcz  print.o
    0x00008580   0x00008580   0x0000001a   Code   RO         2422    .text._ZN5PrintC2Ev  usart.o
    0x0000859a   0x0000859a   0x00000002   PAD
    0x0000859c   0x0000859c   0x00000026   Code   RO         2371    .text._ZN5Usart17availableForWriteEv  usart.o
    0x000085c2   0x000085c2   0x00000002   PAD
    0x000085c4   0x000085c4   0x00000132   Code   RO         2367    .text._ZN5Usart3endEv  usart.o
    0x000086f6   0x000086f6   0x00000002   PAD
    0x000086f8   0x000086f8   0x00000012   Code   RO         2373    .text._ZN5Usart4peekEv  usart.o
    0x0000870a   0x0000870a   0x00000002   PAD
    0x0000870c   0x0000870c   0x0000002c   Code   RO         2375    .text._ZN5Usart4readEv  usart.o
    0x00008738   0x00008738   0x00000082   Code   RO         2361    .text._ZN5Usart5beginEj  usart.o
    0x000087ba   0x000087ba   0x00000002   PAD
    0x000087bc   0x000087bc   0x00000172   Code   RO         2365    .text._ZN5Usart5beginEjPK19stc_usart_uart_initb  usart.o
    0x0000892e   0x0000892e   0x00000002   PAD
    0x00008930   0x00008930   0x000000d6   Code   RO         2363    .text._ZN5Usart5beginEjt  usart.o
    0x00008a06   0x00008a06   0x00000002   PAD
    0x00008a08   0x00008a08   0x0000002e   Code   RO         2377    .text._ZN5Usart5flushEv  usart.o
    0x00008a36   0x00008a36   0x00000002   PAD
    0x00008a38   0x00008a38   0x00000068   Code   RO         2379    .text._ZN5Usart5writeEh  usart.o
    0x00008aa0   0x00008aa0   0x00000012   Code   RO         2369    .text._ZN5Usart9availableEv  usart.o
    0x00008ab2   0x00008ab2   0x00000002   PAD
    0x00008ab4   0x00008ab4   0x000000b2   Code   RO         2357    .text._ZN5UsartC2EP14usart_config_tssjj  usart.o
    0x00008b66   0x00008b66   0x00000002   PAD
    0x00008b68   0x00008b68   0x0000005c   Code   RO         2359    .text._ZN5UsartD2Ev  usart.o
    0x00008bc4   0x00008bc4   0x0000000a   Code   RO         2418    .text._ZN5UsartcvbEv  usart.o
    0x00008bce   0x00008bce   0x00000002   PAD
    0x00008bd0   0x00008bd0   0x0000002a   Code   RO         2420    .text._ZN6StreamC2Ev  usart.o
    0x00008bfa   0x00008bfa   0x00000002   PAD
    0x00008bfc   0x00008bfc   0x0000002a   Code   RO         2495    .text._ZN7TwoWireC2EP23i2c_peripheral_config_tss  wire.o
    0x00008c26   0x00008c26   0x00000002   PAD
    0x00008c28   0x00008c28   0x0000002c   Code   RO         2416    .text._ZNK10RingBufferIhE4peekEv  usart.o
    0x00008c54   0x00008c54   0x0000000c   Code   RO          217    .text._ZNK10RingBufferIhE5countEv  hal_test.o
    0x00008c60   0x00008c60   0x00000028   Code   RO          225    .text._ZNK10RingBufferIhE6isFullEv  hal_test.o
    0x00008c88   0x00008c88   0x00000016   Code   RO          233    .text._ZNK10RingBufferIhE7isEmptyEv  hal_test.o
    0x00008c9e   0x00008c9e   0x00000002   PAD
    0x00008ca0   0x00008ca0   0x0000000c   Code   RO          229    .text._ZNK10RingBufferIhE8capacityEv  hal_test.o
    0x00008cac   0x00008cac   0x00000016   Code   RO         1909    .text._ZNK10pin_info_t8bit_maskEv  winterrupts.o
    0x00008cc2   0x00008cc2   0x00000002   PAD
    0x00008cc4   0x00008cc4   0x00000038   Code   RO         1936    .text._ZNK14pin_adc_info_t10get_deviceEv  wiring_analog.o
    0x00008cfc   0x00008cfc   0x00000010   Code   RO          131    .text._ZdaPv        new.o
    0x00008d0c   0x00008d0c   0x00000010   Code   RO          127    .text._ZdlPv        new.o
    0x00008d1c   0x00008d1c   0x00000010   Code   RO          129    .text._Znaj         new.o
    0x00008d2c   0x00008d2c   0x0000001e   Code   RO          125    .text._Znwj         new.o
    0x00008d4a   0x00008d4a   0x00000002   PAD
    0x00008d4c   0x00008d4c   0x00000042   Code   RO          979    .text.__NVIC_SetPriority  hc32f460_utility.o
    0x00008d8e   0x00008d8e   0x00000002   PAD
    0x00008d90   0x00008d90   0x00000004   Code   RO         1735    .text.__cxa_pure_virtual  abi.o
    0x00008d94   0x00008d94   0x00000046   Code   RO         2355    .text.__cxx_global_var_init  usart.o
    0x00008dda   0x00008dda   0x00000002   PAD
    0x00008ddc   0x00008ddc   0x0000001c   Code   RO         2493    .text.__cxx_global_var_init  wire.o
    0x00008df8   0x00008df8   0x00000008   Code   RO         2221    .text.__empty       yield.o
    0x00008e00   0x00008e00   0x0000007e   Code   RO         1465    .text.__rt_ffs      kservice.o
    0x00008e7e   0x00008e7e   0x00000002   PAD
    0x00008e80   0x00008e80   0x0000001c   Code   RO         1339    .text._has_defunct_thread  idle.o
    0x00008e9c   0x00008e9c   0x0000001c   Code   RO         2321    .text._panic        panic.o
    0x00008eb8   0x00008eb8   0x00000090   Code   RO         1561    .text._rt_scheduler_stack_check  scheduler.o
    0x00008f48   0x00008f48   0x000000e6   Code   RO         1602    .text._rt_thread_init  thread.o
    0x0000902e   0x0000902e   0x00000002   PAD
    0x00009030   0x00009030   0x00000068   Code   RO         1650    .text._rt_timer_init  timer.o
    0x00009098   0x00009098   0x00000030   Code   RO         1654    .text._rt_timer_remove  timer.o
    0x000090c8   0x000090c8   0x00000008   Code   RO           88    .text._sys_exit     syscalls.o
    0x000090d0   0x000090d0   0x00000026   Code   RO         1596    .text._thread_cleanup_execute  thread.o
    0x000090f6   0x000090f6   0x00000002   PAD
    0x000090f8   0x000090f8   0x00000008   Code   RO           90    .text._ttywrch      syscalls.o
    0x00009100   0x00009100   0x00000074   Code   RO         2229    .text.adc_device_init  adc.o
    0x00009174   0x00009174   0x000000ac   Code   RO         2233    .text.adc_disable_channel  adc.o
    0x00009220   0x00009220   0x000000e4   Code   RO         2231    .text.adc_enable_channel  adc.o
    0x00009304   0x00009304   0x000000ee   Code   RO           78    .text.clock_init    sysclock.o
    0x000093f2   0x000093f2   0x00000002   PAD
    0x000093f4   0x000093f4   0x0000000c   Code   RO           46    .text.delay_init    delay.o
    0x00009400   0x00009400   0x00000044   Code   RO         1959    .text.digitalToggle  wiring_digital.o
    0x00009444   0x00009444   0x00000058   Code   RO         1955    .text.digitalWrite  wiring_digital.o
    0x0000949c   0x0000949c   0x00000052   Code   RO         1471    .text.divide        kservice.o
    0x000094ee   0x000094ee   0x00000002   PAD
    0x000094f0   0x000094f0   0x000000ce   Code   RO          533    .text.enIrqRegistration  hc32f460_interrupts.o
    0x000095be   0x000095be   0x00000002   PAD
    0x000095c0   0x000095c0   0x00000062   Code   RO          535    .text.enIrqResign   hc32f460_interrupts.o
    0x00009622   0x00009622   0x00000002   PAD
    0x00009624   0x00009624   0x00000014   Code   RO           92    .text.fputc         syscalls.o
    0x00009638   0x00009638   0x0000001a   Code   RO         2383    .text.io_putc       usart.o
    0x00009652   0x00009652   0x00000002   PAD
    0x00009654   0x00009654   0x00000058   Code   RO         2277    .text.irqn_aa_get   irqn.o
    0x000096ac   0x000096ac   0x00000028   Code   RO         2279    .text.irqn_aa_resign  irqn.o
    0x000096d4   0x000096d4   0x0000007e   Code   RO            2    .text.main          main.o
    0x00009752   0x00009752   0x00000002   PAD
    0x00009754   0x00009754   0x00000012   Code   RO         1320    .text.main_thread_entry  components.o
    0x00009766   0x00009766   0x00000002   PAD
    0x00009768   0x00009768   0x0000002c   Code   RO         2313    .text.panic_begin   panic.o
    0x00009794   0x00009794   0x00000004   Code   RO         2317    .text.panic_end     panic.o
    0x00009798   0x00009798   0x00000042   Code   RO         2319    .text.panic_printf  panic.o
    0x000097da   0x000097da   0x00000002   PAD
    0x000097dc   0x000097dc   0x00000018   Code   RO         2315    .text.panic_puts    panic.o
    0x000097f4   0x000097f4   0x00000198   Code   RO         1951    .text.pinMode       wiring_digital.o
    0x0000998c   0x0000998c   0x00000158   Code   RO         1495    .text.plug_holes    mem.o
    0x00009ae4   0x00009ae4   0x00000264   Code   RO         1449    .text.print_number  kservice.o
    0x00009d48   0x00009d48   0x00000052   Code   RO         1322    .text.rt_application_init  components.o
    0x00009d9a   0x00009d9a   0x00000002   PAD
    0x00009d9c   0x00009d9c   0x00000056   Code   RO         1469    .text.rt_assert_handler  kservice.o
    0x00009df2   0x00009df2   0x00000002   PAD
    0x00009df4   0x00009df4   0x00000034   Code   RO         1312    .text.rt_components_board_init  components.o
    0x00009e28   0x00009e28   0x00000034   Code   RO         1314    .text.rt_components_init  components.o
    0x00009e5c   0x00009e5c   0x00000022   Code   RO         1573    .text.rt_enter_critical  scheduler.o
    0x00009e7e   0x00009e7e   0x00000002   PAD
    0x00009e80   0x00009e80   0x00000056   Code   RO         1575    .text.rt_exit_critical  scheduler.o
    0x00009ed6   0x00009ed6   0x00000002   PAD
    0x00009ed8   0x00009ed8   0x000001d8   Code   RO         1493    .text.rt_free       mem.o
    0x0000a0b0   0x0000a0b0   0x0000000a   Code   RO           17    .text.rt_heap_begin_get  board.o
    0x0000a0ba   0x0000a0ba   0x00000002   PAD
    0x0000a0bc   0x0000a0bc   0x0000000e   Code   RO           19    .text.rt_heap_end_get  board.o
    0x0000a0ca   0x0000a0ca   0x00000002   PAD
    0x0000a0cc   0x0000a0cc   0x00000038   Code   RO           21    .text.rt_hw_board_init  board.o
    0x0000a104   0x0000a104   0x0000005c   Code   RO           25    .text.rt_hw_console_output  board.o
    0x0000a160   0x0000a160   0x00000188   Code   RO         1698    .text.rt_hw_hard_fault_exception  cpuport.o
    0x0000a2e8   0x0000a2e8   0x00000080   Code   RO         1694    .text.rt_hw_stack_init  cpuport.o
    0x0000a368   0x0000a368   0x00000026   Code   RO         1397    .text.rt_interrupt_enter  irq.o
    0x0000a38e   0x0000a38e   0x00000002   PAD
    0x0000a390   0x0000a390   0x00000026   Code   RO         1401    .text.rt_interrupt_get_nest  irq.o
    0x0000a3b6   0x0000a3b6   0x00000002   PAD
    0x0000a3b8   0x0000a3b8   0x00000026   Code   RO         1399    .text.rt_interrupt_leave  irq.o
    0x0000a3de   0x0000a3de   0x00000002   PAD
    0x0000a3e0   0x0000a3e0   0x0000001e   Code   RO         1381    .text.rt_ipc_list_resume  ipc.o
    0x0000a3fe   0x0000a3fe   0x00000002   PAD
    0x0000a400   0x0000a400   0x00000094   Code   RO         1373    .text.rt_ipc_list_suspend  ipc.o
    0x0000a494   0x0000a494   0x00000014   Code   RO         1361    .text.rt_ipc_object_init  ipc.o
    0x0000a4a8   0x0000a4a8   0x0000004c   Code   RO         1443    .text.rt_kprintf    kservice.o
    0x0000a4f4   0x0000a4f4   0x00000010   Code   RO         1385    .text.rt_list_init  ipc.o
    0x0000a504   0x0000a504   0x00000010   Code   RO         1555    .text.rt_list_init  scheduler.o
    0x0000a514   0x0000a514   0x00000010   Code   RO         1638    .text.rt_list_init  thread.o
    0x0000a524   0x0000a524   0x00000010   Code   RO         1670    .text.rt_list_init  timer.o
    0x0000a534   0x0000a534   0x00000026   Code   RO         1528    .text.rt_list_insert_after  object.o
    0x0000a55a   0x0000a55a   0x00000002   PAD
    0x0000a55c   0x0000a55c   0x00000026   Code   RO         1598    .text.rt_list_insert_after  thread.o
    0x0000a582   0x0000a582   0x00000002   PAD
    0x0000a584   0x0000a584   0x00000026   Code   RO         1662    .text.rt_list_insert_after  timer.o
    0x0000a5aa   0x0000a5aa   0x00000002   PAD
    0x0000a5ac   0x0000a5ac   0x00000026   Code   RO         1387    .text.rt_list_insert_before  ipc.o
    0x0000a5d2   0x0000a5d2   0x00000002   PAD
    0x0000a5d4   0x0000a5d4   0x00000026   Code   RO         1565    .text.rt_list_insert_before  scheduler.o
    0x0000a5fa   0x0000a5fa   0x00000002   PAD
    0x0000a5fc   0x0000a5fc   0x00000026   Code   RO         1620    .text.rt_list_insert_before  thread.o
    0x0000a622   0x0000a622   0x00000002   PAD
    0x0000a624   0x0000a624   0x00000014   Code   RO         1379    .text.rt_list_isempty  ipc.o
    0x0000a638   0x0000a638   0x00000014   Code   RO         1571    .text.rt_list_isempty  scheduler.o
    0x0000a64c   0x0000a64c   0x00000014   Code   RO         1672    .text.rt_list_isempty  timer.o
    0x0000a660   0x0000a660   0x00000020   Code   RO         1341    .text.rt_list_remove  idle.o
    0x0000a680   0x0000a680   0x00000020   Code   RO         1532    .text.rt_list_remove  object.o
    0x0000a6a0   0x0000a6a0   0x00000020   Code   RO         1569    .text.rt_list_remove  scheduler.o
    0x0000a6c0   0x0000a6c0   0x00000020   Code   RO         1618    .text.rt_list_remove  thread.o
    0x0000a6e0   0x0000a6e0   0x00000020   Code   RO         1674    .text.rt_list_remove  timer.o
    0x0000a700   0x0000a700   0x0000039a   Code   RO         1489    .text.rt_malloc     mem.o
    0x0000aa9a   0x0000aa9a   0x00000002   PAD
    0x0000aa9c   0x0000aa9c   0x000000b2   Code   RO         1417    .text.rt_memset     kservice.o
    0x0000ab4e   0x0000ab4e   0x00000002   PAD
    0x0000ab50   0x0000ab50   0x000000d6   Code   RO         1534    .text.rt_object_allocate  object.o
    0x0000ac26   0x0000ac26   0x00000002   PAD
    0x0000ac28   0x0000ac28   0x00000070   Code   RO         1536    .text.rt_object_delete  object.o
    0x0000ac98   0x0000ac98   0x00000044   Code   RO         1530    .text.rt_object_detach  object.o
    0x0000acdc   0x0000acdc   0x00000054   Code   RO         1520    .text.rt_object_get_information  object.o
    0x0000ad30   0x0000ad30   0x00000032   Code   RO         1540    .text.rt_object_get_type  object.o
    0x0000ad62   0x0000ad62   0x00000002   PAD
    0x0000ad64   0x0000ad64   0x000000c4   Code   RO         1526    .text.rt_object_init  object.o
    0x0000ae28   0x0000ae28   0x00000044   Code   RO         1538    .text.rt_object_is_systemobject  object.o
    0x0000ae6c   0x0000ae6c   0x000000bc   Code   RO         1559    .text.rt_schedule   scheduler.o
    0x0000af28   0x0000af28   0x00000074   Code   RO         1563    .text.rt_schedule_insert_thread  scheduler.o
    0x0000af9c   0x0000af9c   0x00000070   Code   RO         1567    .text.rt_schedule_remove_thread  scheduler.o
    0x0000b00c   0x0000b00c   0x00000072   Code   RO         1359    .text.rt_sem_init   ipc.o
    0x0000b07e   0x0000b07e   0x00000002   PAD
    0x0000b080   0x0000b080   0x000000bc   Code   RO         1377    .text.rt_sem_release  ipc.o
    0x0000b13c   0x0000b13c   0x00000174   Code   RO         1371    .text.rt_sem_take   ipc.o
    0x0000b2b0   0x0000b2b0   0x00000054   Code   RO         1441    .text.rt_show_version  kservice.o
    0x0000b304   0x0000b304   0x00000026   Code   RO         1427    .text.rt_strlen     kservice.o
    0x0000b32a   0x0000b32a   0x00000002   PAD
    0x0000b32c   0x0000b32c   0x0000005c   Code   RO         1431    .text.rt_strncpy    kservice.o
    0x0000b388   0x0000b388   0x0000014a   Code   RO         1487    .text.rt_system_heap_init  mem.o
    0x0000b4d2   0x0000b4d2   0x00000002   PAD
    0x0000b4d4   0x0000b4d4   0x00000070   Code   RO         1553    .text.rt_system_scheduler_init  scheduler.o
    0x0000b544   0x0000b544   0x00000040   Code   RO         1557    .text.rt_system_scheduler_start  scheduler.o
    0x0000b584   0x0000b584   0x00000030   Code   RO         1680    .text.rt_system_timer_init  timer.o
    0x0000b5b4   0x0000b5b4   0x00000002   Code   RO         1682    .text.rt_system_timer_thread_init  timer.o
    0x0000b5b6   0x0000b5b6   0x00000002   PAD
    0x0000b5b8   0x0000b5b8   0x0000007e   Code   RO         1612    .text.rt_thread_create  thread.o
    0x0000b636   0x0000b636   0x00000002   PAD
    0x0000b638   0x0000b638   0x00000068   Code   RO         1594    .text.rt_thread_exit  thread.o
    0x0000b6a0   0x0000b6a0   0x0000000e   Code   RO         1345    .text.rt_thread_idle_entry  idle.o
    0x0000b6ae   0x0000b6ae   0x00000002   PAD
    0x0000b6b0   0x0000b6b0   0x0000008c   Code   RO         1337    .text.rt_thread_idle_excute  idle.o
    0x0000b73c   0x0000b73c   0x00000048   Code   RO         1343    .text.rt_thread_idle_init  idle.o
    0x0000b784   0x0000b784   0x00000094   Code   RO         1600    .text.rt_thread_init  thread.o
    0x0000b818   0x0000b818   0x00000018   Code   RO         1630    .text.rt_thread_mdelay  thread.o
    0x0000b830   0x0000b830   0x0000009a   Code   RO         1608    .text.rt_thread_resume  thread.o
    0x0000b8ca   0x0000b8ca   0x00000002   PAD
    0x0000b8cc   0x0000b8cc   0x0000000c   Code   RO         1604    .text.rt_thread_self  thread.o
    0x0000b8d8   0x0000b8d8   0x0000009a   Code   RO         1622    .text.rt_thread_sleep  thread.o
    0x0000b972   0x0000b972   0x00000002   PAD
    0x0000b974   0x0000b974   0x000000ae   Code   RO         1606    .text.rt_thread_startup  thread.o
    0x0000ba22   0x0000ba22   0x00000002   PAD
    0x0000ba24   0x0000ba24   0x000000a2   Code   RO         1624    .text.rt_thread_suspend  thread.o
    0x0000bac6   0x0000bac6   0x00000002   PAD
    0x0000bac8   0x0000bac8   0x00000098   Code   RO         1634    .text.rt_thread_timeout  thread.o
    0x0000bb60   0x0000bb60   0x00000074   Code   RO         1616    .text.rt_thread_yield  thread.o
    0x0000bbd4   0x0000bbd4   0x00000062   Code   RO         1294    .text.rt_tick_from_millisecond  clock.o
    0x0000bc36   0x0000bc36   0x00000002   PAD
    0x0000bc38   0x0000bc38   0x0000000c   Code   RO         1288    .text.rt_tick_get   clock.o
    0x0000bc44   0x0000bc44   0x0000003c   Code   RO         1292    .text.rt_tick_increase  clock.o
    0x0000bc80   0x0000bc80   0x000000de   Code   RO         1668    .text.rt_timer_check  timer.o
    0x0000bd5e   0x0000bd5e   0x00000002   PAD
    0x0000bd60   0x0000bd60   0x000000c0   Code   RO         1666    .text.rt_timer_control  timer.o
    0x0000be20   0x0000be20   0x00000092   Code   RO         1652    .text.rt_timer_detach  timer.o
    0x0000beb2   0x0000beb2   0x00000002   PAD
    0x0000beb4   0x0000beb4   0x0000005c   Code   RO         1648    .text.rt_timer_init  timer.o
    0x0000bf10   0x0000bf10   0x000001b8   Code   RO         1660    .text.rt_timer_start  timer.o
    0x0000c0c8   0x0000c0c8   0x00000086   Code   RO         1664    .text.rt_timer_stop  timer.o
    0x0000c14e   0x0000c14e   0x00000002   PAD
    0x0000c150   0x0000c150   0x000005c8   Code   RO         1445    .text.rt_vsnprintf  kservice.o
    0x0000c718   0x0000c718   0x00000004   Code   RO         1308    .text.rti_board_end  components.o
    0x0000c71c   0x0000c71c   0x00000004   Code   RO         1306    .text.rti_board_start  components.o
    0x0000c720   0x0000c720   0x00000004   Code   RO         1310    .text.rti_end       components.o
    0x0000c724   0x0000c724   0x00000004   Code   RO         1304    .text.rti_start     components.o
    0x0000c728   0x0000c728   0x0000002a   Code   RO         1318    .text.rtthread_startup  components.o
    0x0000c752   0x0000c752   0x00000002   PAD
    0x0000c754   0x0000c754   0x00000038   Code   RO         1447    .text.skip_atoi     kservice.o
    0x0000c78c   0x0000c78c   0x00000010   Code   RO          140    .text.systick_handle  hal.o
    0x0000c79c   0x0000c79c   0x00000042   Code   RO           76    .text.update_system_clock_frequencies  sysclock.o
    0x0000c7de   0x0000c7de   0x00000002   PAD
    0x0000c7e0   0x0000c7e0   0x00000110   Code   RO         2479    .text.usart_sync_init  usart_sync.o
    0x0000c8f0   0x0000c8f0   0x00000032   Code   RO         2481    .text.usart_sync_putc  usart_sync.o
    0x0000c922   0x0000c922   0x00000002   PAD
    0x0000c924   0x0000c924   0x0000003c   Code   RO         2483    .text.usart_sync_write  usart_sync.o
    0x0000c960   0x0000c960   0x0000003e   Code   RO         3046    CL$$btod_d2e        c_w.l(btod.o)
    0x0000c99e   0x0000c99e   0x00000046   Code   RO         3048    CL$$btod_d2e_denorm_low  c_w.l(btod.o)
    0x0000c9e4   0x0000c9e4   0x00000060   Code   RO         3047    CL$$btod_d2e_norm_op1  c_w.l(btod.o)
    0x0000ca44   0x0000ca44   0x00000338   Code   RO         3056    CL$$btod_div_common  c_w.l(btod.o)
    0x0000cd7c   0x0000cd7c   0x000000dc   Code   RO         3053    CL$$btod_e2e        c_w.l(btod.o)
    0x0000ce58   0x0000ce58   0x0000002a   Code   RO         3050    CL$$btod_ediv       c_w.l(btod.o)
    0x0000ce82   0x0000ce82   0x0000002a   Code   RO         3049    CL$$btod_emul       c_w.l(btod.o)
    0x0000ceac   0x0000ceac   0x00000244   Code   RO         3055    CL$$btod_mult_common  c_w.l(btod.o)
    0x0000d0f0   0x0000d0f0   0x00000030   Code   RO         3108    i.__ARM_fpclassify  m_wm.l(fpclassify.o)
    0x0000d120   0x0000d120   0x0000000e   Code   RO         2810    i._is_digit         c_w.l(__printf_wp.o)
    0x0000d12e   0x0000d12e   0x00000002   PAD
    0x0000d130   0x0000d130   0x0000002c   Code   RO         2848    locale$$code        c_w.l(lc_ctype_c.o)
    0x0000d15c   0x0000d15c   0x0000002c   Code   RO         3004    locale$$code        c_w.l(lc_numeric_c.o)
    0x0000d188   0x0000d188   0x0000000c   Code   RO         2923    x$fpl$dretinf       fz_wm.l(dretinf.o)
    0x0000d194   0x0000d194   0x00000056   Code   RO         2696    x$fpl$f2d           fz_wm.l(f2d.o)
    0x0000d1ea   0x0000d1ea   0x0000008c   Code   RO         2925    x$fpl$fnaninf       fz_wm.l(fnaninf.o)
    0x0000d276   0x0000d276   0x0000001a   Code   RO         3024    x$fpl$fpinit        fz_wm.l(fpinit.o)
    0x0000d290   0x0000d290   0x00000004   Code   RO         2929    x$fpl$printf1       fz_wm.l(printf1.o)
    0x0000d294   0x0000d294   0x00000004   Code   RO         2931    x$fpl$printf2       fz_wm.l(printf2.o)
    0x0000d298   0x0000d298   0x00000000   Code   RO         2937    x$fpl$usenofp       fz_wm.l(usenofp.o)
    0x0000d298   0x0000d298   0x00000008   Data   RO         2769    .constdata          c_w.l(_printf_wctomb.o)
    0x0000d2a0   0x0000d2a0   0x00000028   Data   RO         2798    .constdata          c_w.l(_printf_hex_int_ll_ptr.o)
    0x0000d2c8   0x0000d2c8   0x00000011   Data   RO         2818    .constdata          c_w.l(__printf_flags_ss_wp.o)
    0x0000d2d9   0x0000d2d9   0x00000026   Data   RO         2984    .constdata          c_w.l(_printf_fp_hex.o)
    0x0000d2ff   0x0000d2ff   0x00000001   PAD
    0x0000d300   0x0000d300   0x00000094   Data   RO         3044    .constdata          c_w.l(bigflt0.o)
    0x0000d394   0x0000d394   0x00000018   Data   RO         1928    .rodata..L__const._Z21timera_get_assignmentsRP15timera_config_tR17en_timera_channelR12en_port_func.UNIT_CONFIGS  wiring_analog.o
    0x0000d3ac   0x0000d3ac   0x000000f9   Data   RO         1729    .rodata.PIN_MAP     variant.o
    0x0000d4a5   0x0000d4a5   0x00000003   PAD
    0x0000d4a8   0x0000d4a8   0x00000034   Data   RO         2424    .rodata._ZTV14HardwareSerial  usart.o
    0x0000d4dc   0x0000d4dc   0x00000018   Data   RO         1801    .rodata._ZTV5Print  print.o
    0x0000d4f4   0x0000d4f4   0x00000034   Data   RO         2398    .rodata._ZTV5Usart  usart.o
    0x0000d528   0x0000d528   0x00000024   Data   RO         2425    .rodata._ZTV6Stream  usart.o
    0x0000d54c   0x0000d54c   0x00000100   Data   RO         1476    .rodata.__lowest_bit_bitmap  kservice.o
    0x0000d64c   0x0000d64c   0x00000011   Data   RO         1479    .rodata.print_number.large_digits  kservice.o
    0x0000d65d   0x0000d65d   0x00000011   Data   RO         1478    .rodata.print_number.small_digits  kservice.o
    0x0000d66e   0x0000d66e   0x0000003c   Data   RO            6    .rodata.str1.1      main.o
    0x0000d6aa   0x0000d6aa   0x00000199   Data   RO          208    .rodata.str1.1      hal_test.o
    0x0000d843   0x0000d843   0x00000021   Data   RO          325    .rodata.str1.1      hc32f460_adc.o
    0x0000d864   0x0000d864   0x00000021   Data   RO          407    .rodata.str1.1      hc32f460_clk.o
    0x0000d885   0x0000d885   0x00000022   Data   RO          449    .rodata.str1.1      hc32f460_gpio.o
    0x0000d8a7   0x0000d8a7   0x00000021   Data   RO          525    .rodata.str1.1      hc32f460_i2c.o
    0x0000d8c8   0x0000d8c8   0x00000028   Data   RO          820    .rodata.str1.1      hc32f460_interrupts.o
    0x0000d8f0   0x0000d8f0   0x00000023   Data   RO          950    .rodata.str1.1      hc32f460_usart.o
    0x0000d913   0x0000d913   0x00000021   Data   RO         1038    .rodata.str1.1      hc32f460_efm.o
    0x0000d934   0x0000d934   0x00000022   Data   RO         1063    .rodata.str1.1      hc32f460_sram.o
    0x0000d956   0x0000d956   0x00000021   Data   RO         1172    .rodata.str1.1      hc32f460_pwc.o
    0x0000d977   0x0000d977   0x00000024   Data   RO         1249    .rodata.str1.1      hc32f460_timera.o
    0x0000d99b   0x0000d99b   0x00000028   Data   RO         1328    .rodata.str1.1      components.o
    0x0000d9c3   0x0000d9c3   0x00000043   Data   RO         1349    .rodata.str1.1      idle.o
    0x0000da06   0x0000da06   0x00000166   Data   RO         1389    .rodata.str1.1      ipc.o
    0x0000db6c   0x0000db6c   0x000000cb   Data   RO         1474    .rodata.str1.1      kservice.o
    0x0000dc37   0x0000dc37   0x000002b0   Data   RO         1501    .rodata.str1.1      mem.o
    0x0000dee7   0x0000dee7   0x000000e0   Data   RO         1545    .rodata.str1.1      object.o
    0x0000dfc7   0x0000dfc7   0x000000af   Data   RO         1585    .rodata.str1.1      scheduler.o
    0x0000e076   0x0000e076   0x00000217   Data   RO         1640    .rodata.str1.1      thread.o
    0x0000e28d   0x0000e28d   0x0000012c   Data   RO         1684    .rodata.str1.1      timer.o
    0x0000e3b9   0x0000e3b9   0x00000135   Data   RO         1705    .rodata.str1.1      cpuport.o
    0x0000e4ee   0x0000e4ee   0x00000672   Data   RO         1885    .rodata.str1.1      winterrupts.o
    0x0000eb60   0x0000eb60   0x000008db   Data   RO         1926    .rodata.str1.1      wiring_analog.o
    0x0000f43b   0x0000f43b   0x00000af4   Data   RO         1961    .rodata.str1.1      wiring_digital.o
    0x0000ff2f   0x0000ff2f   0x0000044f   Data   RO         2243    .rodata.str1.1      adc.o
    0x0001037e   0x0001037e   0x00000155   Data   RO         2282    .rodata.str1.1      irqn.o
    0x000104d3   0x000104d3   0x00000028   Data   RO         2306    .rodata.str1.1      ddl_assert.o
    0x000104fb   0x000104fb   0x000003dc   Data   RO         2399    .rodata.str1.1      usart.o
    0x000108d7   0x000108d7   0x00000001   PAD
    0x000108d8   0x000108d8   0x00000004   Data   RO         1324    .rti_fn.0           components.o
    0x000108dc   0x000108dc   0x00000004   Data   RO         1325    .rti_fn.0.end       components.o
    0x000108e0   0x000108e0   0x00000004   Data   RO           39    .rti_fn.1           initboard.o
    0x000108e4   0x000108e4   0x00000004   Data   RO         1326    .rti_fn.1.end       components.o
    0x000108e8   0x000108e8   0x00000004   Data   RO         1327    .rti_fn.6.end       components.o
    0x000108ec   0x000108ec   0x00000020   Data   RO         3217    Region$$Table       anon$$obj.o
    0x0001090c   0x0001090c   0x00000110   Data   RO         2847    locale$$data        c_w.l(lc_ctype_c.o)
    0x00010a1c   0x00010a1c   0x0000001c   Data   RO         3003    locale$$data        c_w.l(lc_numeric_c.o)
    0x00010a38   0x00010a38   0x00000004   Data   RO         2401    .init_array         usart.o
    0x00010a3c   0x00010a38   0x00000004   Data   RO         2520    .init_array         wire.o
    0x00010a40   0x00010a38   0x00000000   Data   RO         2661    .init_array         c_w.l(init_aeabi.o)


    Execution Region RW_IRAM1 (Exec base: 0x1fff8000, Load base: 0x00010a40, Size: 0x0000a1a0, Max: 0x0002f000, ABSOLUTE, COMPRESSED[0x00000118])

    Exec Addr    Load Addr    Size         Type   Attr      Idx    E Section Name        Object

    0x1fff8000   COMPRESSED   0x00000004   Data   RW         3008    .data               c_w.l(cxa_finalize.o)
    0x1fff8004   COMPRESSED   0x00000004   Data   RW         3011    .data               c_w.l(atexit_init.o)
    0x1fff8008   COMPRESSED   0x00000010   Data   RW         2255    .data.ADC1_device   adc_config.o
    0x1fff8018   COMPRESSED   0x00000004   Data   RW          107    .data.HRC_VALUE     system_hc32f460.o
    0x1fff801c   COMPRESSED   0x0000000c   Data   RW         2517    .data.I2C2_config   wire.o
    0x1fff8028   COMPRESSED   0x00000001   Data   RW          207    .data.Slave_I2C_Mode  hal_test.o
    0x1fff8029   COMPRESSED   0x00000003   PAD
    0x1fff802c   COMPRESSED   0x00000004   Data   RW          108    .data.SystemCoreClock  system_hc32f460.o
    0x1fff8030   COMPRESSED   0x0000001c   Data   RW         2344    .data.TIMERA1_config  timera_config.o
    0x1fff804c   COMPRESSED   0x0000001c   Data   RW         2345    .data.TIMERA2_config  timera_config.o
    0x1fff8068   COMPRESSED   0x0000001c   Data   RW         2346    .data.TIMERA3_config  timera_config.o
    0x1fff8084   COMPRESSED   0x0000001c   Data   RW         2347    .data.TIMERA4_config  timera_config.o
    0x1fff80a0   COMPRESSED   0x0000001c   Data   RW         2348    .data.TIMERA5_config  timera_config.o
    0x1fff80bc   COMPRESSED   0x0000001c   Data   RW         2349    .data.TIMERA6_config  timera_config.o
    0x1fff80d8   COMPRESSED   0x00000038   Data   RW         2467    .data.USART1_config  usart_config.o
    0x1fff8110   COMPRESSED   0x00000038   Data   RW         2468    .data.USART2_config  usart_config.o
    0x1fff8148   COMPRESSED   0x00000038   Data   RW         2469    .data.USART3_config  usart_config.o
    0x1fff8180   COMPRESSED   0x00000038   Data   RW         2470    .data.USART4_config  usart_config.o
    0x1fff81b8   COMPRESSED   0x00000010   Data   RW         2471    .data.USARTx        usart_config.o
    0x1fff81c8   COMPRESSED   0x00000001   Data   RW            7    .data._ZL19led_thread_priority  main.o
    0x1fff81c9   COMPRESSED   0x00000003   PAD
    0x1fff81cc   COMPRESSED   0x00000030   Data   RW         1544    .data.rt_object_container  object.o
    0x1fff81fc   COMPRESSED   0x00000004   PAD
    0x1fff8200        -       0x00000060   Zero   RW         2943    .bss                c_w.l(libspace.o)
    0x1fff8260        -       0x00000004   Zero   RW          150    .bss.IIC_ERROR_COUNT  hal.o
    0x1fff8264        -       0x00000200   Zero   RW          819    .bss.IrqHandler     hc32f460_interrupts.o
    0x1fff8464        -       0x00000020   Zero   RW           80    .bss.SYSTEM_CLOCK_FREQUENCIES  sysclock.o
    0x1fff8484        -       0x0000002c   Zero   RW         2397    .bss.Serial1        usart.o
    0x1fff84b0        -       0x00000010   Zero   RW         2518    .bss.Wire           wire.o
    0x1fff84c0        -       0x00000004   Zero   RW            8    .bss._ZL10led_thread  main.o
    0x1fff84c4        -       0x00000100   Zero   RW         2324    .bss._ZL19panic_printf_buffer  panic.o
    0x1fff85c4        -       0x00000012   Zero   RW         2281    .bss._ZN11IRQnManager9bitfield_E  irqn.o
    0x1fff85d6   COMPRESSED   0x00000002   PAD
    0x1fff85d8        -       0x00000054   Zero   RW           94    .bss.__stdout       syscalls.o
    0x1fff862c        -       0x00000004   Zero   RW         1504    .bss.heap_end       mem.o
    0x1fff8630        -       0x00000004   Zero   RW         1503    .bss.heap_ptr       mem.o
    0x1fff8634        -       0x00000020   Zero   RW         1505    .bss.heap_sem       mem.o
    0x1fff8654        -       0x00000006   Zero   RW          205    .bss.i2cSlave_irqn_number  hal_test.o
    0x1fff865a   COMPRESSED   0x00000002   PAD
    0x1fff865c        -       0x00000004   Zero   RW          203    .bss.i2cSlave_rxBuffer  hal_test.o
    0x1fff8660        -       0x00000004   Zero   RW          204    .bss.i2cSlave_txBuffer  hal_test.o
    0x1fff8664        -       0x00000078   Zero   RW         1350    .bss.idle           idle.o
    0x1fff86dc        -       0x00000004   Zero   RW         1506    .bss.lfree          mem.o
    0x1fff86e0        -       0x00000004   Zero   RW          981    .bss.m_u32TickStep  hc32f460_utility.o
    0x1fff86e4        -       0x00000004   Zero   RW         1508    .bss.max_mem        mem.o
    0x1fff86e8        -       0x00000004   Zero   RW         1502    .bss.mem_size_aligned  mem.o
    0x1fff86ec        -       0x00000004   Zero   RW         1477    .bss.rt_assert_hook  kservice.o
    0x1fff86f0        -       0x00000001   Zero   RW         1582    .bss.rt_current_priority  scheduler.o
    0x1fff86f1   COMPRESSED   0x00000003   PAD
    0x1fff86f4        -       0x00000004   Zero   RW         1579    .bss.rt_current_thread  scheduler.o
    0x1fff86f8        -       0x00000004   Zero   RW         1704    .bss.rt_exception_hook  cpuport.o
    0x1fff86fc        -       0x00008000   Zero   RW           29    .bss.rt_heap        board.o
    0x200006fc        -       0x00000004   Zero   RW         1706    .bss.rt_interrupt_from_thread  cpuport.o
    0x20000700        -       0x00000001   Zero   RW         1403    .bss.rt_interrupt_nest  irq.o
    0x20000701   COMPRESSED   0x00000003   PAD
    0x20000704        -       0x00000004   Zero   RW         1707    .bss.rt_interrupt_to_thread  cpuport.o
    0x20000708        -       0x00000100   Zero   RW         1475    .bss.rt_kprintf.rt_log_buf  kservice.o
    0x20000808        -       0x00000002   Zero   RW         1580    .bss.rt_scheduler_lock_nest  scheduler.o
    0x2000080a   COMPRESSED   0x00000002   PAD
    0x2000080c        -       0x00000008   Zero   RW         1584    .bss.rt_thread_defunct  scheduler.o
    0x20000814        -       0x00000040   Zero   RW         1581    .bss.rt_thread_priority_table  scheduler.o
    0x20000854        -       0x00000004   Zero   RW         1583    .bss.rt_thread_ready_priority_group  scheduler.o
    0x20000858        -       0x00000100   Zero   RW         1351    .bss.rt_thread_stack  idle.o
    0x20000958        -       0x00000004   Zero   RW         1708    .bss.rt_thread_switch_interrupt_flag  cpuport.o
    0x2000095c        -       0x00000004   Zero   RW         1296    .bss.rt_tick        clock.o
    0x20000960        -       0x00000008   Zero   RW         1686    .bss.rt_timer_list  timer.o
    0x20000968        -       0x00000004   Zero   RW         1685    .bss.rt_timer_start.random_nr  timer.o
    0x2000096c        -       0x00000028   Zero   RW          206    .bss.stcI2cCom      hal_test.o
    0x20000994        -       0x00000004   Zero   RW           56    .bss.systick_ticks  delay.o
    0x20000998        -       0x00000004   Zero   RW         1507    .bss.used_mem       mem.o
    0x2000099c   COMPRESSED   0x00000004   PAD
    0x200009a0        -       0x00001000   Zero   RW          116    HEAP                startup_hc32f460.o
    0x200019a0        -       0x00000800   Zero   RW          115    STACK               startup_hc32f460.o


==============================================================================

Image component sizes


      Code (inc. data)   RO Data    RW Data    ZI Data      Debug   Object Name

         4          0          0          0          0       3627   abi.o
       656          0       1103          0          0      17907   adc.o
         0          0          0         16          0       7754   adc_config.o
       206          0          0          0      32768      17592   board.o
       170          0          0          0          4       2423   clock.o
       272          0         56          0          0       3125   components.o
       308         28          0          0          0        892   context_rvds.o
       520          0        309          0         16       3126   cpuport.o
        36          0         40          0          0        785   ddl_assert.o
        12          0          0          0          4       1555   delay.o
        18          0          0          0          4      20566   hal.o
      2172          0        409          1         54      36628   hal_test.o
        66          0          0          0          0        748   hc32_ddl.o
      1136          0         33          0          0      32166   hc32f460_adc.o
      2926         10         33          0          0      33317   hc32f460_clk.o
       242          0         33          0          0       9954   hc32f460_efm.o
      1596          0         34          0          0      23354   hc32f460_gpio.o
      2460          4         33          0          0      25494   hc32f460_i2c.o
      4824          0         40          0        512      39745   hc32f460_interrupts.o
       690          0         33          0          0      53507   hc32f460_pwc.o
       642          0         34          0          0       4582   hc32f460_sram.o
      2016          0         36          0          0      36292   hc32f460_timera.o
      2668         20         35          0          0      25540   hc32f460_usart.o
       326          0          0          0          4       6916   hc32f460_utility.o
       286          0         67          0        376       2892   idle.o
        22          0          4          0          0      17741   initboard.o
       946          0        358          0          0       5976   ipc.o
       114          0          0          0          1       1056   irq.o
       634          0        341          0         18      15513   irqn.o
      2910        168        493          0        260      11264   kservice.o
       188          0         60          1          4      18546   main.o
      2068          0        688          0         56       5187   mem.o
        78          0          0          0          0       5899   new.o
       862          0        224         48          0       5107   object.o
       166          0          0          0        256      11813   panic.o
       224          0         24          0          0      25744   print.o
       962          0        175          0         83       4657   scheduler.o
       128         42        640          0       6144        888   startup_hc32f460.o
        36          0          0          0         84       1136   syscalls.o
       304          0          0          0         32       3877   sysclock.o
       418          6          0          8          0      13186   system_hc32f460.o
      1718          0        535          0          0       7744   thread.o
      1534          6        300          0         12       6121   timer.o
         0          0          0        168          0      16057   timera_config.o
      2200          0       1132          0         44      37767   usart.o
       552          0          0        240          0      27039   usart_config.o
       382          0          0          0          0      14461   usart_sync.o
         0          0        249          0          0       7865   variant.o
       108          0       1650          0          0      27004   winterrupts.o
        78          0          4         12         16      25120   wire.o
      1278          0       2291          0          0      28773   wiring_analog.o
      2386          6       2804          0          0      30906   wiring_digital.o
         8          0          0          0          0        402   yield.o

    ----------------------------------------------------------------------
     44848        290      14336        500      40772     787336   Object Totals
         0          0         32          0          0          0   (incl. Generated)
       292          0          4          6         20          0   (incl. Padding)

    ----------------------------------------------------------------------

      Code (inc. data)   RO Data    RW Data    ZI Data      Debug   Library Member Name

        58          0          0          0          0          0   __dczerorl.o
         8          0          0          0          0         68   __main.o
       392          4         17          0          0         92   __printf_flags_ss_wp.o
        14          0          0          0          0         68   __printf_wp.o
         0          0          0          0          0          0   __rtentry.o
        12          0          0          0          0          0   __rtentry2.o
         6          0          0          0          0          0   __rtentry4.o
        94          8          0          0          0          0   __scatter.o
        28          0          0          0          0          0   __scatter_zi.o
        72          0          0          0          0         96   _c16rtomb.o
         6          0          0          0          0          0   _printf_a.o
         6          0          0          0          0          0   _printf_c.o
        44          0          0          0          0        108   _printf_char.o
        48          6          0          0          0         96   _printf_char_common.o
        36          4          0          0          0         80   _printf_char_file.o
        40          0          0          0          0         68   _printf_charcount.o
         6          0          0          0          0          0   _printf_d.o
       120         16          0          0          0         92   _printf_dec.o
         6          0          0          0          0          0   _printf_e.o
         6          0          0          0          0          0   _printf_f.o
      1052          0          0          0          0        148   _printf_fp_dec.o
       764          8         38          0          0        100   _printf_fp_hex.o
       128         16          0          0          0         84   _printf_fp_infnan.o
         6          0          0          0          0          0   _printf_g.o
       148          4         40          0          0        160   _printf_hex_int_ll_ptr.o
         6          0          0          0          0          0   _printf_i.o
       178          0          0          0          0         88   _printf_intcommon.o
        10          0          0          0          0          0   _printf_l.o
         6          0          0          0          0          0   _printf_lc.o
        10          0          0          0          0          0   _printf_ll.o
         6          0          0          0          0          0   _printf_lld.o
         6          0          0          0          0          0   _printf_lli.o
         6          0          0          0          0          0   _printf_llo.o
         6          0          0          0          0          0   _printf_llu.o
         6          0          0          0          0          0   _printf_llx.o
       124         16          0          0          0         92   _printf_longlong_dec.o
         6          0          0          0          0          0   _printf_ls.o
         6          0          0          0          0          0   _printf_n.o
         6          0          0          0          0          0   _printf_o.o
       112          8          0          0          0        124   _printf_oct_int_ll.o
         6          0          0          0          0          0   _printf_p.o
        78          0          0          0          0        108   _printf_pad.o
         0          0          0          0          0          0   _printf_percent.o
         4          0          0          0          0          0   _printf_percent_end.o
         6          0          0          0          0          0   _printf_s.o
        82          0          0          0          0         80   _printf_str.o
        36          0          0          0          0         84   _printf_truncate.o
         6          0          0          0          0          0   _printf_u.o
        44          0          0          0          0        108   _printf_wchar.o
       188          6          8          0          0         92   _printf_wctomb.o
         6          0          0          0          0          0   _printf_x.o
        16          0          0          0          0         68   _snputc.o
        72          8          0          0          0         84   aeabi_atexit.o
        12          6          0          4          0         68   atexit_init.o
       228          4        148          0          0         96   bigflt0.o
      1936        128          0          0          0        668   btod.o
        10          0          0          0          0         68   cxa_atexit.o
       100          8          0          4          0         88   cxa_finalize.o
        10          0          0          0          0         68   defsig_exit.o
        50          0          0          0          0         88   defsig_general.o
        80         58          0          0          0         76   defsig_rtmem_inner.o
        14          0          0          0          0         80   defsig_rtmem_outer.o
        18          0          0          0          0         80   exit.o
         8          0          0          0          0         68   ferror.o
        94          0          0          0          0         80   h1_alloc.o
        52          0          0          0          0         68   h1_extend.o
        78          0          0          0          0         80   h1_free.o
        12          0          0          0          0         84   h1_init.o
         6          0          0          0          0        152   heapauxi.o
         4          0          0          0          0        136   hguard.o
        44          8          0          0          0         80   init_aeabi.o
       138          0          0          0          0        168   init_alloc.o
        44         10        272          0          0         76   lc_ctype_c.o
        44         10         28          0          0         76   lc_numeric_c.o
         2          0          0          0          0          0   libinit.o
        50          0          0          0          0          0   libinit2.o
         2          0          0          0          0          0   libshutdown.o
         8          0          0          0          0          0   libshutdown2.o
         8          4          0          0         96         68   libspace.o
       116          0          0          0          0         84   llsdiv.o
       138          0          0          0          0         80   lludiv10.o
       240          0          0          0          0        100   lludivv7m.o
         0          0          0          0          0          0   maybetermalloc1.o
         4          0          0          0          0         68   mutex_dummy.o
        24          4          0          0          0         84   printf.o
        16          4          0          0          0         76   rt_ctype_table.o
         8          4          0          0          0         68   rt_ddtor_pointer_addr_intlibspace.o
         8          4          0          0          0         68   rt_heap_descriptor_intlibspace.o
         8          4          0          0          0         68   rt_locale_intlibspace.o
         2          0          0          0          0          0   rtexit.o
        10          0          0          0          0          0   rtexit2.o
       124          0          0          0          0         88   strcmpv7em.o
        62          0          0          0          0         76   strlen.o
        74          0          0          0          0         80   sys_stackheap_outer.o
         2          0          0          0          0         68   use_no_semi.o
         2          0          0          0          0         68   use_no_semi_2.o
        60          4          0          0          0         80   vsnprintf.o
        12          0          0          0          0        116   dretinf.o
        86          4          0          0          0        132   f2d.o
       140          4          0          0          0        132   fnaninf.o
        26          0          0          0          0        116   fpinit.o
         4          0          0          0          0        116   printf1.o
         4          0          0          0          0        116   printf2.o
         0          0          0          0          0          0   usenofp.o
        48          0          0          0          0        124   fpclassify.o

    ----------------------------------------------------------------------
      8424        372        552          8         96       6712   Library Totals
        16          0          1          0          0          0   (incl. Padding)

    ----------------------------------------------------------------------

      Code (inc. data)   RO Data    RW Data    ZI Data      Debug   Library Name

      8088        364        551          8         96       5860   c_w.l
       272          8          0          0          0        728   fz_wm.l
        48          0          0          0          0        124   m_wm.l

    ----------------------------------------------------------------------
      8424        372        552          8         96       6712   Library Totals

    ----------------------------------------------------------------------

==============================================================================


      Code (inc. data)   RO Data    RW Data    ZI Data      Debug   

     53272        662      14888        508      40868     789248   Grand Totals
     53272        662      14888        280      40868     789248   ELF Image Totals (compressed)
     53272        662      14888        280          0          0   ROM Totals

==============================================================================

    Total RO  Size (Code + RO Data)                68160 (  66.56kB)
    Total RW  Size (RW Data + ZI Data)             41376 (  40.41kB)
    Total ROM Size (Code + RO Data + RW Data)      68440 (  66.84kB)

==============================================================================

